Product: MDK-ARM Standard 5.10
Component: ARM Compiler 5.04 update 1 (build 49)
Tool: armlink [5040049]

==============================================================================

Section Cross References

    hello.o(i.functional_init) refers to uart_test.o(i.uart_init) for uart_init
    hello.o(i.functional_init) refers to adc_ctrl.o(i.adc_init) for adc_init
    hello.o(i.functional_init) refers to hello.o(i.gpio_init) for gpio_init
    hello.o(i.functional_init) refers to spi_test.o(i.FPGA_init) for FPGA_init
    hello.o(i.functional_init) refers to dac.o(i.dac_init) for dac_init
    hello.o(i.functional_init) refers to flash_rw.o(i.FLASH_Init) for FLASH_Init
    hello.o(i.functional_init) refers to flash_rw.o(i.FlexMemInit) for FlexMemInit
    hello.o(i.functional_init) refers to eeprom.o(i.EEPROM_init) for EEPROM_init
    hello.o(i.functional_init) refers to eeprom.o(i.readWorkMode) for readWorkMode
    hello.o(i.functional_init) refers to can_test.o(i.canInit_Task) for canInit_Task
    hello.o(i.functional_init) refers to can_test.o(i.Rx_Task) for Rx_Task
    hello.o(i.functional_init) refers to thermostat.o(i.InitTherm) for InitTherm
    hello.o(i.functional_init) refers to api.o(i.init_LD_para) for init_LD_para
    hello.o(i.functional_init) refers to adc_ctrl.o(i.ConReadADC) for ConReadADC
    hello.o(i.functional_init) refers to io_pntf.o(i._io_printf) for _io_printf
    hello.o(i.functional_init) refers to fpga_int.o(i.int_task) for int_task
    hello.o(i.functional_init) refers to ftm.o(i.FTM_PWM_QuickInit) for FTM_PWM_QuickInit
    hello.o(i.functional_init) refers to ftm.o(i.FTM_PWM_ChangeDuty) for FTM_PWM_ChangeDuty
    hello.o(i.functional_init) refers to api.o(.data) for work_mode
    hello.o(i.functional_init) refers to hello.o(.bss) for HW_ptr
    hello.o(i.functional_init) refers to hello.o(.data) for base_LDI_ADC
    hello.o(i.gpio_init) refers to gpio.o(i.GPIO_QuickInit) for GPIO_QuickInit
    hello.o(i.gpio_init) refers to gpio.o(i.GPIO_WriteBit) for GPIO_WriteBit
    hello.o(i.hello_task) refers to hello.o(i.functional_init) for functional_init
    hello.o(i.hello_task) refers to task.o(i._task_create) for _task_create
    hello.o(i.hello_task) refers to io_pntf.o(i._io_printf) for _io_printf
    hello.o(i.hello_task) refers to gs_protocol.o(i.debug_info_task) for debug_info_task
    hello.o(i.hello_task) refers to gpio.o(i.GPIO_ToggleBit) for GPIO_ToggleBit
    hello.o(i.hello_task) refers to time.o(i._time_delay) for _time_delay
    hello.o(i.module_ctrl_task) refers to hello.o(i.module_out) for module_out
    hello.o(i.module_ctrl_task) refers to hello.o(i.module_shut) for module_shut
    hello.o(i.module_ctrl_task) refers to time.o(i._time_delay) for _time_delay
    hello.o(i.module_out) refers to gpio.o(i.GPIO_ReadBit) for GPIO_ReadBit
    hello.o(i.module_out) refers to gpio.o(i.GPIO_WriteBit) for GPIO_WriteBit
    hello.o(i.module_out) refers to api.o(.data) for LD_para
    hello.o(i.module_shut) refers to adc_ctrl.o(i.ConReadADC) for ConReadADC
    hello.o(i.module_shut) refers to dflt_clz.o(x$fpl$dfltu) for __aeabi_ui2d
    hello.o(i.module_shut) refers to ddiv.o(x$fpl$ddiv) for __aeabi_ddiv
    hello.o(i.module_shut) refers to drleqf.o(x$fpl$drleqf) for __aeabi_cdrcmple
    hello.o(i.module_shut) refers to gpio.o(i.GPIO_WriteBit) for GPIO_WriteBit
    hello.o(i.module_shut) refers to gpio.o(i.GPIO_ReadBit) for GPIO_ReadBit
    hello.o(i.module_shut) refers to hello.o(.bss) for HW_ptr
    hello.o(i.module_shut) refers to api.o(.data) for work_mode
    hello.o(.constdata) refers to hello.o(i.hello_task) for hello_task
    hello.o(.constdata) refers to hello.o(.conststring) for .conststring
    hello.o(.constdata) refers to uart_test.o(i.uart_task) for uart_task
    hello.o(.constdata) refers to can_test.o(i.Rx_state_Task) for Rx_state_Task
    hello.o(.constdata) refers to can_test.o(i.Rx_reg_Task) for Rx_reg_Task
    hello.o(.constdata) refers to can_test.o(i.Tx_Task) for Tx_Task
    hello.o(.constdata) refers to gs_protocol.o(i.ProcessUARTMsg) for ProcessUARTMsg
    hello.o(.constdata) refers to thermostat.o(i.thermostat_task) for thermostat_task
    hello.o(.constdata) refers to hello.o(i.module_ctrl_task) for module_ctrl_task
    hello.o(.constdata) refers to api.o(i.CurCtrl_Task) for CurCtrl_Task
    spi_memory.o(i.memory_chip_erase) refers to spi_memory.o(i.memory_set_write_latch) for memory_set_write_latch
    spi_memory.o(i.memory_chip_erase) refers to spi_memory.o(i.memory_read_status) for memory_read_status
    spi_memory.o(i.memory_chip_erase) refers to io_pntf.o(i._io_printf) for _io_printf
    spi_memory.o(i.memory_chip_erase) refers to io_write.o(i._io_write) for _io_write
    spi_memory.o(i.memory_chip_erase) refers to io_fflsh.o(i._io_fflush) for _io_fflush
    spi_memory.o(i.memory_chip_erase) refers to time.o(i._time_delay) for _time_delay
[...]
    0x00002dc0   0x0000005c   Code   RO         1019    i.ConReadADC        adc_ctrl.o
    0x00002e1c   0x00000084   Code   RO         1783    i.CurCtrl_Task      api.o
    0x00002ea0   0x00000024   Code   RO         1897    i.DAC_GetBufferValue  dac.o
    0x00002ec4   0x00000254   Code   RO         1899    i.DAC_Init          dac.o
    0x00003118   0x00000038   Code   RO         1902    i.DAC_SetBufferValue  dac.o
    0x00003150   0x00000016   Code   RO          941    i.Delay             common_fun.o
    0x00003166   0x00000008   Code   RO         1428    i.EEPROM_init       eeprom.o
    0x0000316e   0x0000000e   Code   RO          816    i.EmptyQ            queue.o
    0x0000317c   0x00000036   Code   RO          817    i.Enqueue           queue.o
    0x000031b2   0x00000002   PAD
    0x000031b4   0x0000000c   Code   RO         1690    i.FLASH_Init        flash_rw.o
    0x000031c0   0x00000048   Code   RO         2927    i.FLEXCAN_Activate_mailbox  bsp.lib(kflexcan.o)
    0x00003208   0x00000080   Code   RO         3102    i.FLEXCAN_Error_int_enable  bsp.lib(kflexcan_int.o)
    0x00003288   0x00000288   Code   RO         2931    i.FLEXCAN_Initialize  bsp.lib(kflexcan.o)
    0x00003510   0x00000130   Code   RO         2932    i.FLEXCAN_Initialize_mailbox  bsp.lib(kflexcan.o)
    0x00003640   0x00000060   Code   RO         3103    i.FLEXCAN_Install_isr  bsp.lib(kflexcan_int.o)
    0x000036a0   0x00000054   Code   RO         3104    i.FLEXCAN_Install_isr_boff_int  bsp.lib(kflexcan_int.o)
    0x000036f4   0x00000054   Code   RO         3105    i.FLEXCAN_Install_isr_err_int  bsp.lib(kflexcan_int.o)
    0x00003748   0x00000064   Code   RO         3107    i.FLEXCAN_Int_disable  bsp.lib(kflexcan_int.o)
    0x000037ac   0x00000064   Code   RO         3108    i.FLEXCAN_Int_enable  bsp.lib(kflexcan_int.o)
    0x00003810   0x00000034   Code   RO         2933    i.FLEXCAN_Lock_mailbox  bsp.lib(kflexcan.o)
    0x00003844   0x00000254   Code   RO         2938    i.FLEXCAN_Rx_message  bsp.lib(kflexcan.o)
    0x00003a98   0x0000004c   Code   RO         2939    i.FLEXCAN_Select_clk  bsp.lib(kflexcan.o)
    0x00003ae4   0x000000c0   Code   RO         2940    i.FLEXCAN_Select_mode  bsp.lib(kflexcan.o)
    0x00003ba4   0x0000005c   Code   RO         2946    i.FLEXCAN_Set_global_stdmask  bsp.lib(kflexcan.o)
    0x00003c00   0x00000080   Code   RO         2947    i.FLEXCAN_Softreset  bsp.lib(kflexcan.o)
    0x00003c80   0x00000034   Code   RO         2948    i.FLEXCAN_Start     bsp.lib(kflexcan.o)
    0x00003cb4   0x000000a0   Code   RO         2949    i.FLEXCAN_Tx_mailbox  bsp.lib(kflexcan.o)
    0x00003d54   0x00000020   Code   RO         2952    i.FLEXCAN_Unlock_mailbox  bsp.lib(kflexcan.o)
    0x00003d74   0x000000c0   Code   RO         2953    i.FLEXCAN_Update_message  bsp.lib(kflexcan.o)
    0x00003e34   0x000001c4   Code   RO          729    i.FPGA_init         spi_test.o
    0x00003ff8   0x00000022   Code   RO          730    i.FPGA_reset        spi_test.o
    0x0000401a   0x00000002   PAD
    0x0000401c   0x000000b8   Code   RO         1061    i.FTM_DualChlConfig  ftm.o
    0x000040d4   0x0000009c   Code   RO         1066    i.FTM_PWM_ChangeDuty  ftm.o
    0x00004170   0x00000088   Code   RO         1067    i.FTM_PWM_InvertPolarity  ftm.o
    0x000041f8   0x00000148   Code   RO         1068    i.FTM_PWM_QuickInit  ftm.o
    0x00004340   0x00000474   Code   RO         1072    i.FTM_SetMode       ftm.o
    0x000047b4   0x00000040   Code   RO         1693    i.FlexMemInit       flash_rw.o
    0x000047f4   0x000000c4   Code   RO         1203    i.GPIO_Init         gpio.o
    0x000048b8   0x00000054   Code   RO         1204    i.GPIO_PinConfig    gpio.o
    0x0000490c   0x0000001e   Code   RO         1205    i.GPIO_QuickInit    gpio.o
    0x0000492a   0x00000002   PAD
    0x0000492c   0x00000038   Code   RO         1206    i.GPIO_ReadBit      gpio.o
    0x00004964   0x0000001c   Code   RO         1210    i.GPIO_ToggleBit    gpio.o
    0x00004980   0x00000050   Code   RO         1211    i.GPIO_WriteBit     gpio.o
    0x000049d0   0x00000010   Code   RO         2343    i.InitTherm         thermostat.o
    0x000049e0   0x00000002   Code   RO         5746    i.LDD_SetClockConfiguration  bsp.lib(bsp_cm.o)
    0x000049e2   0x0000000e   Code   RO         1784    i.LDstatus          api.o
    0x000049f0   0x00000024   Code   RO         1785    i.LDswitch          api.o
    0x00004a14   0x00000054   Code   RO         2406    i.MY_FLEXCAN_ISR    can_test.o
    0x00004a68   0x00000012   Code   RO          820    i.NEXT              queue.o
    0x00004a7a   0x00000002   Code   RO         5747    i.PE_low_level_init  bsp.lib(bsp_cm.o)
    0x00004a7c   0x00000058   Code   RO         1219    i.PORT_PinMuxConfig  gpio.o
    0x00004ad4   0x00000058   Code   RO         1220    i.PORT_PinOpenDrainConfig  gpio.o
    0x00004b2c   0x000000b0   Code   RO         1222    i.PORT_PinPullConfig  gpio.o
    0x00004bdc   0x00000260   Code   RO         2006    i.ProcessMsg        gs_protocol.o
    0x00004e3c   0x0000005c   Code   RO         2007    i.ProcessUARTMsg    gs_protocol.o
    0x00004e98   0x0000001c   Code   RO         1696    i.ReadFlexmem       flash_rw.o
    0x00004eb4   0x0000048c   Code   RO         2407    i.Rx_Task           can_test.o
    0x00005340   0x00000228   Code   RO         2409    i.Rx_reg_Task       can_test.o
    0x00005568   0x000001d4   Code   RO         2410    i.Rx_state_Task     can_test.o
    0x0000573c   0x00000014   Code   RO         2008    i.SendStr           gs_protocol.o
    0x00005750   0x000002d4   Code   RO         1786    i.SingleRead        api.o
    0x00005a24   0x0000020c   Code   RO         1787    i.SingleWrite       api.o
    0x00005c30   0x00000158   Code   RO         2485    i.SystemCoreClockUpdate  system_mk64f12.o
    0x00005d88   0x00000040   Code   RO         1788    i.TECswitch         api.o
    0x00005dc8   0x0000002c   Code   RO         1789    i.THOswitch         api.o
    0x00005df4   0x00000700   Code   RO         2411    i.Tx_Task           can_test.o
    0x000064f4   0x00000014   Code   RO         2009    i.UART_SendByte     gs_protocol.o
    0x00006508   0x00000030   Code   RO         1698    i.WriteFlexmem      flash_rw.o
    0x00006538   0x000000c0   Code   RO         1074    i._FTM_InitBasic    ftm.o
    0x000065f8   0x00000038   Code   RO         8347    i.__hardfp_atof     m_wm.l(atof.o)
    0x00006630   0x000000e0   Code   RO         8621    i.__hardfp_ldexp    m_wm.l(ldexp.o)
    0x00006710   0x000000d0   Code   RO         8353    i.__hardfp_modf     m_wm.l(modf.o)
    0x000067e0   0x00000020   Code   RO         8670    i.__mathlib_dbl_underflow  m_wm.l(dunder.o)
    0x00006800   0x000000b8   Code   RO         8567    i.__mathlib_narrow  m_wm.l(narrow.o)
    0x000068b8   0x00000098   Code   RO         5177    i.__psp_ticks_to_milliseconds  psp.lib(psp_tims.o)
    0x00006950   0x00000014   Code   RO         8623    i.__support_ldexp   m_wm.l(ldexp.o)
    0x00006964   0x000000dc   Code   RO         6083    i._adc_close        bsp.lib(adc.o)
    0x00006a40   0x00000068   Code   RO         7150    i._adc_hw_channel_deinit  bsp.lib(adc_kadc.o)
    0x00006aa8   0x00000114   Code   RO         7151    i._adc_hw_channel_init  bsp.lib(adc_kadc.o)
    0x00006bbc   0x0000001a   Code   RO         7152    i._adc_hw_deinit    bsp.lib(adc_kadc.o)
    0x00006bd6   0x00000002   PAD
    0x00006bd8   0x00000264   Code   RO         7153    i._adc_hw_init      bsp.lib(adc_kadc.o)
    0x00006e3c   0x00000008   Code   RO         7154    i._adc_hw_install   bsp.lib(adc_kadc.o)
    0x00006e44   0x00000310   Code   RO         7155    i._adc_hw_ioctl     bsp.lib(adc_kadc.o)
    0x00007154   0x000000f0   Code   RO         6084    i._adc_ioctl        bsp.lib(adc.o)
    0x00007244   0x00000360   Code   RO         6085    i._adc_open         bsp.lib(adc.o)
    0x000075a4   0x00000068   Code   RO         6086    i._adc_read         bsp.lib(adc.o)
    0x0000760c   0x00000006   Code   RO         6087    i._adc_write        bsp.lib(adc.o)
    0x00007612   0x00000002   PAD
    0x00007614   0x000000d4   Code   RO         7228    i._adt_hw_channel_deinit  bsp.lib(adt_kpdb.o)
    0x000076e8   0x00000150   Code   RO         7229    i._adt_hw_channel_init  bsp.lib(adt_kpdb.o)
    0x00007838   0x00000010   Code   RO         7230    i._adt_hw_deinit    bsp.lib(adt_kpdb.o)
    0x00007848   0x0000011c   Code   RO         7231    i._adt_hw_init      bsp.lib(adt_kpdb.o)
    0x00007964   0x00000006   Code   RO         7232    i._adt_hw_install   bsp.lib(adt_kpdb.o)
    0x0000796a   0x00000002   PAD
    0x0000796c   0x000001e0   Code   RO         7233    i._adt_hw_ioctl     bsp.lib(adt_kpdb.o)
    0x00007b4c   0x000000cc   Code   RO         7234    i._adt_pause        bsp.lib(adt_kpdb.o)
    0x00007c18   0x000000bc   Code   RO         7235    i._adt_process_data  bsp.lib(adt_kpdb.o)
    0x00007cd4   0x000000d8   Code   RO         7236    i._adt_resume       bsp.lib(adt_kpdb.o)
    0x00007dac   0x000000c0   Code   RO         7237    i._adt_stop         bsp.lib(adt_kpdb.o)
    0x00007e6c   0x000000f0   Code   RO         7238    i._adt_trigger      bsp.lib(adt_kpdb.o)
    0x00007f5c   0x00000036   Code   RO         6335    i._allocate_sector_cache  bsp.lib(flashx.o)
    0x00007f92   0x00000002   PAD
    0x00007f94   0x000000dc   Code   RO         3167    i._bsp_adc_channel_io_init  bsp.lib(init_gpio.o)
    0x00008070   0x00000040   Code   RO         3168    i._bsp_adc_io_init  bsp.lib(init_gpio.o)
    0x000080b0   0x00000084   Code   RO         3169    i._bsp_dspi_io_init  bsp.lib(init_gpio.o)
    0x00008134   0x00000020   Code   RO         8102    i._bsp_edma_enable  bsp.lib(edma_kinetis.o)
    0x00008154   0x00000060   Code   RO         3171    i._bsp_esdhc_io_init  bsp.lib(init_gpio.o)
    0x000081b4   0x0000001c   Code   RO         5836    i._bsp_flexbus_mram_setup  bsp.lib(init_hw.o)
    0x000081d0   0x00000084   Code   RO         5838    i._bsp_flexbus_setup  bsp.lib(init_hw.o)
    0x00008254   0x0000005c   Code   RO         3172    i._bsp_flexcan_io_init  bsp.lib(init_gpio.o)
    0x000082b0   0x00000024   Code   RO         3173    i._bsp_ftfx_io_init  bsp.lib(init_gpio.o)
    0x000082d4   0x00000018   Code   RO         4872    i._bsp_get_adc_base_address  bsp.lib(adc_mk64.o)
    0x000082ec   0x0000002c   Code   RO         5748    i._bsp_get_clock    bsp.lib(bsp_cm.o)
    0x00008318   0x00000008   Code   RO         5749    i._bsp_get_clock_configuration  bsp.lib(bsp_cm.o)
    0x00008320   0x00000018   Code   RO         8170    i._bsp_get_dspi_base_address  bsp.lib(spi_mk64.o)
    0x00008338   0x0000001c   Code   RO         8171    i._bsp_get_dspi_vectors  bsp.lib(spi_mk64.o)
    0x00008354   0x00000018   Code   RO         8103    i._bsp_get_edma_done_vectors  bsp.lib(edma_kinetis.o)
    0x0000836c   0x00000018   Code   RO         8104    i._bsp_get_edma_error_vectors  bsp.lib(edma_kinetis.o)
    0x00008384   0x00000014   Code   RO         7443    i._bsp_get_esdhc_base_address  bsp.lib(esdhc_mk64.o)
    0x00008398   0x00000010   Code   RO         7444    i._bsp_get_esdhc_vector  bsp.lib(esdhc_mk64.o)
    0x000083a8   0x00000014   Code   RO         4910    i._bsp_get_flexcan_base_address  bsp.lib(flexcan_mk64.o)
    0x000083bc   0x0000002c   Code   RO         4911    i._bsp_get_flexcan_vector  bsp.lib(flexcan_mk64.o)
    0x000083e8   0x00000008   Code   RO         2890    i._bsp_get_ftfe_address  bsp.lib(flash_mk64.o)
    0x000083f0   0x00000018   Code   RO         5876    i._bsp_get_hwticks  bsp.lib(init_bsp.o)
    0x00008408   0x00000024   Code   RO         7614    i._bsp_get_i2c_base_address  bsp.lib(i2c_mk64.o)
    0x0000842c   0x0000001a   Code   RO         7615    i._bsp_get_i2c_vector  bsp.lib(i2c_mk64.o)
    0x00008446   0x00000002   PAD
    0x00008448   0x00000014   Code   RO         8128    i._bsp_get_sai_base_address  bsp.lib(sai_mk64.o)
    0x0000845c   0x00000014   Code   RO         8129    i._bsp_get_sai_dma_channel_mask  bsp.lib(sai_mk64.o)
    0x00008470   0x00000012   Code   RO         8130    i._bsp_get_sai_rx_dma_source  bsp.lib(sai_mk64.o)
    0x00008482   0x00000010   Code   RO         8131    i._bsp_get_sai_rx_vector  bsp.lib(sai_mk64.o)
    0x00008492   0x00000012   Code   RO         8132    i._bsp_get_sai_tx_dma_source  bsp.lib(sai_mk64.o)
    0x000084a4   0x00000010   Code   RO         8133    i._bsp_get_sai_tx_vector  bsp.lib(sai_mk64.o)
    0x000084b4   0x00000048   Code   RO         7814    i._bsp_get_serial_base_address  bsp.lib(serl_mk64.o)
    0x000084fc   0x00000028   Code   RO         3174    i._bsp_gpio_io_init  bsp.lib(init_gpio.o)
    0x00008524   0x00000084   Code   RO         3175    i._bsp_i2c_io_init  bsp.lib(init_gpio.o)
    0x000085a8   0x0000011c   Code   RO         5877    i._bsp_init         bsp.lib(init_bsp.o)
    0x000086c4   0x00000050   Code   RO         5750    i._bsp_initialize_hardware  bsp.lib(bsp_cm.o)
    0x00008714   0x00000008   Code   RO         5751    i._bsp_low_level_init  bsp.lib(bsp_cm.o)
    0x0000871c   0x00000024   Code   RO         5752    i._bsp_osc_autotrim  bsp.lib(bsp_cm.o)
    0x00008740   0x00000004   Code   RO         6006    i._bsp_post_init    psp.lib(inittask.o)
    0x00008744   0x00000128   Code   RO         5878    i._bsp_pre_init     bsp.lib(init_bsp.o)
    0x0000886c   0x00000014   Code   RO         3176    i._bsp_rtc_io_init  bsp.lib(init_gpio.o)
    0x00008880   0x00000060   Code   RO         3177    i._bsp_sai_io_init  bsp.lib(init_gpio.o)
    0x000088e0   0x000001e8   Code   RO         3178    i._bsp_serial_io_init  bsp.lib(init_gpio.o)
    0x00008ac8   0x00000008   Code   RO         3179    i._bsp_serial_irda_rx_init  bsp.lib(init_gpio.o)
    0x00008ad0   0x00000008   Code   RO         3180    i._bsp_serial_irda_tx_init  bsp.lib(init_gpio.o)
    0x00008ad8   0x00000064   Code   RO         3181    i._bsp_serial_rts_init  bsp.lib(init_gpio.o)
    0x00008b3c   0x00000030   Code   RO         5753    i._bsp_set_clock_configuration  bsp.lib(bsp_cm.o)
    0x00008b6c   0x0000000a   Code   RO         5879    i._bsp_systimer_callback  bsp.lib(init_bsp.o)
    0x00008b76   0x00000002   PAD
    0x00008b78   0x0000001c   Code   RO         5839    i._bsp_watchdog_disable  bsp.lib(init_hw.o)
    0x00008b94   0x00000010   Code   RO         4886    i._cm_get_clock     bsp.lib(cm.o)
    0x00008ba4   0x00000008   Code   RO         4887    i._cm_get_clock_configuration  bsp.lib(cm.o)
    0x00008bac   0x00000012   Code   RO         8016    i._dspi_cs_deassert  bsp.lib(spi_dspi.o)
    0x00008bbe   0x00000002   PAD
    0x00008bc0   0x00000064   Code   RO         8191    i._dspi_ctar_params  bsp.lib(spi_dspi_common.o)
    0x00008c24   0x00000060   Code   RO         8017    i._dspi_deinit      bsp.lib(spi_dspi.o)
    0x00008c84   0x00000012   Code   RO         8192    i._dspi_deinit_low  bsp.lib(spi_dspi_common.o)
    0x00008c96   0x00000018   Code   RO         7958    i._dspi_dma_callback  bsp.lib(spi_dspi_dma.o)
    0x00008cae   0x00000012   Code   RO         7959    i._dspi_dma_cs_deassert  bsp.lib(spi_dspi_dma.o)
    0x00008cc0   0x00000040   Code   RO         7960    i._dspi_dma_deinit  bsp.lib(spi_dspi_dma.o)
    0x00008d00   0x00000124   Code   RO         7961    i._dspi_dma_init    bsp.lib(spi_dspi_dma.o)
    0x00008e24   0x00000044   Code   RO         7962    i._dspi_dma_ioctl   bsp.lib(spi_dspi_dma.o)
    0x00008e68   0x000000a8   Code   RO         7963    i._dspi_dma_setparam  bsp.lib(spi_dspi_dma.o)
    0x00008f10   0x000000c0   Code   RO         7964    i._dspi_dma_transfer  bsp.lib(spi_dspi_dma.o)
    0x00008fd0   0x00000058   Code   RO         7965    i._dspi_dma_tx_rx   bsp.lib(spi_dspi_dma.o)
    0x00009028   0x0000013c   Code   RO         8193    i._dspi_find_baudrate  bsp.lib(spi_dspi_common.o)
    0x00009164   0x000000a4   Code   RO         8018    i._dspi_init        bsp.lib(spi_dspi.o)
    0x00009208   0x00000032   Code   RO         8194    i._dspi_init_low    bsp.lib(spi_dspi_common.o)
    0x0000923a   0x00000044   Code   RO         8019    i._dspi_ioctl       bsp.lib(spi_dspi.o)
    0x0000927e   0x00000114   Code   RO         8020    i._dspi_isr         bsp.lib(spi_dspi.o)
    0x00009392   0x00000002   PAD
    0x00009394   0x000000a8   Code   RO         8021    i._dspi_setparam    bsp.lib(spi_dspi.o)
    0x0000943c   0x00000142   Code   RO         8022    i._dspi_tx_rx       bsp.lib(spi_dspi.o)
    0x0000957e   0x00000002   PAD
    0x00009580   0x00000034   Code   RO         6236    i._esdhc_close      bsp.lib(esdhc.o)
    0x000095b4   0x00000012   Code   RO         6237    i._esdhc_get_baudrate  bsp.lib(esdhc.o)
    0x000095c6   0x0000001c   Code   RO         6238    i._esdhc_get_baudrate_low  bsp.lib(esdhc.o)
    0x000095e2   0x00000002   PAD
    0x000095e4   0x00000288   Code   RO         6239    i._esdhc_get_card_type  bsp.lib(esdhc.o)
    0x0000986c   0x000000c0   Code   RO         6240    i._esdhc_init       bsp.lib(esdhc.o)
    0x0000992c   0x000000e4   Code   RO         6241    i._esdhc_install    bsp.lib(esdhc.o)
    0x00009a10   0x00000330   Code   RO         6242    i._esdhc_ioctl      bsp.lib(esdhc.o)
    0x00009d40   0x00000014   Code   RO         6243    i._esdhc_is_running  bsp.lib(esdhc.o)
    0x00009d54   0x0000013a   Code   RO         6244    i._esdhc_isr        bsp.lib(esdhc.o)
    0x00009e8e   0x00000046   Code   RO         6245    i._esdhc_open       bsp.lib(esdhc.o)
    0x00009ed4   0x0000010e   Code   RO         6246    i._esdhc_read       bsp.lib(esdhc.o)
    0x00009fe2   0x00000002   PAD
    0x00009fe4   0x0000028c   Code   RO         6247    i._esdhc_send_command  bsp.lib(esdhc.o)
    0x0000a270   0x00000042   Code   RO         6248    i._esdhc_set_baudrate  bsp.lib(esdhc.o)
    0x0000a2b2   0x00000002   PAD
    0x0000a2b4   0x000000a0   Code   RO         6249    i._esdhc_set_baudrate_low  bsp.lib(esdhc.o)
    0x0000a354   0x0000004c   Code   RO         6250    i._esdhc_uninstall  bsp.lib(esdhc.o)
    0x0000a3a0   0x000000f8   Code   RO         6251    i._esdhc_write      bsp.lib(esdhc.o)
    0x0000a498   0x00000038   Code   RO         3593    i._int_default_isr  psp.lib(int.o)
    0x0000a4d0   0x0000005c   Code   RO         3594    i._int_disable      psp.lib(int.o)
    0x0000a52c   0x000000a8   Code   RO         3595    i._int_enable       psp.lib(int.o)
    0x0000a5d4   0x0000000c   Code   RO         3596    i._int_get_default_isr  psp.lib(int.o)
    0x0000a5e0   0x00000006   Code   RO         3597    i._int_get_exception_handler  psp.lib(int.o)
    0x0000a5e6   0x00000002   PAD
    0x0000a5e8   0x0000005c   Code   RO         3599    i._int_get_isr_data  psp.lib(int.o)
    0x0000a644   0x00000074   Code   RO         3601    i._int_init         psp.lib(int.o)
    0x0000a6b8   0x00000010   Code   RO         3602    i._int_install_default_isr  psp.lib(int.o)
    0x0000a6c8   0x000000ac   Code   RO         3604    i._int_install_isr  psp.lib(int.o)
    0x0000a774   0x00000020   Code   RO         3605    i._int_install_unexpected_isr  psp.lib(int.o)
    0x0000a794   0x00000010   Code   RO         7109    i._int_set_vector_table  psp.lib(int_vtab.o)
    0x0000a7a4   0x00000030   Code   RO         4986    i._int_unexpected_isr  psp.lib(int_unx.o)
    0x0000a7d4   0x00000074   Code   RO         6088    i._io_adc_install   bsp.lib(adc.o)
    0x0000a848   0x00000318   Code   RO         6024    i._io_cvt           psp.lib(io_fp.o)
    0x0000ab60   0x00000030   Code   RO         8078    i._io_dev_install   psp.lib(io_inst.o)
    0x0000ab90   0x000000e0   Code   RO         8090    i._io_dev_install_ext  psp.lib(io_instx.o)
    0x0000ac70   0x00000c70   Code   RO         5668    i._io_doprint       psp.lib(io_dopr.o)
    0x0000b8e0   0x000000ac   Code   RO         5669    i._io_doprint_prt   psp.lib(io_dopr.o)
    0x0000b98c   0x000000e8   Code   RO         5670    i._io_doprint_prt64  psp.lib(io_dopr.o)
    0x0000ba74   0x0000003a   Code   RO         6025    i._io_dtoa          psp.lib(io_fp.o)
    0x0000baae   0x000000ee   Code   RO         6026    i._io_dtoe          psp.lib(io_fp.o)
    0x0000bb9c   0x0000011a   Code   RO         6027    i._io_dtof          psp.lib(io_fp.o)
    0x0000bcb6   0x0000024a   Code   RO         6028    i._io_dtog          psp.lib(io_fp.o)
    0x0000bf00   0x00000030   Code   RO         4776    i._io_fflush        psp.lib(io_fflsh.o)
    0x0000bf30   0x00000022   Code   RO         6336    i._io_flashx_check_free_space  bsp.lib(flashx.o)
    0x0000bf52   0x00000046   Code   RO         6337    i._io_flashx_close  bsp.lib(flashx.o)
    0x0000bf98   0x00000068   Code   RO         6338    i._io_flashx_erase_sector  bsp.lib(flashx.o)
    0x0000c000   0x00000124   Code   RO         6339    i._io_flashx_find_correct_sectors  bsp.lib(flashx.o)
    0x0000c124   0x0000001e   Code   RO         6340    i._io_flashx_flush_buffer  bsp.lib(flashx.o)
    0x0000c142   0x000000aa   Code   RO         6341    i._io_flashx_flush_sector_buffer  bsp.lib(flashx.o)
    0x0000c1ec   0x000000a0   Code   RO         6342    i._io_flashx_install  bsp.lib(flashx.o)
    0x0000c28c   0x000004c6   Code   RO         6343    i._io_flashx_ioctl  bsp.lib(flashx.o)
    0x0000c752   0x0000023a   Code   RO         6344    i._io_flashx_open   bsp.lib(flashx.o)
    0x0000c98c   0x000000f2   Code   RO         6346    i._io_flashx_read   bsp.lib(flashx.o)
    0x0000ca7e   0x0000001c   Code   RO         6347    i._io_flashx_uninstall  bsp.lib(flashx.o)
    0x0000ca9a   0x000001a0   Code   RO         6349    i._io_flashx_write  bsp.lib(flashx.o)
    0x0000cc3a   0x00000176   Code   RO         6350    i._io_flashx_write_partial_sector  bsp.lib(flashx.o)
    0x0000cdb0   0x000000a8   Code   RO         4788    i._io_fopen         psp.lib(io_fopen.o)
    0x0000ce58   0x0000003a   Code   RO         5704    i._io_fputc         psp.lib(io_fputc.o)
    0x0000ce92   0x000000ae   Code   RO         5716    i._io_fseek         psp.lib(io_fseek.o)
    0x0000cf40   0x00000044   Code   RO         5728    i._io_get_handle    psp.lib(io_ghand.o)
    0x0000cf84   0x0000003c   Code   RO         7680    i._io_i2c_int_close  bsp.lib(i2c_int.o)
    0x0000cfc0   0x00000078   Code   RO         7681    i._io_i2c_int_install  bsp.lib(i2c_int.o)
    0x0000d038   0x00000046   Code   RO         7682    i._io_i2c_int_ioctl  bsp.lib(i2c_int.o)
    0x0000d07e   0x00000046   Code   RO         7683    i._io_i2c_int_open  bsp.lib(i2c_int.o)
    0x0000d0c4   0x00000020   Code   RO         7684    i._io_i2c_int_read  bsp.lib(i2c_int.o)
    0x0000d0e4   0x00000028   Code   RO         7685    i._io_i2c_int_uninstall  bsp.lib(i2c_int.o)
    0x0000d10c   0x00000020   Code   RO         7686    i._io_i2c_int_write  bsp.lib(i2c_int.o)
    0x0000d12c   0x00000030   Code   RO         7632    i._io_i2c_polled_close  bsp.lib(i2c_pol.o)
    0x0000d15c   0x00000078   Code   RO         7633    i._io_i2c_polled_install  bsp.lib(i2c_pol.o)
    0x0000d1d4   0x00000046   Code   RO         7634    i._io_i2c_polled_ioctl  bsp.lib(i2c_pol.o)
    0x0000d21a   0x00000050   Code   RO         7635    i._io_i2c_polled_open  bsp.lib(i2c_pol.o)
    0x0000d26a   0x00000020   Code   RO         7636    i._io_i2c_polled_read  bsp.lib(i2c_pol.o)
    0x0000d28a   0x00000028   Code   RO         7637    i._io_i2c_polled_uninstall  bsp.lib(i2c_pol.o)
    0x0000d2b2   0x00000020   Code   RO         7638    i._io_i2c_polled_write  bsp.lib(i2c_pol.o)
    0x0000d2d2   0x00000070   Code   RO         6029    i._io_inf_or_nan    psp.lib(io_fp.o)
    0x0000d342   0x00000002   PAD
    0x0000d344   0x00000020   Code   RO         7138    i._io_init          psp.lib(io_init.o)
    0x0000d364   0x00000050   Code   RO         4800    i._io_ioctl         psp.lib(io_ioctl.o)
    0x0000d3b4   0x0000003c   Code   RO         5671    i._io_mputc         psp.lib(io_dopr.o)
    0x0000d3f0   0x00000034   Code   RO         4812    i._io_printf        psp.lib(io_pntf.o)
    0x0000d424   0x0000004e   Code   RO         5672    i._io_putstr        psp.lib(io_dopr.o)
    0x0000d472   0x00000076   Code   RO         4824    i._io_read          psp.lib(io_read.o)
    0x0000d4e8   0x00000048   Code   RO         6817    i._io_sai_int_close  bsp.lib(sai_int.o)
    0x0000d530   0x0000006c   Code   RO         6818    i._io_sai_int_install  bsp.lib(sai_int.o)
    0x0000d59c   0x00000044   Code   RO         6819    i._io_sai_int_ioctl  bsp.lib(sai_int.o)
    0x0000d5e0   0x000000b4   Code   RO         6820    i._io_sai_int_open  bsp.lib(sai_int.o)
    0x0000d694   0x00000034   Code   RO         6821    i._io_sai_int_read  bsp.lib(sai_int.o)
    0x0000d6c8   0x00000034   Code   RO         6822    i._io_sai_int_uninstall  bsp.lib(sai_int.o)
    0x0000d6fc   0x00000034   Code   RO         6823    i._io_sai_int_write  bsp.lib(sai_int.o)
    0x0000d730   0x00000034   Code   RO         6868    i._io_serial_default_init  bsp.lib(io_sinit.o)
    0x0000d764   0x000000f4   Code   RO         7844    i._io_serial_int_addc  bsp.lib(serl_int.o)
    0x0000d858   0x00000072   Code   RO         7845    i._io_serial_int_close  bsp.lib(serl_int.o)
    0x0000d8ca   0x00000002   PAD
    0x0000d8cc   0x00000078   Code   RO         7846    i._io_serial_int_install  bsp.lib(serl_int.o)
    0x0000d944   0x000000fc   Code   RO         7847    i._io_serial_int_ioctl  bsp.lib(serl_int.o)
    0x0000da40   0x00000092   Code   RO         7848    i._io_serial_int_nextc  bsp.lib(serl_int.o)
    0x0000dad2   0x00000148   Code   RO         7849    i._io_serial_int_open  bsp.lib(serl_int.o)
    0x0000dc1a   0x0000008a   Code   RO         7850    i._io_serial_int_putc_internal  bsp.lib(serl_int.o)
    0x0000dca4   0x00000126   Code   RO         7851    i._io_serial_int_read  bsp.lib(serl_int.o)
    0x0000ddca   0x00000052   Code   RO         7853    i._io_serial_int_write  bsp.lib(serl_int.o)
    0x0000de1c   0x00000032   Code   RO         7910    i._io_serial_polled_close  bsp.lib(serl_pol.o)
    0x0000de4e   0x00000002   PAD
    0x0000de50   0x0000007c   Code   RO         7911    i._io_serial_polled_install  bsp.lib(serl_pol.o)
    0x0000decc   0x000000b2   Code   RO         7912    i._io_serial_polled_ioctl  bsp.lib(serl_pol.o)
    0x0000df7e   0x000000b6   Code   RO         7913    i._io_serial_polled_open  bsp.lib(serl_pol.o)
    0x0000e034   0x000001ca   Code   RO         7914    i._io_serial_polled_read  bsp.lib(serl_pol.o)
    0x0000e1fe   0x00000124   Code   RO         7916    i._io_serial_polled_write  bsp.lib(serl_pol.o)
    0x0000e322   0x00000016   Code   RO         7011    i._io_spi_close     bsp.lib(spi.o)
    0x0000e338   0x00000062   Code   RO         7012    i._io_spi_flush     bsp.lib(spi.o)
    0x0000e39a   0x00000002   PAD
    0x0000e39c   0x000000d4   Code   RO         7013    i._io_spi_install   bsp.lib(spi.o)
    0x0000e470   0x00000338   Code   RO         7014    i._io_spi_ioctl     bsp.lib(spi.o)
    0x0000e7a8   0x00000072   Code   RO         7015    i._io_spi_open      bsp.lib(spi.o)
    0x0000e81a   0x00000016   Code   RO         7016    i._io_spi_read      bsp.lib(spi.o)
    0x0000e830   0x000000b0   Code   RO         7017    i._io_spi_read_write  bsp.lib(spi.o)
    0x0000e8e0   0x0000002e   Code   RO         7018    i._io_spi_uninstall  bsp.lib(spi.o)
    0x0000e90e   0x00000016   Code   RO         7019    i._io_spi_write     bsp.lib(spi.o)
    0x0000e924   0x00000030   Code   RO         4837    i._io_sprintf       psp.lib(io_spr.o)
    0x0000e954   0x0000000e   Code   RO         4838    i._io_sputc         psp.lib(io_spr.o)
    0x0000e962   0x0000000e   Code   RO         8450    i._is_digit         c_w.l(scanf_fp.o)
    0x0000e970   0x00000054   Code   RO         6640    i._ki2c_int_deinit  bsp.lib(i2c_int_ki2c.o)
    0x0000e9c4   0x00000084   Code   RO         6641    i._ki2c_int_init    bsp.lib(i2c_int_ki2c.o)
    0x0000ea48   0x00000034   Code   RO         6642    i._ki2c_int_install  bsp.lib(i2c_int_ki2c.o)
    0x0000ea7c   0x000000a8   Code   RO         6643    i._ki2c_int_rx      bsp.lib(i2c_int_ki2c.o)
    0x0000eb24   0x000000b8   Code   RO         6644    i._ki2c_int_tx      bsp.lib(i2c_int_ki2c.o)
    0x0000ebdc   0x00000408   Code   RO         6645    i._ki2c_isr         bsp.lib(i2c_int_ki2c.o)
    0x0000efe4   0x00000038   Code   RO         6580    i._ki2c_polled_deinit  bsp.lib(i2c_pol_ki2c.o)
    0x0000f01c   0x000000b8   Code   RO         6581    i._ki2c_polled_init  bsp.lib(i2c_pol_ki2c.o)
    0x0000f0d4   0x00000034   Code   RO         6582    i._ki2c_polled_install  bsp.lib(i2c_pol_ki2c.o)
    0x0000f108   0x000002f0   Code   RO         6583    i._ki2c_polled_ioctl  bsp.lib(i2c_pol_ki2c.o)
    0x0000f3f8   0x0000008c   Code   RO         6584    i._ki2c_polled_rx   bsp.lib(i2c_pol_ki2c.o)
    0x0000f484   0x00000316   Code   RO         6585    i._ki2c_polled_rx_tx  bsp.lib(i2c_pol_ki2c.o)
    0x0000f79a   0x0000008c   Code   RO         6586    i._ki2c_polled_tx   bsp.lib(i2c_pol_ki2c.o)
    0x0000f826   0x00000002   PAD
    0x0000f828   0x00000064   Code   RO         6587    i._ki2c_set_baudrate  bsp.lib(i2c_pol_ki2c.o)
    0x0000f88c   0x000000b4   Code   RO         7728    i._ki2s_find_mclk_freq_div  bsp.lib(sai_dma_ksai.o)
    0x0000f940   0x0000003c   Code   RO         7729    i._ki2s_get_mclk_value  bsp.lib(sai_dma_ksai.o)
    0x0000f97c   0x000000dc   Code   RO         7730    i._ki2s_set_bclk_mode  bsp.lib(sai_dma_ksai.o)
    0x0000fa58   0x000001b0   Code   RO         7731    i._ki2s_set_master_mode  bsp.lib(sai_dma_ksai.o)
    0x0000fc08   0x00000160   Code   RO         7732    i._ki2s_set_slave_mode  bsp.lib(sai_dma_ksai.o)
    0x0000fd68   0x00000014   Code   RO         7067    i._kinetis_mpu_disable  psp.lib(kinetis_mpu.o)
    0x0000fd7c   0x00000114   Code   RO         7733    i._ksai_dma_deinit  bsp.lib(sai_dma_ksai.o)
    0x0000fe90   0x00000360   Code   RO         7734    i._ksai_dma_init    bsp.lib(sai_dma_ksai.o)
    0x000101f0   0x00000d88   Code   RO         7735    i._ksai_dma_ioctl   bsp.lib(sai_dma_ksai.o)
    0x00010f78   0x00000270   Code   RO         7736    i._ksai_hw_init     bsp.lib(sai_dma_ksai.o)
    0x000111e8   0x000000a4   Code   RO         7737    i._ksai_rx_dma_irq_handler  bsp.lib(sai_dma_ksai.o)
    0x0001128c   0x00000026   Code   RO         7738    i._ksai_rx_fifoerr_irq_handler  bsp.lib(sai_dma_ksai.o)
    0x000112b2   0x000000a6   Code   RO         7739    i._ksai_tx_dma_irq_handler  bsp.lib(sai_dma_ksai.o)
    0x00011358   0x00000022   Code   RO         7740    i._ksai_tx_fifoerr_irq_handler  bsp.lib(sai_dma_ksai.o)
    0x0001137a   0x00000056   Code   RO         6944    i._kuart_change_baudrate  bsp.lib(serl_pol_kuart.o)
    0x000113d0   0x0000001c   Code   RO         6880    i._kuart_int_deinit  bsp.lib(serl_int_kuart.o)
    0x000113ec   0x00000036   Code   RO         6881    i._kuart_int_enable  bsp.lib(serl_int_kuart.o)
    0x00011422   0x00000064   Code   RO         6882    i._kuart_int_err_isr  bsp.lib(serl_int_kuart.o)
    0x00011486   0x00000002   PAD
    0x00011488   0x00000070   Code   RO         6883    i._kuart_int_init   bsp.lib(serl_int_kuart.o)
    0x000114f8   0x00000038   Code   RO         6884    i._kuart_int_install  bsp.lib(serl_int_kuart.o)
    0x00011530   0x0000000a   Code   RO         6885    i._kuart_int_peripheral_disable  bsp.lib(serl_int_kuart.o)
    0x0001153a   0x0000000a   Code   RO         6886    i._kuart_int_peripheral_enable  bsp.lib(serl_int_kuart.o)
    0x00011544   0x00000028   Code   RO         6887    i._kuart_int_putc   bsp.lib(serl_int_kuart.o)
    0x0001156c   0x000000b8   Code   RO         6888    i._kuart_int_rx_tx_isr  bsp.lib(serl_int_kuart.o)
    0x00011624   0x0000002a   Code   RO         6945    i._kuart_polled_deinit  bsp.lib(serl_pol_kuart.o)
    0x0001164e   0x0000001a   Code   RO         6946    i._kuart_polled_getc  bsp.lib(serl_pol_kuart.o)
    0x00011668   0x000000e0   Code   RO         6947    i._kuart_polled_init  bsp.lib(serl_pol_kuart.o)
    0x00011748   0x00000040   Code   RO         6948    i._kuart_polled_install  bsp.lib(serl_pol_kuart.o)
    0x00011788   0x0000041e   Code   RO         6949    i._kuart_polled_ioctl  bsp.lib(serl_pol_kuart.o)
    0x00011ba6   0x0000000a   Code   RO         6950    i._kuart_polled_peripheral_disable  bsp.lib(serl_pol_kuart.o)
    0x00011bb0   0x0000000a   Code   RO         6951    i._kuart_polled_peripheral_enable  bsp.lib(serl_pol_kuart.o)
    0x00011bba   0x00000018   Code   RO         6952    i._kuart_polled_putc  bsp.lib(serl_pol_kuart.o)
    0x00011bd2   0x0000006a   Code   RO         6953    i._kuart_polled_status  bsp.lib(serl_pol_kuart.o)
    0x00011c3c   0x000002a8   Code   RO         3296    i._lwadc_init       bsp.lib(lwadc_kadc.o)
    0x00011ee4   0x000000ac   Code   RO         3297    i._lwadc_init_input  bsp.lib(lwadc_kadc.o)
    0x00011f90   0x0000003a   Code   RO         3300    i._lwadc_read_raw   bsp.lib(lwadc_kadc.o)
    0x00011fca   0x00000016   Code   RO         3301    i._lwadc_restart    bsp.lib(lwadc_kadc.o)
    0x00011fe0   0x00000058   Code   RO         3303    i._lwadc_wait_next  bsp.lib(lwadc_kadc.o)
    0x00012038   0x0000002c   Code   RO         4458    i._lwevent_clear    psp.lib(lwevent.o)
    0x00012064   0x00000012   Code   RO         4459    i._lwevent_create   psp.lib(lwevent.o)
    0x00012076   0x00000002   PAD
    0x00012078   0x00000080   Code   RO         4460    i._lwevent_create_internal  psp.lib(lwevent.o)
    0x000120f8   0x0000000e   Code   RO         4461    i._lwevent_destroy  psp.lib(lwevent.o)
    0x00012106   0x00000002   PAD
    0x00012108   0x000000a4   Code   RO         4462    i._lwevent_destroy_internal  psp.lib(lwevent.o)
    0x000121ac   0x00000010   Code   RO         4463    i._lwevent_get_signalled  psp.lib(lwevent.o)
    0x000121bc   0x000000e8   Code   RO         4464    i._lwevent_set      psp.lib(lwevent.o)
    0x000122a4   0x000000dc   Code   RO         4468    i._lwevent_wait_internal  psp.lib(lwevent.o)
    0x00012380   0x00000058   Code   RO         4469    i._lwevent_wait_ticks  psp.lib(lwevent.o)
    0x000123d8   0x00000020   Code   RO         4548    i._lwmem_alloc      psp.lib(lwmem.o)
    0x000123f8   0x00000028   Code   RO         4549    i._lwmem_alloc_align  psp.lib(lwmem.o)
    0x00012420   0x000001b4   Code   RO         4551    i._lwmem_alloc_align_internal  psp.lib(lwmem.o)
    0x000125d4   0x00000028   Code   RO         4552    i._lwmem_alloc_at   psp.lib(lwmem.o)
    0x000125fc   0x0000013c   Code   RO         4553    i._lwmem_alloc_at_internal  psp.lib(lwmem.o)
    0x00012738   0x00000124   Code   RO         4555    i._lwmem_alloc_internal  psp.lib(lwmem.o)
    0x0001285c   0x00000024   Code   RO         4556    i._lwmem_alloc_system  psp.lib(lwmem.o)
    0x00012880   0x00000028   Code   RO         4557    i._lwmem_alloc_system_align  psp.lib(lwmem.o)
    0x000128a8   0x00000024   Code   RO         4560    i._lwmem_alloc_system_zero  psp.lib(lwmem.o)
    0x000128cc   0x00000020   Code   RO         4562    i._lwmem_alloc_zero  psp.lib(lwmem.o)
    0x000128ec   0x0000006c   Code   RO         4564    i._lwmem_create_pool  psp.lib(lwmem.o)
    0x00012958   0x0000002a   Code   RO         4565    i._lwmem_create_pool_mapped  psp.lib(lwmem.o)
    0x00012982   0x00000002   PAD
    0x00012984   0x00000130   Code   RO         4566    i._lwmem_free       psp.lib(lwmem.o)
    0x00012ab4   0x00000078   Code   RO         4571    i._lwmem_get_next_block_internal  psp.lib(lwmem.o)
    0x00012b2c   0x00000010   Code   RO         4573    i._lwmem_get_system_pool_id  psp.lib(lwmem.o)
    0x00012b3c   0x0000002c   Code   RO         4575    i._lwmem_init_internal  psp.lib(lwmem.o)
    0x00012b68   0x00000012   Code   RO         4577    i._lwmem_set_type   psp.lib(lwmem.o)
    0x00012b7a   0x0000000a   Code   RO         4580    i._lwmem_transfer_internal  psp.lib(lwmem.o)
    0x00012b84   0x00000014   Code   RO         3689    i._lwsem_create     psp.lib(lwsem.o)
    0x00012b98   0x00000060   Code   RO         3691    i._lwsem_create_internal  psp.lib(lwsem.o)
    0x00012bf8   0x0000000e   Code   RO         3692    i._lwsem_destroy    psp.lib(lwsem.o)
    0x00012c06   0x00000002   PAD
    0x00012c08   0x000000b4   Code   RO         3693    i._lwsem_destroy_internal  psp.lib(lwsem.o)
    0x00012cbc   0x00000034   Code   RO         3695    i._lwsem_poll       psp.lib(lwsem.o)
    0x00012cf0   0x00000084   Code   RO         3696    i._lwsem_post       psp.lib(lwsem.o)
    0x00012d74   0x00000074   Code   RO         3698    i._lwsem_wait       psp.lib(lwsem.o)
    0x00012de8   0x00000190   Code   RO         5390    i._mqx              psp.lib(mqx.o)
    0x00012f78   0x0000000c   Code   RO         5391    i._mqx_exit         psp.lib(mqx.o)
    0x00012f84   0x00000048   Code   RO         5994    i._mqx_idle_task    psp.lib(idletask.o)
    0x00012fcc   0x00000114   Code   RO         5401    i._mqx_init_kernel_data_internal  psp.lib(mqx.o)
    0x000130e0   0x0000006c   Code   RO         6007    i._mqx_init_task    psp.lib(inittask.o)
    0x0001314c   0x0000000c   Code   RO         5403    i._mqx_set_cpu_type  psp.lib(mqx.o)
    0x00013158   0x00000030   Code   RO         3462    i._nvic_int_disable  psp.lib(nvic.o)
    0x00013188   0x0000002c   Code   RO         3463    i._nvic_int_enable  psp.lib(nvic.o)
    0x000131b4   0x0000006c   Code   RO         3464    i._nvic_int_init    psp.lib(nvic.o)
    0x00013220   0x0000004c   Code   RO         5964    i._psp_add_element_to_array  psp.lib(psp_mat3.o)
    0x0001326c   0x00000050   Code   RO         5129    i._psp_add_ticks    psp.lib(psp_tiad.o)
    0x000132bc   0x00000034   Code   RO         5347    i._psp_build_float_context  psp.lib(stack_bu.o)
    0x000132f0   0x0000007c   Code   RO         5348    i._psp_build_stack_frame  psp.lib(stack_bu.o)
    0x0001336c   0x00000002   Code   RO         5365    i._psp_destroy_stack_frame  psp.lib(stack_de.o)
    0x0001336e   0x000000be   Code   RO         5952    i._psp_div_128_by_32  psp.lib(psp_mat2.o)
    0x0001342c   0x00000074   Code   RO         5976    i._psp_init_readyqs  psp.lib(sc_irdyq.o)
    0x000134a0   0x0000001a   Code   RO         7126    i._psp_int_init     psp.lib(psp_iinit.o)
    0x000134ba   0x00000002   PAD
    0x000134bc   0x00000014   Code   RO         8066    i._psp_int_install  psp.lib(int_inst.o)
    0x000134d0   0x0000008c   Code   RO         5058    i._psp_msecs_to_ticks_quick  psp.lib(psp_mstiq.o)
    0x0001355c   0x000000c6   Code   RO         5940    i._psp_mul_128_by_32  psp.lib(psp_mat1.o)
    0x00013622   0x00000002   PAD
    0x00013624   0x00000034   Code   RO         5200    i._psp_normalize_ticks  psp.lib(psp_tinm.o)
    0x00013658   0x0000005c   Code   RO         5977    i._psp_set_kernel_disable_level  psp.lib(sc_irdyq.o)
    0x000136b4   0x00000040   Code   RO         5282    i._psp_subtract_ticks  psp.lib(psp_tisu.o)
    0x000136f4   0x00000012   Code   RO         5178    i._psp_ticks_to_milliseconds  psp.lib(psp_tims.o)
    0x00013706   0x0000002c   Code   RO         5595    i._queue_dequeue    psp.lib(queue.o)
    0x00013732   0x0000003c   Code   RO         5596    i._queue_enqueue    psp.lib(queue.o)
    0x0001376e   0x0000000c   Code   RO         5599    i._queue_init       psp.lib(queue.o)
    0x0001377a   0x0000003c   Code   RO         5600    i._queue_insert     psp.lib(queue.o)
    0x000137b6   0x00000002   PAD
    0x000137b8   0x00000070   Code   RO         6770    i._rtc_init         bsp.lib(krtc.o)
    0x00013828   0x00000042   Code   RO         5534    i._sched_insert_priorityq_internal  psp.lib(sched.o)
    0x0001386a   0x00000002   PAD
    0x0001386c   0x00000028   Code   RO         5538    i._sched_yield      psp.lib(sched.o)
    0x00013894   0x000000e4   Code   RO         3781    i._task_alloc_td_internal  psp.lib(task.o)
    0x00013978   0x00000078   Code   RO         3782    i._task_build_internal  psp.lib(task.o)
    0x000139f0   0x00000016   Code   RO         3784    i._task_create      psp.lib(task.o)
    0x00013a06   0x00000002   PAD
    0x00013a08   0x00000084   Code   RO         3787    i._task_create_internal  psp.lib(task.o)
    0x00013a8c   0x0000000e   Code   RO         3788    i._task_destroy     psp.lib(task.o)
    0x00013a9a   0x00000002   PAD
    0x00013a9c   0x0000024c   Code   RO         3789    i._task_destroy_internal  psp.lib(task.o)
    0x00013ce8   0x00000020   Code   RO         3792    i._task_exit_function_internal  psp.lib(task.o)
    0x00013d08   0x00000018   Code   RO         3794    i._task_fill_stack_internal  psp.lib(task.o)
    0x00013d20   0x00000018   Code   RO         3797    i._task_get_error   psp.lib(task.o)
    0x00013d38   0x0000005c   Code   RO         3810    i._task_get_td      psp.lib(task.o)
    0x00013d94   0x0000015c   Code   RO         3813    i._task_init_internal  psp.lib(task.o)
    0x00013ef0   0x00000028   Code   RO         3815    i._task_ready_internal  psp.lib(task.o)
    0x00013f18   0x0000002c   Code   RO         3819    i._task_set_error   psp.lib(task.o)
    0x00013f44   0x0000000c   Code   RO         3820    i._task_set_error_td_internal  psp.lib(task.o)
    0x00013f50   0x00000020   Code   RO         3828    i._task_stop_preemption  psp.lib(task.o)
    0x00013f70   0x0000007c   Code   RO         8223    i._taskq_create     psp.lib(taskq.o)
    0x00013fec   0x0000008c   Code   RO         8224    i._taskq_destroy    psp.lib(taskq.o)
    0x00014078   0x00000078   Code   RO         8226    i._taskq_resume     psp.lib(taskq.o)
    0x000140f0   0x00000078   Code   RO         8227    i._taskq_suspend    psp.lib(taskq.o)
    0x00014168   0x00000050   Code   RO         4114    i._time_delay       psp.lib(time.o)
    0x000141b8   0x00000038   Code   RO         4115    i._time_delay_for   psp.lib(time.o)
    0x000141f0   0x00000090   Code   RO         4116    i._time_delay_internal  psp.lib(time.o)
    0x00014280   0x00000034   Code   RO         4118    i._time_delay_until  psp.lib(time.o)
    0x000142b4   0x0000001c   Code   RO         4125    i._time_diff_milliseconds  psp.lib(time.o)
    0x000142d0   0x00000020   Code   RO         4130    i._time_diff_ticks  psp.lib(time.o)
    0x000142f0   0x00000050   Code   RO         4142    i._time_get_ticks   psp.lib(time.o)
    0x00014340   0x000000e8   Code   RO         4145    i._time_notify_kernel  psp.lib(time.o)
    0x00014428   0x00000014   Code   RO         4147    i._time_set_hwtick_function  psp.lib(time.o)
    0x0001443c   0x00000010   Code   RO         4148    i._time_set_hwticks_per_tick  psp.lib(time.o)
    0x0001444c   0x00000010   Code   RO         4151    i._time_set_ticks_per_sec  psp.lib(time.o)
    0x0001445c   0x000000d8   Code   RO         7156    i.adc_calibrate     bsp.lib(adc_kadc.o)
    0x00014534   0x00000028   Code   RO         7157    i.adc_complete_isr  bsp.lib(adc_kadc.o)
    0x0001455c   0x00000068   Code   RO         7158    i.adc_get_calibration_data  bsp.lib(adc_kadc.o)
    0x000145c4   0x0000007c   Code   RO         1020    i.adc_init          adc_ctrl.o
    0x00014640   0x00000034   Code   RO         7159    i.adc_process_all_data  bsp.lib(adc_kadc.o)
    0x00014674   0x000000b4   Code   RO         7160    i.adc_process_data  bsp.lib(adc_kadc.o)
    0x00014728   0x00000068   Code   RO         7161    i.adc_set_calibration_data  bsp.lib(adc_kadc.o)
    0x00014790   0x00000050   Code   RO         7242    i.adt_idelay_isr    bsp.lib(adt_kpdb.o)
    0x000147e0   0x000001bc   Code   RO         7243    i.adt_period_prescaler  bsp.lib(adt_kpdb.o)
    0x0001499c   0x00000450   Code   RO         2412    i.canInit_Task      can_test.o
    0x00014dec   0x0000000c   Code   RO          942    i.ch2dec            common_fun.o
    0x00014df8   0x00000024   Code   RO          825    i.checkQ            queue.o
    0x00014e1c   0x0000016c   Code   RO         2010    i.countCoNum        gs_protocol.o
    0x00014f88   0x00000040   Code   RO          943    i.crc8l             common_fun.o
    0x00014fc8   0x0000003a   Code   RO         1906    i.dac_init          dac.o
    0x00015002   0x0000001a   Code   RO         2011    i.debug_info_task   gs_protocol.o
    0x0001501c   0x00000016   Code   RO          944    i.decstr2ch         common_fun.o
    0x00015032   0x0000001a   Code   RO         6137    i.dma_callback_reg  bsp.lib(dma.o)
    0x0001504c   0x00000074   Code   RO         6138    i.dma_channel_claim  bsp.lib(dma.o)
    0x000150c0   0x00000022   Code   RO         6139    i.dma_channel_release  bsp.lib(dma.o)
    0x000150e2   0x0000002a   Code   RO         6141    i.dma_channel_setup  bsp.lib(dma.o)
    0x0001510c   0x0000002a   Code   RO         6142    i.dma_channel_status  bsp.lib(dma.o)
    0x00015136   0x00000002   PAD
    0x00015138   0x00000050   Code   RO         6143    i.dma_deinit        bsp.lib(dma.o)
    0x00015188   0x00000058   Code   RO         6144    i.dma_init          bsp.lib(dma.o)
    0x000151e0   0x00000022   Code   RO         6145    i.dma_request_disable  bsp.lib(dma.o)
    0x00015202   0x00000022   Code   RO         6146    i.dma_request_enable  bsp.lib(dma.o)
    0x00015224   0x00000026   Code   RO         6147    i.dma_request_source  bsp.lib(dma.o)
    0x0001524a   0x00000002   PAD
    0x0001524c   0x000000ac   Code   RO         6148    i.dma_tcd_mem2reg   bsp.lib(dma.o)
    0x000152f8   0x000000b8   Code   RO         6150    i.dma_tcd_reg2mem   bsp.lib(dma.o)
    0x000153b0   0x0000002a   Code   RO         6151    i.dma_transfer_submit  bsp.lib(dma.o)
    0x000153da   0x00000002   PAD
    0x000153dc   0x00000010   Code   RO         2344    i.doSample          thermostat.o
    0x000153ec   0x000000a0   Code   RO         7332    i.edma_channel_claim  bsp.lib(edma.o)
    0x0001548c   0x0000003c   Code   RO         7333    i.edma_channel_release  bsp.lib(edma.o)
    0x000154c8   0x00000050   Code   RO         7334    i.edma_channel_reset  bsp.lib(edma.o)
    0x00015518   0x00000062   Code   RO         7335    i.edma_channel_setup  bsp.lib(edma.o)
    0x0001557a   0x0000003e   Code   RO         7336    i.edma_channel_sgaidx  bsp.lib(edma.o)
    0x000155b8   0x00000100   Code   RO         7337    i.edma_channel_status  bsp.lib(edma.o)
    0x000156b8   0x00000028   Code   RO         7338    i.edma_deinit       bsp.lib(edma.o)
    0x000156e0   0x0000011c   Code   RO         7339    i.edma_done_isr     bsp.lib(edma.o)
    0x000157fc   0x00000060   Code   RO         7340    i.edma_err_isr      bsp.lib(edma.o)
    0x0001585c   0x00000032   Code   RO         7341    i.edma_hwtcd_push   bsp.lib(edma.o)
    0x0001588e   0x00000020   Code   RO         7342    i.edma_init         bsp.lib(edma.o)
    0x000158ae   0x00000002   PAD
    0x000158b0   0x0000008c   Code   RO         7343    i.edma_install_isrs  bsp.lib(edma.o)
    0x0001593c   0x00000024   Code   RO         7344    i.edma_request_disable  bsp.lib(edma.o)
    0x00015960   0x00000044   Code   RO         7345    i.edma_request_enable  bsp.lib(edma.o)
    0x000159a4   0x00000038   Code   RO         7346    i.edma_request_source  bsp.lib(edma.o)
    0x000159dc   0x00000080   Code   RO         7347    i.edma_reset_module  bsp.lib(edma.o)
    0x00015a5c   0x00000138   Code   RO         7348    i.edma_tcd_prepare  bsp.lib(edma.o)
    0x00015b94   0x00000158   Code   RO         7349    i.edma_transfer_submit  bsp.lib(edma.o)
    0x00015cec   0x0000008c   Code   RO         7350    i.edma_uninstall_isrs  bsp.lib(edma.o)
    0x00015d78   0x0000002a   Code   RO         7461    i.ffte_flash_ioctl  bsp.lib(flash_ftfe.o)
    0x00015da2   0x00000006   PAD
    0x00015da8   0x0000008c   Code   RO         8597    i.frexp             m_wm.l(frexp.o)
    0x00015e34   0x00000014   Code   RO         7462    i.ftfe_deinit_ram_function  bsp.lib(flash_ftfe.o)
    0x00015e48   0x0000014e   Code   RO         7463    i.ftfe_flash_command_sequence  bsp.lib(flash_ftfe.o)
    0x00015f96   0x0000001e   Code   RO         7464    i.ftfe_flash_deinit  bsp.lib(flash_ftfe.o)
    0x00015fb4   0x000000b2   Code   RO         7465    i.ftfe_flash_erase_sector  bsp.lib(flash_ftfe.o)
    0x00016066   0x00000002   PAD
    0x00016068   0x00000060   Code   RO         7466    i.ftfe_flash_init   bsp.lib(flash_ftfe.o)
    0x000160c8   0x000000ec   Code   RO         7467    i.ftfe_flash_swap   bsp.lib(flash_ftfe.o)
    0x000161b4   0x00000024   Code   RO         7468    i.ftfe_flash_swap_and_reset  bsp.lib(flash_ftfe.o)
    0x000161d8   0x00000048   Code   RO         7469    i.ftfe_flash_swap_command  bsp.lib(flash_ftfe.o)
    0x00016220   0x00000036   Code   RO         7470    i.ftfe_flash_swap_status  bsp.lib(flash_ftfe.o)
    0x00016256   0x000000f8   Code   RO         7471    i.ftfe_flash_write_sector  bsp.lib(flash_ftfe.o)
    0x0001634e   0x00000032   Code   RO         7472    i.ftfe_init_ram_function  bsp.lib(flash_ftfe.o)
    0x00016380   0x0000002c   Code   RO         7473    i.ftfe_ram_function  bsp.lib(flash_ftfe.o)
    0x000163ac   0x00000002   Code   RO         7474    i.ftfe_ram_function_end  bsp.lib(flash_ftfe.o)
    0x000163ae   0x00000032   Code   RO         1700    i.ftfl_init_ram_function  flash_rw.o
    0x000163e0   0x000000e8   Code   RO            4    i.functional_init   hello.o
    0x000164c8   0x0000015c   Code   RO         2012    i.getCR             gs_protocol.o
    0x00016624   0x0000002e   Code   RO         2413    i.getCanID          can_test.o
    0x00016652   0x00000002   PAD
    0x00016654   0x00000878   Code   RO         2013    i.getCmd            gs_protocol.o
    0x00016ecc   0x00000076   Code   RO         1790    i.getHardID         api.o
    0x00016f42   0x00000028   Code   RO         1075    i.get_channel_pair_index  ftm.o
    0x00016f6a   0x00000002   PAD
    0x00016f6c   0x00000054   Code   RO         2014    i.getpara           gs_protocol.o
    0x00016fc0   0x00000024   Code   RO         2015    i.getstrpara        gs_protocol.o
    0x00016fe4   0x00000080   Code   RO         2016    i.getver            gs_protocol.o
    0x00017064   0x00000068   Code   RO            5    i.gpio_init         hello.o
    0x000170cc   0x000001dc   Code   RO            6    i.hello_task        hello.o
    0x000172a8   0x00000052   Code   RO          946    i.hex2str           common_fun.o
    0x000172fa   0x00000022   Code   RO          947    i.hex_reverse       common_fun.o
    0x0001731c   0x00000174   Code   RO          948    i.hexstr2ch         common_fun.o
    0x00017490   0x0000001c   Code   RO         6486    i.hwtimer_callback_reg  bsp.lib(hwtimer.o)
    0x000174ac   0x00000054   Code   RO         6488    i.hwtimer_deinit    bsp.lib(hwtimer.o)
    0x00017500   0x0000000c   Code   RO         6490    i.hwtimer_get_modulo  bsp.lib(hwtimer.o)
    0x0001750c   0x00000028   Code   RO         6493    i.hwtimer_get_time  bsp.lib(hwtimer.o)
    0x00017534   0x00000044   Code   RO         6494    i.hwtimer_init      bsp.lib(hwtimer.o)
    0x00017578   0x0000004c   Code   RO         6495    i.hwtimer_set_freq  bsp.lib(hwtimer.o)
    0x000175c4   0x00000022   Code   RO         6497    i.hwtimer_start     bsp.lib(hwtimer.o)
    0x000175e6   0x00000024   Code   RO         6437    i.hwtimer_systick_deinit  bsp.lib(hwtimer_systick.o)
    0x0001760a   0x00000002   PAD
    0x0001760c   0x00000044   Code   RO         6438    i.hwtimer_systick_get_time  bsp.lib(hwtimer_systick.o)
    0x00017650   0x0000006c   Code   RO         6439    i.hwtimer_systick_init  bsp.lib(hwtimer_systick.o)
    0x000176bc   0x00000038   Code   RO         6440    i.hwtimer_systick_isr  bsp.lib(hwtimer_systick.o)
    0x000176f4   0x00000022   Code   RO         6441    i.hwtimer_systick_set_div  bsp.lib(hwtimer_systick.o)
    0x00017716   0x00000010   Code   RO         6442    i.hwtimer_systick_start  bsp.lib(hwtimer_systick.o)
    0x00017726   0x0000000c   Code   RO         6443    i.hwtimer_systick_stop  bsp.lib(hwtimer_systick.o)
    0x00017732   0x00000002   PAD
    0x00017734   0x00000028   Code   RO         1432    i.ifinit            eeprom.o
    0x0001775c   0x0000007c   Code   RO         1433    i.initDefault       eeprom.o
    0x000177d8   0x0000007c   Code   RO         2017    i.initID            gs_protocol.o
    0x00017854   0x00000088   Code   RO         2018    i.initKd            gs_protocol.o
    0x000178dc   0x00000088   Code   RO         2019    i.initKi            gs_protocol.o
    0x00017964   0x00000088   Code   RO         2020    i.initKp            gs_protocol.o
    0x000179ec   0x000000b8   Code   RO         2021    i.initMAC           gs_protocol.o
    0x00017aa4   0x000000f0   Code   RO         2022    i.initPreC          gs_protocol.o
    0x00017b94   0x00000128   Code   RO         2023    i.initPreT          gs_protocol.o
    0x00017cbc   0x0000007c   Code   RO         2024    i.initTadjA         gs_protocol.o
    0x00017d38   0x0000007c   Code   RO         2025    i.initTadjB         gs_protocol.o
    0x00017db4   0x00000078   Code   RO         2345    i.initThermoPara    thermostat.o
    0x00017e2c   0x00000010   Code   RO         1791    i.init_LD_para      api.o
    0x00017e3c   0x00000018   Code   RO         5840    i.init_hardware     bsp.lib(init_hw.o)
    0x00017e54   0x00000026   Code   RO         2515    i.int_service_routine  fpga_int.o
    0x00017e7a   0x00000002   PAD
    0x00017e7c   0x0000010c   Code   RO         2516    i.int_task          fpga_int.o
    0x00017f88   0x0000001c   Code   RO         2891    i.kinetis_flash_invalidate_cache  bsp.lib(flash_mk64.o)
    0x00017fa4   0x00000002   Code   RO         2892    i.kinetis_flash_invalidate_cache_end  bsp.lib(flash_mk64.o)
    0x00017fa6   0x00000002   PAD
    0x00017fa8   0x00000058   Code   RO         3365    i.lwgpio_init       bsp.lib(lwgpio_kgpio.o)
    0x00018000   0x0000000e   Code   RO         3366    i.lwgpio_int_clear_flag  bsp.lib(lwgpio_kgpio.o)
    0x0001800e   0x0000002e   Code   RO         3367    i.lwgpio_int_enable  bsp.lib(lwgpio_kgpio.o)
    0x0001803c   0x0000000c   Code   RO         3369    i.lwgpio_int_get_vector  bsp.lib(lwgpio_kgpio.o)
    0x00018048   0x00000034   Code   RO         3370    i.lwgpio_int_init   bsp.lib(lwgpio_kgpio.o)
    0x0001807c   0x00000144   Code   RO         3371    i.lwgpio_set_attribute  bsp.lib(lwgpio_kgpio.o)
    0x000181c0   0x00000032   Code   RO         3372    i.lwgpio_set_direction  bsp.lib(lwgpio_kgpio.o)
    0x000181f2   0x00000020   Code   RO         3373    i.lwgpio_set_functionality  bsp.lib(lwgpio_kgpio.o)
    0x00018212   0x00000016   Code   RO         3374    i.lwgpio_set_value  bsp.lib(lwgpio_kgpio.o)
    0x00018228   0x00000010   Code   RO         8435    i.main              bsp.lib(mqx_main.o)
    0x00018238   0x00000012   Code   RO            7    i.module_ctrl_task  hello.o
    0x0001824a   0x00000002   PAD
    0x0001824c   0x0000005c   Code   RO            8    i.module_out        hello.o
    0x000182a8   0x000000d0   Code   RO            9    i.module_shut       hello.o
    0x00018378   0x0000002c   Code   RO         2026    i.noIdentify        gs_protocol.o
    0x000183a4   0x0000002c   Code   RO         2027    i.paraOverRange     gs_protocol.o
    0x000183d0   0x0000008c   Code   RO         1701    i.partition_flash   flash_rw.o
    0x0001845c   0x0000000e   Code   RO         1907    i.readDAC           dac.o
    0x0001846a   0x00000010   Code   RO         1434    i.readDevCanID      eeprom.o
    0x0001847a   0x00000010   Code   RO         1435    i.readEEPROM        eeprom.o
    0x0001848a   0x00000002   PAD
    0x0001848c   0x000000b0   Code   RO          731    i.readFPGA          spi_test.o
    0x0001853c   0x00000014   Code   RO         1436    i.readIDfromFlash   eeprom.o
    0x00018550   0x00000010   Code   RO         1437    i.readKd            eeprom.o
    0x00018560   0x00000014   Code   RO         1438    i.readKdfromFlash   eeprom.o
    0x00018574   0x00000010   Code   RO         1439    i.readKi            eeprom.o
    0x00018584   0x00000014   Code   RO         1440    i.readKifromFlash   eeprom.o
    0x00018598   0x00000010   Code   RO         1441    i.readKp            eeprom.o
    0x000185a8   0x00000014   Code   RO         1442    i.readKpfromFlash   eeprom.o
    0x000185bc   0x00000010   Code   RO         1443    i.readMAC           eeprom.o
    0x000185cc   0x00000010   Code   RO         1444    i.readPreCur        eeprom.o
    0x000185dc   0x00000010   Code   RO         1446    i.readPreTem        eeprom.o
    0x000185ec   0x00000014   Code   RO         1447    i.readPreTemfromFlash  eeprom.o
    0x00018600   0x0000003e   Code   RO         1792    i.readReg           api.o
    0x0001863e   0x00000014   Code   RO         1448    i.readStrEEPROM     eeprom.o
    0x00018652   0x00000010   Code   RO         1449    i.readTemAdjA       eeprom.o
    0x00018662   0x00000010   Code   RO         1450    i.readTemAdjB       eeprom.o
    0x00018672   0x00000010   Code   RO         1451    i.readWorkMode      eeprom.o
    0x00018682   0x00000010   Code   RO         2028    i.retRqtHead        gs_protocol.o
    0x00018692   0x0000003a   Code   RO          950    i.reverse           common_fun.o
    0x000186cc   0x0000006c   Code   RO         2029    i.rqtDIRswitch      gs_protocol.o
    0x00018738   0x00000078   Code   RO         2030    i.rqtLDSwitch       gs_protocol.o
    0x000187b0   0x00000044   Code   RO         2031    i.rqtQHardID        gs_protocol.o
    0x000187f4   0x00000044   Code   RO         2032    i.rqtQID            gs_protocol.o
    0x00018838   0x0000003c   Code   RO         2033    i.rqtQKd            gs_protocol.o
    0x00018874   0x0000003c   Code   RO         2034    i.rqtQKi            gs_protocol.o
    0x000188b0   0x0000003c   Code   RO         2035    i.rqtQKp            gs_protocol.o
    0x000188ec   0x00000154   Code   RO         2036    i.rqtQLDI           gs_protocol.o
    0x00018a40   0x000000f8   Code   RO         2037    i.rqtQLDV           gs_protocol.o
    0x00018b38   0x0000004c   Code   RO         2038    i.rqtQMAC           gs_protocol.o
    0x00018b84   0x0000008c   Code   RO         2039    i.rqtQPDpwr         gs_protocol.o
    0x00018c10   0x000000ec   Code   RO         2040    i.rqtQPreTem        gs_protocol.o
    0x00018cfc   0x0000038c   Code   RO         2041    i.rqtQTec           gs_protocol.o
    0x00019088   0x00000128   Code   RO         2042    i.rqtQTem           gs_protocol.o
    0x000191b0   0x00000010   Code   RO         2043    i.rqtQinfor         gs_protocol.o
    0x000191c0   0x00000218   Code   RO         2044    i.rqtQinit          gs_protocol.o
    0x000193d8   0x000000fc   Code   RO         2045    i.rqtQparam         gs_protocol.o
    0x000194d4   0x00000144   Code   RO         2046    i.rqtSLDI           gs_protocol.o
    0x00019618   0x000000d0   Code   RO         2047    i.rqtSTec           gs_protocol.o
    0x000196e8   0x00000124   Code   RO         2048    i.rqtSTem           gs_protocol.o
    0x0001980c   0x00000058   Code   RO         2049    i.rqtTECswitch      gs_protocol.o
    0x00019864   0x00000060   Code   RO         2050    i.rqtTMSswitch      gs_protocol.o
    0x000198c4   0x00000240   Code   RO         2051    i.rqtTarget         gs_protocol.o
    0x00019b04   0x000000c0   Code   RO         2052    i.rqtTargetTemp     gs_protocol.o
    0x00019bc4   0x00000120   Code   RO         2053    i.rqtrReg           gs_protocol.o
    0x00019ce4   0x000001b0   Code   RO         2054    i.rqtwReg           gs_protocol.o
    0x00019e94   0x00000060   Code   RO         2346    i.sample_single     thermostat.o
    0x00019ef4   0x00000034   Code   RO          951    i.strLow2Cap        common_fun.o
    0x00019f28   0x00000004   Code   RO         7563    i.systick_get_vector  bsp.lib(hwtimer_kinetis.o)
    0x00019f2c   0x00000020   Code   RO         2347    i.thermostat        thermostat.o
    0x00019f4c   0x000003ec   Code   RO         2348    i.thermostat_single  thermostat.o
    0x0001a338   0x00000018   Code   RO         2349    i.thermostat_task   thermostat.o
    0x0001a350   0x0000000c   Code   RO         4951    i.toolchain_startup  psp.lib(comp.o)
    0x0001a35c   0x00000098   Code   RO          903    i.uart_init         uart_test.o
    0x0001a3f4   0x00000088   Code   RO          904    i.uart_task         uart_test.o
    0x0001a47c   0x00000010   Code   RO         1908    i.writeDAC          dac.o
    0x0001a48c   0x00000010   Code   RO         1453    i.writeDevCanID     eeprom.o
    0x0001a49c   0x00000010   Code   RO         1454    i.writeEEPROM       eeprom.o
    0x0001a4ac   0x000000b8   Code   RO          733    i.writeFPGA         spi_test.o
    0x0001a564   0x0000000a   Code   RO         1455    i.writeIDtoFlash    eeprom.o
    0x0001a56e   0x00000010   Code   RO         1456    i.writeKd           eeprom.o
    0x0001a57e   0x00000010   Code   RO         1457    i.writeKi           eeprom.o
    0x0001a58e   0x00000010   Code   RO         1458    i.writeKp           eeprom.o
    0x0001a59e   0x00000010   Code   RO         1459    i.writeMAC          eeprom.o
    0x0001a5ae   0x00000010   Code   RO         1460    i.writePreCur       eeprom.o
    0x0001a5be   0x00000002   PAD
    0x0001a5c0   0x00000018   Code   RO         1461    i.writePreCurtoFlash  eeprom.o
    0x0001a5d8   0x00000010   Code   RO         1462    i.writePreTem       eeprom.o
    0x0001a5e8   0x00000018   Code   RO         1463    i.writePreTemtoFlash  eeprom.o
    0x0001a600   0x00000178   Code   RO         1794    i.writeReg          api.o
    0x0001a778   0x00000014   Code   RO         1464    i.writeStrEEPROM    eeprom.o
    0x0001a78c   0x00000010   Code   RO         1465    i.writeTemAdjA      eeprom.o
    0x0001a79c   0x00000010   Code   RO         1466    i.writeTemAdjB      eeprom.o
    0x0001a7ac   0x00000010   Code   RO         1467    i.writeWorkMode     eeprom.o
    0x0001a7bc   0x00000034   Code   RO         2055    i.wrongFormat       gs_protocol.o
    0x0001a7f0   0x0000002c   Code   RO         8428    locale$$code        c_w.l(lc_ctype_c.o)
    0x0001a81c   0x0000002c   Code   RO         8431    locale$$code        c_w.l(lc_numeric_c.o)
    0x0001a848   0x00000018   Code   RO         8309    x$fpl$basic         fz_wm.l(basic.o)
    0x0001a860   0x00000062   Code   RO         8311    x$fpl$d2f           fz_wm.l(d2f.o)
    0x0001a8c2   0x00000002   PAD
    0x0001a8c4   0x00000150   Code   RO         8313    x$fpl$dadd          fz_wm.l(daddsub_clz.o)
    0x0001aa14   0x00000010   Code   RO         8673    x$fpl$dcheck1       fz_wm.l(dcheck1.o)
    0x0001aa24   0x00000018   Code   RO         8385    x$fpl$dcmpinf       fz_wm.l(dcmpi.o)
    0x0001aa3c   0x000002b0   Code   RO         8320    x$fpl$ddiv          fz_wm.l(ddiv.o)
    0x0001acec   0x00000078   Code   RO         8323    x$fpl$deqf          fz_wm.l(deqf.o)
    0x0001ad64   0x0000005e   Code   RO         8325    x$fpl$dfix          fz_wm.l(dfix.o)
    0x0001adc2   0x00000002   PAD
    0x0001adc4   0x0000005a   Code   RO         8329    x$fpl$dfixu         fz_wm.l(dfixu.o)
    0x0001ae1e   0x0000002e   Code   RO         8334    x$fpl$dflt          fz_wm.l(dflt_clz.o)
    0x0001ae4c   0x00000026   Code   RO         8333    x$fpl$dfltu         fz_wm.l(dflt_clz.o)
    0x0001ae72   0x00000002   PAD
    0x0001ae74   0x00000078   Code   RO         8339    x$fpl$dleqf         fz_wm.l(dleqf.o)
    0x0001aeec   0x00000154   Code   RO         8341    x$fpl$dmul          fz_wm.l(dmul.o)
    0x0001b040   0x0000009c   Code   RO         8387    x$fpl$dnaninf       fz_wm.l(dnaninf.o)
    0x0001b0dc   0x0000000c   Code   RO         8389    x$fpl$dretinf       fz_wm.l(dretinf.o)
    0x0001b0e8   0x0000006c   Code   RO         8343    x$fpl$drleqf        fz_wm.l(drleqf.o)
    0x0001b154   0x00000016   Code   RO         8314    x$fpl$drsb          fz_wm.l(daddsub_clz.o)
    0x0001b16a   0x00000002   PAD
    0x0001b16c   0x000001d4   Code   RO         8315    x$fpl$dsub          fz_wm.l(daddsub_clz.o)
    0x0001b340   0x00000056   Code   RO         8345    x$fpl$f2d           fz_wm.l(f2d.o)
    0x0001b396   0x0000008c   Code   RO         8391    x$fpl$fnaninf       fz_wm.l(fnaninf.o)
    0x0001b422   0x0000000a   Code   RO         8556    x$fpl$fpinit        fz_wm.l(fpinit.o)
    0x0001b42c   0x0000000a   Code   RO         8393    x$fpl$fretinf       fz_wm.l(fretinf.o)
    0x0001b436   0x00000064   Code   RO         8675    x$fpl$retnan        fz_wm.l(retnan.o)
    0x0001b49a   0x0000005c   Code   RO         8668    x$fpl$scalbn        fz_wm.l(scalbn.o)
    0x0001b4f6   0x00000004   Code   RO         8433    x$fpl$scanf1        fz_wm.l(scanf1.o)
    0x0001b4fa   0x00000008   Code   RO         8560    x$fpl$scanf2        fz_wm.l(scanf2.o)
    0x0001b502   0x00000030   Code   RO         8677    x$fpl$trapveneer    fz_wm.l(trapv.o)
    0x0001b532   0x00000000   Code   RO         8395    x$fpl$usenofp       fz_wm.l(usenofp.o)
    0x0001b532   0x00000002   PAD
    0x0001b534   0x00000140   Data   RO           11    .constdata          hello.o
    0x0001b674   0x0000003f   Data   RO         1077    .constdata          ftm.o
    0x0001b6b3   0x00000001   PAD
    0x0001b6b4   0x00000041   Data   RO         1224    .constdata          gpio.o
    0x0001b6f5   0x00000003   PAD
    0x0001b6f8   0x0000000a   Data   RO         1909    .constdata          dac.o
    0x0001b702   0x00000038   Data   RO         3185    .constdata          bsp.lib(init_gpio.o)
    0x0001b73a   0x00000002   PAD
    0x0001b73c   0x00000030   Data   RO         3282    .constdata          bsp.lib(init_lwadc.o)
    0x0001b76c   0x00000020   Data   RO         3305    .constdata          bsp.lib(lwadc_kadc.o)
    0x0001b78c   0x00000014   Data   RO         3376    .constdata          bsp.lib(lwgpio_kgpio.o)
    0x0001b7a0   0x00000028   Data   RO         5407    .constdata          psp.lib(mqx.o)
    0x0001b7c8   0x00000022   Data   RO         5673    .constdata          psp.lib(io_dopr.o)
    0x0001b7ea   0x00000002   PAD
    0x0001b7ec   0x000001a4   Data   RO         5754    .constdata          bsp.lib(bsp_cm.o)
    0x0001b990   0x00000010   Data   RO         6152    .constdata          bsp.lib(dma.o)
    0x0001b9a0   0x00000018   Data   RO         6444    .constdata          bsp.lib(hwtimer_systick.o)
    0x0001b9b8   0x0000010c   Data   RO         6588    .constdata          bsp.lib(i2c_pol_ki2c.o)
    0x0001bac4   0x00000040   Data   RO         6684    .constdata          bsp.lib(init_adc.o)
    0x0001bb04   0x0000000c   Data   RO         6693    .constdata          bsp.lib(init_esdhc.o)
    0x0001bb10   0x0000008c   Data   RO         6702    .constdata          bsp.lib(init_flashx.o)
    0x0001bb9c   0x0000003c   Data   RO         6712    .constdata          bsp.lib(init_i2c.o)
    0x0001bbd8   0x0000001c   Data   RO         6721    .constdata          bsp.lib(init_sai.o)
    0x0001bbf4   0x000000d8   Data   RO         6732    .constdata          bsp.lib(init_sci.o)
    0x0001bccc   0x000000a0   Data   RO         6741    .constdata          bsp.lib(init_spi.o)
    0x0001bd6c   0x00000018   Data   RO         6750    .constdata          bsp.lib(init_dma.o)
    0x0001bd84   0x00000020   Data   RO         7163    .constdata          bsp.lib(adc_kadc.o)
    0x0001bda4   0x000000a0   Data   RO         7475    .constdata          bsp.lib(flash_ftfe.o)
    0x0001be44   0x00000018   Data   RO         7966    .constdata          bsp.lib(spi_dspi_dma.o)
    0x0001be5c   0x00000018   Data   RO         8023    .constdata          bsp.lib(spi_dspi.o)
    0x0001be74   0x00000044   Data   RO         8105    .constdata          bsp.lib(edma_kinetis.o)
    0x0001beb8   0x0000000c   Data   RO         8172    .constdata          bsp.lib(spi_mk64.o)
    0x0001bec4   0x00000060   Data   RO         8195    .constdata          bsp.lib(spi_dspi_common.o)
    0x0001bf24   0x00000030   Data   RO         8507    .constdata          bsp.lib(mqx_init.o)
    0x0001bf54   0x00000094   Data   RO         8523    .constdata          c_w.l(bigflt0.o)
    0x0001bfe8   0x0000007a   Data   RO           12    .conststring        hello.o
    0x0001c062   0x00000002   PAD
    0x0001c064   0x0000008f   Data   RO          735    .conststring        spi_test.o
    0x0001c0f3   0x00000001   PAD
    0x0001c0f4   0x00000078   Data   RO         5408    .conststring        psp.lib(mqx.o)
    0x0001c16c   0x00000007   Data   RO         5881    .conststring        bsp.lib(init_bsp.o)
    0x0001c173   0x00000001   PAD
    0x0001c174   0x00000039   Data   RO         6703    .conststring        bsp.lib(init_flashx.o)
    0x0001c1ad   0x00000003   PAD
    0x0001c1b0   0x00000005   Data   RO         6722    .conststring        bsp.lib(init_sai.o)
    0x0001c1b5   0x00000003   PAD
    0x0001c1b8   0x00000006   Data   RO         8508    .conststring        bsp.lib(mqx_init.o)
    0x0001c1be   0x00000002   PAD
    0x0001c1c0   0x00000050   Data   RO         8679    Region$$Table       anon$$obj.o
    0x0001c210   0x00000008   Data   RO         8553    c$$dinf             fz_wm.l(fpconst.o)
    0x0001c218   0x00000110   Data   RO         8427    locale$$data        c_w.l(lc_ctype_c.o)
    0x0001c328   0x0000001c   Data   RO         8430    locale$$data        c_w.l(lc_numeric_c.o)


    Execution Region USEDFLASH_END (Base: 0x0001d000, Size: 0x00000004, Max: 0x00000004, ABSOLUTE)

    Base Addr    Size         Type   Attr      Idx    E Section Name        Object

    0x0001d000   0x00000004   Zero   RW            1    USEDFLASH_END.bss   anon$$obj.o


    Execution Region RAM_VECTORS (Base: 0x1fff0000, Size: 0x00000000, Max: 0xffffffff, ABSOLUTE)

    **** No section assigned to this execution region ****


    Execution Region NOUSER (Base: 0x1fff0000, Size: 0x00000000, Max: 0xffffffff, ABSOLUTE)

    **** No section assigned to this execution region ****


    Execution Region ROUSER (Base: 0x1fff0000, Size: 0x00000000, Max: 0xffffffff, ABSOLUTE)

    **** No section assigned to this execution region ****


    Execution Region RWUSER (Base: 0x1fff0000, Size: 0x00000000, Max: 0xffffffff, ABSOLUTE)

    **** No section assigned to this execution region ****


    Execution Region DATA (Base: 0x1fff0000, Size: 0x000005f8, Max: 0xffffffff, ABSOLUTE, COMPRESSED[0x00000098])

    Base Addr    Size         Type   Attr      Idx    E Section Name        Object

    0x1fff0000   0x00000008   Data   RW           13    .data               hello.o
    0x1fff0008   0x0000001d   Data   RW          736    .data               spi_test.o
    0x1fff0025   0x00000002   Data   RW         1469    .data               eeprom.o
    0x1fff0027   0x00000001   PAD
    0x1fff0028   0x00000004   Data   RW         1702    .data               flash_rw.o
    0x1fff002c   0x00000034   Data   RW         1795    .data               api.o
    0x1fff0060   0x00000031   Data   RW         2057    .data               gs_protocol.o
    0x1fff0091   0x00000003   PAD
    0x1fff0094   0x00000035   Data   RW         2415    .data               can_test.o
    0x1fff00c9   0x00000003   PAD
    0x1fff00cc   0x00000004   Data   RW         2487    .data               system_mk64f12.o
    0x1fff00d0   0x00000004   Data   RW         3306    .data               bsp.lib(lwadc_kadc.o)
    0x1fff00d4   0x00000014   Data   RW         3377    .data               bsp.lib(lwgpio_kgpio.o)
    0x1fff00e8   0x00000008   Data   RW         4873    .data               bsp.lib(adc_mk64.o)
    0x1fff00f0   0x00000008   Data   RW         5059    .data               psp.lib(psp_mstiq.o)
    0x1fff00f8   0x0000000c   Data   RW         5409    .data               psp.lib(mqx.o)
    0x1fff0104   0x00000001   Data   RW         5755    .data               bsp.lib(bsp_cm.o)
    0x1fff0105   0x00000003   PAD
    0x1fff0108   0x0000000c   Data   RW         5882    .data               bsp.lib(init_bsp.o)
    0x1fff0114   0x00000008   Data   RW         6153    .data               bsp.lib(dma.o)
    0x1fff011c   0x00000020   Data   RW         6723    .data               bsp.lib(init_sai.o)
    0x1fff013c   0x00000010   Data   RW         6774    .data               bsp.lib(krtc.o)
    0x1fff014c   0x00000004   Data   RW         7164    .data               bsp.lib(adc_kadc.o)
    0x1fff0150   0x00000001   Data   RW         7245    .data               bsp.lib(adt_kpdb.o)
    0x1fff0151   0x00000003   PAD
    0x1fff0154   0x00000034   Data   RW         7352    .data               bsp.lib(edma.o)
    0x1fff0188   0x0000000c   Data   RW         8173    .data               bsp.lib(spi_mk64.o)
    0x1fff0194   0x000000ac   Zero   RW           10    .bss                hello.o
    0x1fff0240   0x00000070   Zero   RW          905    .bss                uart_test.o
    0x1fff02b0   0x00000080   Zero   RW         1468    .bss                eeprom.o
    0x1fff0330   0x00000070   Zero   RW         2056    .bss                gs_protocol.o
    0x1fff03a0   0x00000104   Zero   RW         2350    .bss                thermostat.o
    0x1fff04a4   0x00000024   Zero   RW         2414    .bss                can_test.o
    0x1fff04c8   0x0000002c   Zero   RW         2517    .bss                fpga_int.o
    0x1fff04f4   0x00000030   Zero   RW         3304    .bss                bsp.lib(lwadc_kadc.o)
    0x1fff0524   0x00000004   PAD
    0x1fff0528   0x00000040   Zero   RW         5880    .bss                bsp.lib(init_bsp.o)
    0x1fff0568   0x00000014   Zero   RW         7162    .bss                bsp.lib(adc_kadc.o)
    0x1fff057c   0x00000024   Zero   RW         7244    .bss                bsp.lib(adt_kpdb.o)
    0x1fff05a0   0x00000040   Zero   RW         7351    .bss                bsp.lib(edma.o)
    0x1fff05e0   0x00000004   Zero   RW         8373    .bss                c_w.l(rt_errno_addr.o)
    0x1fff05e4   0x00000014   Zero   RW         8417    .bss                c_w.l(rt_locale.o)


    Execution Region USB_BDT (Base: 0x1fff0600, Size: 0x00000000, Max: 0xffffffff, ABSOLUTE)

    **** No section assigned to this execution region ****


    Execution Region KERNEL_DATA_START (Base: 0x1fff0600, Size: 0x00000004, Max: 0xffffffff, ABSOLUTE)

    Base Addr    Size         Type   Attr      Idx    E Section Name        Object

    0x1fff0600   0x00000004   Data   RW         2884    KERNEL_DATA_START   psp.lib(linker_symbols.o)


    Execution Region BOOT_STACK_ADDR (Base: 0x2002fef0, Size: 0x00000004, Max: 0xffffffff, ABSOLUTE)

    Base Addr    Size         Type   Attr      Idx    E Section Name        Object

    0x2002fef0   0x00000004   Data   RW         2886    BOOT_STACK          psp.lib(linker_symbols.o)


    Execution Region KERNEL_DATA_END (Base: 0x2002fff0, Size: 0x00000004, Max: 0xffffffff, ABSOLUTE)

    Base Addr    Size         Type   Attr      Idx    E Section Name        Object

    0x2002fff0   0x00000004   Data   RW         2885    KERNEL_DATA_END     psp.lib(linker_symbols.o)


==============================================================================

Image component sizes


      Code (inc. data)   RO Data    RW Data    ZI Data      Debug   Object Name

       216         60          0          0          0       1200   adc_ctrl.o
      2110         96          0         52          0      10738   api.o
      6502       2854          0         53         36       9741   can_test.o
       718          0          0          0          0       5932   common_fun.o
       140         16          0          0          0       1746   common_inc.o
       776         18         10          0          0       4309   dac.o
       722         40          0          2        128      20136   eeprom.o
       342        100          0          4          0       5479   flash_rw.o
       306        136          0          0         44       1543   fpga_int.o
      2176         46         63          0          0       9310   ftm.o
       826         84         65          0          0       6417   gpio.o
     11682       2598          0         49        112      36004   gs_protocol.o
      1130        364        442          8        172     483396   hello.o
       158          0          0          0          0       3742   queue.o
         0          0          0          0          0     461732   spi_memory.o
       846        300        143         29          0      15377   spi_test.o
       344         28          0          4          0       1082   system_mk64f12.o
      1308         80          0          0        260       5245   thermostat.o
       288         54          0          0        112       1898   uart_test.o

    ----------------------------------------------------------------------
     30608       6874        810        208        868    1085027   Object Totals
         0          0         80          0          4          0   (incl. Generated)
        18          0          7          7          0          0   (incl. Padding)

    ----------------------------------------------------------------------

      Code (inc. data)   RO Data    RW Data    ZI Data      Debug   Library Member Name

      1550         34          0          0          0      10009   adc.o
      2506        116         32          4         20      11778   adc_kadc.o
        24          6          0          8          0       1240   adc_mk64.o
      2898        162          0          1         36      12877   adt_kpdb.o
      1852        124        420          1          0      14797   bsp_cm.o
        24          0          0          0          0       1534   cm.o
       932         34         16          8          0      10568   dma.o
      2442         98          0         52         64      17725   edma.o
        80         12         68          0          0       2630   edma_kinetis.o
      3858        120          0          0          0      17361   esdhc.o
        36          4          0          0          0       1238   esdhc_mk64.o
      1442         38        160          0          0      15258   flash_ftfe.o
        38          8          0          0          0       6210   flash_mk64.o
      3766         38          0          0          0      15529   flashx.o
        64          4          0          0          0       1402   flexcan_mk64.o
       342          0          0          0          0       5446   hwtimer.o
         4          0          0          0          0        549   hwtimer_kinetis.o
       330         16         24          0          0       5328   hwtimer_systick.o
       424         26          0          0          0       5804   i2c_int.o
      1652         38          0          0          0       6906   i2c_int_ki2c.o
        62         10          0          0          0       1214   i2c_mk64.o
       422         26          0          0          0       5789   i2c_pol.o
      2214         72        268          0          0      10054   i2c_pol_ki2c.o
         0          0         64          0          0        730   init_adc.o
       614        180          7         12         64      41727   init_bsp.o
         0          0         24          0          0        722   init_dma.o
         0          0         12          0          0        263   init_esdhc.o
         0          0        197          0          0        727   init_flashx.o
      1532        174         56          0          0      11010   init_gpio.o
       212         34          0          0          0       2684   init_hw.o
         0          0         60          0          0        351   init_i2c.o
         0          0         48          0          0        294   init_lwadc.o
         0          0         33         32          0        360   init_sai.o
         0          0        216          0          0        492   init_sci.o
         0          0        160          0          0        435   init_spi.o
        52          4          0          0          0        602   io_sinit.o
      2596         84          0          0          0      12572   kflexcan.o
       592         28          0          0          0       5361   kflexcan_int.o
       112         12          0         16          0       1292   krtc.o
      1020         42         32          4         48       5089   lwadc_kadc.o
       640          8         20         20          0       7334   lwgpio_kgpio.o
         0          0         54          0          0        710   mqx_init.o
        16          4          0          0          0        543   mqx_main.o
      6874        118          0          0          0      18742   sai_dma_ksai.o
       584         28          0          0          0       6416   sai_int.o
       108          4          0          0          0       3656   sai_mk64.o
      1718         22          0          0          0       9166   serl_int.o
       594         30          0          0          0       9629   serl_int_kuart.o
        72         30          0          0          0        639   serl_mk64.o
      1284         22          0          0          0       6196   serl_pol.o
      1646         38          0          0          0       9644   serl_pol_kuart.o
      1536         52          0          0          0       8026   spi.o
      1112         22         24          0          0       8082   spi_dspi.o
       484         20         96          0          0       4522   spi_dspi_common.o
       914         26         24          0          0      13410   spi_dspi_dma.o
        52         12         12         12          0       1969   spi_mk64.o
         0          0       1040          0          0     549187   vectors.o
        90          0          0          0          0          0   __dczerorl2.o
         8          0          0          0          0         68   __main.o
        52          8          0          0          0          0   __scatter.o
        26          0          0          0          0          0   __scatter_copy.o
        28          0          0          0          0          0   __scatter_zi.o
        28          0          0          0          0         68   _chval.o
        22          0          0          0          0        100   _rserrno.o
        64          0          0          0          0         84   _sgetc.o
       158          0          0          0          0         92   _strtoul.o
        26          0          0          0          0         80   atoi.o
       216          4        148          0          0         96   bigflt0.o
      1846        132          0          0          0        736   btod.o
        12          0          0          0          0         72   exit.o
         0          0          0          0          0          0   indicate_semi.o
        18          0          0          0          0         76   isspace.o
        44         10        272          0          0         76   lc_ctype_c.o
        44         10         28          0          0         76   lc_numeric_c.o
         2          0          0          0          0          0   libinit.o
        34          0          0          0          0          0   libinit2.o
         2          0          0          0          0          0   libshutdown.o
         2          0          0          0          0          0   libshutdown2.o
        72          0          0          0          0         76   llsdiv.o
        38          0          0          0          0         68   llshl.o
       238          0          0          0          0        100   lludivv7m.o
        16          4          0          0          0         76   rt_ctype_table.o
         8          4          0          0          4         68   rt_errno_addr.o
         8          4          0          0         20         68   rt_locale.o
        68          0          0          0          0         68   rt_memclr.o
        78          0          0          0          0         80   rt_memclr_w.o
       138          0          0          0          0         68   rt_memcpy_v6.o
       100          0          0          0          0         80   rt_memcpy_w.o
         0          0          0          0          0          0   rtentry.o
        12          0          0          0          0          0   rtentry2.o
         6          0          0          0          0          0   rtentry4.o
         2          0          0          0          0          0   rtexit.o
        10          0          0          0          0          0   rtexit2.o
      1202         12          0          0          0        216   scanf_fp.o
       792         14          0          0          0        100   scanf_hexfp.o
       308         16          0          0          0        100   scanf_infnan.o
        24          0          0          0          0         68   strcat.o
       128          0          0          0          0         68   strcmpv7m.o
        72          0          0          0          0         80   strcpy.o
        62          0          0          0          0         76   strlen.o
        36          0          0          0          0         76   strncat.o
       150          0          0          0          0         80   strncmp.o
        86          0          0          0          0         76   strncpy.o
        36          0          0          0          0         80   strstr.o
       160         12          0          0          0        120   strtod.o
       112          0          0          0          0         88   strtol.o
       114          0          0          0          0         92   strtoul.o
        12          4          0          0          0         68   sys_exit.o
         2          0          0          0          0         68   use_no_semi.o
        24          0          0          0          0        164   basic.o
        98          4          0          0          0        140   d2f.o
       826         16          0          0          0        492   daddsub_clz.o
        16          4          0          0          0        116   dcheck1.o
        24          0          0          0          0        116   dcmpi.o
       688        140          0          0          0        256   ddiv.o
       120          4          0          0          0        140   deqf.o
        94          4          0          0          0        140   dfix.o
        90          4          0          0          0        140   dfixu.o
        84          0          0          0          0        232   dflt_clz.o
       120          4          0          0          0        140   dleqf.o
       340         12          0          0          0        152   dmul.o
       156          4          0          0          0        140   dnaninf.o
        12          0          0          0          0        116   dretinf.o
       108          0          0          0          0        128   drleqf.o
        86          4          0          0          0        132   f2d.o
       140          4          0          0          0        132   fnaninf.o
         0          0          8          0          0          0   fpconst.o
        10          0          0          0          0        116   fpinit.o
        10          0          0          0          0        116   fretinf.o
       100          0          0          0          0        116   retnan.o
        92          0          0          0          0        116   scalbn.o
         4          0          0          0          0        116   scanf1.o
         8          0          0          0          0        132   scanf2.o
        48          0          0          0          0        116   trapv.o
         0          0          0          0          0          0   usenofp.o
        56         12          0          0          0        132   atof.o
        32          8          0          0          0        124   dunder.o
       140         22          0          0          0        132   frexp.o
       244         16          0          0          0        308   ldexp.o
       208          8          0          0          0        152   modf.o
       184         18          0          0          0        152   narrow.o
        92         16          0          0          0        320   boot.o
        22          0          0          0          0       1032   comp.o
       704         20          0          0          0        624   dispatch.o
        72          6          0          0          0        897   idletask.o
       112          6          0          0          0       1210   inittask.o
       762         70          0          0          0       6932   int.o
        20          6          0          0          0        563   int_inst.o
        48          6          0          0          0        746   int_unx.o
        16          6          0          0          0        600   int_vtab.o
      3726         84         34          0          0       7688   io_dopr.o
        48          0          0          0          0        701   io_fflsh.o
       168          4          0          0          0       1032   io_fopen.o
      2068         32          0          0          0       7550   io_fp.o
        58          0          0          0          0        728   io_fputc.o
       174          0          0          0          0        880   io_fseek.o
        68         12          0          0          0        661   io_ghand.o
        32          4          0          0          0        547   io_init.o
        48          0          0          0          0        858   io_inst.o
       224          6          0          0          0       1254   io_instx.o
        80          0          0          0          0        852   io_ioctl.o
        52          4          0          0          0        637   io_pntf.o
       118          0          0          0          0        903   io_read.o
        62          4          0          0          0       1290   io_spr.o
        20          4          0          0          0        551   kinetis_mpu.o
         0          0          0         12          0          0   linker_symbols.o
       924         52          0          0          0       7972   lwevent.o
      1962         84          0          0          0      15540   lwmem.o
       610         38          0          0          0       5550   lwsem.o
       700         68        160         12          0      42357   mqx.o
       200         12          0          0          0      61565   nvic.o
        26          0          0          0          0        704   psp_iinit.o
       198          0          0          0          0        997   psp_mat1.o
       190          0          0          0          0        981   psp_mat2.o
        76          0          0          0          0       1160   psp_mat3.o
       140         12          0          8          0        772   psp_mstiq.o
         6          0          0          0          0        432   psp_supp.o
        80          4          0          0          0        789   psp_tiad.o
       170          6          0          0          0       1457   psp_tims.o
        52          4          0          0          0        739   psp_tinm.o
        64          4          0          0          0        718   psp_tisu.o
       176          0          0          0          0       2796   queue.o
       208         20          0          0          0       1920   sc_irdyq.o
       106          4          0          0          0       1414   sched.o
       176          4          0          0          0       1720   stack_bu.o
         2          0          0          0          0        559   stack_de.o
      1752         56          0          0          0      51823   task.o
       504         36          0          0          0       3534   taskq.o
       756         42          0          0          0      24150   time.o

    ----------------------------------------------------------------------
     80276       3238       3830        208        260    1201069   Library Totals
       104          0         13          6          4          0   (incl. Padding)

    ----------------------------------------------------------------------

      Code (inc. data)   RO Data    RW Data    ZI Data      Debug   Library Name

     51326       1980       3167        170        232     923828   bsp.lib
      6812        234        448          0         24       3832   c_w.l
      3298        204          8          0          0       3704   fz_wm.l
       864         84          0          0          0       1000   m_wm.l
     17872        736        194         32          0     268705   psp.lib

    ----------------------------------------------------------------------
     80276       3238       3830        208        260    1201069   Library Totals

    ----------------------------------------------------------------------

==============================================================================


      Code (inc. data)   RO Data    RW Data    ZI Data      Debug   

    110884      10112       4640        416       1128    2217880   Grand Totals
    110884      10112       4640        164       1128    2217880   ELF Image Totals (compressed)
    110884      10112       4640        164          0          0   ROM Totals

==============================================================================

    Total RO  Size (Code + RO Data)               115524 ( 112.82kB)
    Total RW  Size (RW Data + ZI Data)              1544 (   1.51kB)
    Total ROM Size (Code + RO Data + RW Data)     115688 ( 112.98kB)

==============================================================================

