<html>
<body>
<pre>
<h1>µVision Build Log</h1>
<h2>Project:</h2>
H:\K64\Project\HM\HM16F2\build\uv4\hello_twrk64f120m\middle_power_up-0x5000.uvprojx
Project File Date:  12/26/2016

<h2>Output:</h2>
Build target 'middle_power_up'
compiling main.c...
compiling queue.c...
compiling common_fun.c...
compiling adc_ctrl.c...
compiling ftm.c...
compiling gpio.c...
compiling common_inc.c...
compiling EEPROM.c...
compiling flash_rw.c...
compiling api.c...
..\..\..\api.c(174): warning:  #1035-D: single-precision operand implicitly converted to double-precision
        adc = (24.705 - temp)/0.0104;
..\..\..\api.c(217): warning:  #1035-D: single-precision operand implicitly converted to double-precision
        dac = current /1.2 *4095;
..\..\..\api.c(268): warning:  #177-D: variable "dac" was declared but never referenced
        unsigned int dac = 0;
..\..\..\api.c: 3 warnings, 0 errors
compiling gs_protocol.c...
compiling Thermostat.c...
compiling system_MK64F12.c...
compiling capture.c...
..\..\..\capture.c(22): warning:  #167-D: argument of type "void (*)(void)" is incompatible with parameter of type "INT_ISR_FPTR"
        _int_install_isr(INT_FTM0 ,FTM0_IRQHandler,0);
..\..\..\capture.c: 1 warning, 0 errors
compiling can_ctrl.c...
..\..\..\can_ctrl.c(702): warning:  #61-D: integer operation result is out of range
                                _lwevent_set(&event, 1<<31);
..\..\..\can_ctrl.c(702): warning:  #68-D: integer conversion resulted in a change of sign
                                _lwevent_set(&event, 1<<31);
..\..\..\can_ctrl.c(910): warning:  #61-D: integer operation result is out of range
                 if (_lwevent_wait_ticks(&event, 1 << 31, FALSE, 0) != MQX_OK) {
..\..\..\can_ctrl.c(910): warning:  #68-D: integer conversion resulted in a change of sign
                 if (_lwevent_wait_ticks(&event, 1 << 31, FALSE, 0) != MQX_OK) {
..\..\..\can_ctrl.c: 4 warnings, 0 errors
compiling dac_ctrl.c...
compiling uart_ctrl.c...
compiling fpga_int.c...
compiling time.c...
compiling i2c_ctrl.c...
linking...
Program Size: Code=121952 RO-data=4688 RW-data=476 ZI-data=6076  
FromELF: creating hex file...
After Build - User command #1: C:\Keil_v5\ARM\ARMCC\bin\fromelf.exe --bin --output ./bin/middle_power.bin ./obj/middle_power.axf
".\Int Flash Debug\HM16F2.axf" - 0 Error(s), 8 Warning(s).
ls.
Finished: 1 information, 0 warning and 1 error messages.
".\Int Flash Debug\HM16F2.axf" - 1 Error(s), 9 Warning(s).
Target not created
ing time.c...
compiling i2c_ctrl.c...
".\Int Flash Debug\HM16F2.axf" - 2 Error(s), 9 Warning(s).
Target not created
.
compiling fpga_int.c...
compiling time.c...
compiling i2c_ctrl.c...
".\Int Flash Debug\HM16F2.axf" - 3 Error(s), 9 Warning(s).
Target not created
           _lwevent_set(&event, 1<<31);
..\..\..\can_ctrl.c(910): warning:  #61-D: integer operation result is out of range
                 if (_lwevent_wait_ticks(&event, 1 << 31, FALSE, 0) != MQX_OK) {
..\..\..\can_ctrl.c(910): warning:  #68-D: integer conversion resulted in a change of sign
                 if (_lwevent_wait_ticks(&event, 1 << 31, FALSE, 0) != MQX_OK) {
..\..\..\can_ctrl.c: 4 warnings, 0 errors
compiling dac_ctrl.c...
compiling uart_ctrl.c...
compiling fpga_int.c...
compiling time.c...
compiling i2c_ctrl.c...
".\Int Flash Debug\HM16F2.axf" - 7 Error(s), 9 Warning(s).
Target not created
