Product: MDK-ARM Standard 5.10
Component: ARM Compiler 5.04 update 1 (build 49)
Tool: armlink [5040049]

==============================================================================

Section Cross References

    main.o(i.functional_init) refers to uart_ctrl.o(i.uart_init) for uart_init
    main.o(i.functional_init) refers to adc_ctrl.o(i.adc_init) for adc_init
    main.o(i.functional_init) refers to main.o(i.gpio_init) for gpio_init
    main.o(i.functional_init) refers to dac_ctrl.o(i.dac_init) for dac_init
    main.o(i.functional_init) refers to eeprom.o(i.FlashEEprom_Init) for FlashEEprom_Init
    main.o(i.functional_init) refers to can_ctrl.o(i.canInit_Task) for canInit_Task
    main.o(i.functional_init) refers to can_ctrl.o(i.Rx_Task) for Rx_Task
    main.o(i.functional_init) refers to thermostat.o(i.InitTherm) for InitTherm
    main.o(i.functional_init) refers to capture.o(i.hscmp_init) for hscmp_init
    main.o(i.functional_init) refers to api.o(i.init_LD_para) for init_LD_para
    main.o(i.functional_init) refers to api.o(i.Getbase_LDI_ADC) for Getbase_LDI_ADC
    main.o(i.functional_init) refers to api.o(i.Getbase_LDI_DAC) for Getbase_LDI_DAC
    main.o(i.functional_init) refers to eeprom.o(i.ReadByteFromEEprom) for ReadByteFromEEprom
    main.o(i.functional_init) refers to eeprom.o(i.ReadIntFromEEprom) for ReadIntFromEEprom
    main.o(i.functional_init) refers to eeprom.o(i.ReadFloatFromEEprom) for ReadFloatFromEEprom
    main.o(i.functional_init) refers to gs_protocol.o(i.GetCurrentWidthPower) for GetCurrentWidthPower
    main.o(i.functional_init) refers to gs_protocol.o(i.SwitchLanguage) for SwitchLanguage
    main.o(i.functional_init) refers to gs_protocol.o(i.rqtTarget) for rqtTarget
    main.o(i.functional_init) refers to api.o(i.GetDACRef) for GetDACRef
    main.o(i.functional_init) refers to api.o(i.CurrCalibration) for CurrCalibration
    main.o(i.functional_init) refers to api.o(i.GetDACValueWithCurrent) for GetDACValueWithCurrent
    main.o(i.functional_init) refers to gs_protocol.o(i.retRqtHead) for retRqtHead
    main.o(i.functional_init) refers to io_spr.o(i._io_sprintf) for _io_sprintf
    main.o(i.functional_init) refers to gs_protocol.o(i.SendStr) for SendStr
    main.o(i.functional_init) refers to gs_protocol.o(i.HmiLoad) for HmiLoad
    main.o(i.functional_init) refers to time.o(i.InitTime) for InitTime
    main.o(i.functional_init) refers to main.o(.data) for base_LDI_ADC
    main.o(i.functional_init) refers to thermostat.o(.data) for T_EMAX
    main.o(i.functional_init) refers to api.o(.bss) for LD_para
    main.o(i.functional_init) refers to gs_protocol.o(.data) for InitTarCurr
    main.o(i.gpio_init) refers to gpio.o(i.GPIO_QuickInit) for GPIO_QuickInit
    main.o(i.gpio_init) refers to gpio.o(i.GPIO_WriteBit) for GPIO_WriteBit
    main.o(i.gpio_init) refers to gpio.o(i.PORT_PinMuxConfig) for PORT_PinMuxConfig
    main.o(i.gpio_init) refers to ftm.o(i.FTM_PWM_QuickInit) for FTM_PWM_QuickInit
    main.o(i.gpio_init) refers to ftm.o(i.FTM_PWM_ChangeDuty) for FTM_PWM_ChangeDuty
    main.o(i.main_task) refers to main.o(i.functional_init) for functional_init
    main.o(i.main_task) refers to lwsem.o(i._lwsem_create) for _lwsem_create
    main.o(i.main_task) refers to task.o(i._task_create) for _task_create
    main.o(i.main_task) refers to io_pntf.o(i._io_printf) for _io_printf
    main.o(i.main_task) refers to fpga_int.o(i.int_task) for int_task
    main.o(i.main_task) refers to gpio.o(i.GPIO_ToggleBit) for GPIO_ToggleBit
    main.o(i.main_task) refers to time.o(i._time_delay) for _time_delay
    main.o(i.main_task) refers to main.o(.bss) for HW_ptr
    main.o(.constdata) refers to main.o(i.main_task) for main_task
    main.o(.constdata) refers to main.o(.conststring) for .conststring
    main.o(.constdata) refers to uart_ctrl.o(i.uart_task) for uart_task
    main.o(.constdata) refers to can_ctrl.o(i.Rx_state_Task) for Rx_state_Task
    main.o(.constdata) refers to can_ctrl.o(i.Rx_reg_Task) for Rx_reg_Task
    main.o(.constdata) refers to can_ctrl.o(i.Tx_Task) for Tx_Task
    main.o(.constdata) refers to gs_protocol.o(i.ProcessUARTMsg) for ProcessUARTMsg
    main.o(.constdata) refers to thermostat.o(i.thermostat_task) for thermostat_task
    main.o(.constdata) refers to api.o(i.CurCtrl_Task) for CurCtrl_Task
    main.o(.constdata) refers to uart_ctrl.o(i.uart_comm_rec_task) for uart_comm_rec_task
    main.o(.constdata) refers to uart_ctrl.o(i.uart_hmi_rec_task) for uart_hmi_rec_task
    main.o(.constdata) refers to can_ctrl.o(i.CanHandle_Task) for CanHandle_Task
    main.o(.constdata) refers to api.o(i.CheckLDV_Task) for CheckLDV_Task
    queue.o(i.AddElement) refers to queue.o(i.checkQ) for checkQ
    queue.o(i.ClearElement) refers to queue.o(i.NEXT) for NEXT
    queue.o(i.Dequeue) refers to queue.o(i.checkQ) for checkQ
    queue.o(i.Enqueue) refers to queue.o(i.checkQ) for checkQ
[...]
    0x0000b340   0x0000048c   Code   RO         2820    i.Rx_Task           can_ctrl.o
    0x0000b7cc   0x00000154   Code   RO         2822    i.Rx_reg_Task       can_ctrl.o
    0x0000b920   0x0000016c   Code   RO         2823    i.Rx_state_Task     can_ctrl.o
    0x0000ba8c   0x0000002c   Code   RO         2091    i.SendStr           gs_protocol.o
    0x0000bab8   0x000002e0   Code   RO         1909    i.SingleRead        api.o
    0x0000bd98   0x00000254   Code   RO         1910    i.SingleWrite       api.o
    0x0000bfec   0x0000051c   Code   RO         2092    i.SwitchLanguage    gs_protocol.o
    0x0000c508   0x00000158   Code   RO         2746    i.SystemCoreClockUpdate  system_mk64f12.o
    0x0000c660   0x0000003c   Code   RO         1911    i.TECswitch         api.o
    0x0000c69c   0x0000002c   Code   RO         1912    i.THOswitch         api.o
    0x0000c6c8   0x0000057c   Code   RO         2824    i.Tx_Task           can_ctrl.o
    0x0000cc44   0x00000028   Code   RO         2093    i.UART_SendByte     gs_protocol.o
    0x0000cc6c   0x00000040   Code   RO         1036    i.WriteByteFromEEprom  eeprom.o
    0x0000ccac   0x00000030   Code   RO         1776    i.WriteFlexmem      flash_rw.o
    0x0000ccdc   0x00000048   Code   RO         1037    i.WriteFloatFromEEprom  eeprom.o
    0x0000cd24   0x0000003c   Code   RO         1038    i.WriteIntFromEEprom  eeprom.o
    0x0000cd60   0x00000044   Code   RO         1041    i.WriteStrFromEEprom  eeprom.o
    0x0000cda4   0x000000c0   Code   RO          665    i._FTM_InitBasic    ftm.o
    0x0000ce64   0x00000004   PAD
    0x0000ce68   0x00000038   Code   RO         9288    i.__hardfp_atof     m_wm.l(atof.o)
    0x0000cea0   0x000000e0   Code   RO         9562    i.__hardfp_ldexp    m_wm.l(ldexp.o)
    0x0000cf80   0x000000d0   Code   RO         9294    i.__hardfp_modf     m_wm.l(modf.o)
    0x0000d050   0x00000020   Code   RO         9611    i.__mathlib_dbl_underflow  m_wm.l(dunder.o)
    0x0000d070   0x000000b8   Code   RO         9508    i.__mathlib_narrow  m_wm.l(narrow.o)
    0x0000d128   0x00000098   Code   RO         6122    i.__psp_ticks_to_milliseconds  psp.lib(psp_tims.o)
    0x0000d1c0   0x00000014   Code   RO         9564    i.__support_ldexp   m_wm.l(ldexp.o)
    0x0000d1d4   0x000000dc   Code   RO         7143    i._adc_close        bsp.lib(adc.o)
    0x0000d2b0   0x00000068   Code   RO         8124    i._adc_hw_channel_deinit  bsp.lib(adc_kadc.o)
    0x0000d318   0x00000114   Code   RO         8125    i._adc_hw_channel_init  bsp.lib(adc_kadc.o)
    0x0000d42c   0x0000001a   Code   RO         8126    i._adc_hw_deinit    bsp.lib(adc_kadc.o)
    0x0000d446   0x00000002   PAD
    0x0000d448   0x00000264   Code   RO         8127    i._adc_hw_init      bsp.lib(adc_kadc.o)
    0x0000d6ac   0x00000008   Code   RO         8128    i._adc_hw_install   bsp.lib(adc_kadc.o)
    0x0000d6b4   0x00000310   Code   RO         8129    i._adc_hw_ioctl     bsp.lib(adc_kadc.o)
    0x0000d9c4   0x000000f0   Code   RO         7144    i._adc_ioctl        bsp.lib(adc.o)
    0x0000dab4   0x00000360   Code   RO         7145    i._adc_open         bsp.lib(adc.o)
    0x0000de14   0x00000068   Code   RO         7146    i._adc_read         bsp.lib(adc.o)
    0x0000de7c   0x00000006   Code   RO         7147    i._adc_write        bsp.lib(adc.o)
    0x0000de82   0x00000002   PAD
    0x0000de84   0x000000d4   Code   RO         8202    i._adt_hw_channel_deinit  bsp.lib(adt_kpdb.o)
    0x0000df58   0x00000150   Code   RO         8203    i._adt_hw_channel_init  bsp.lib(adt_kpdb.o)
    0x0000e0a8   0x00000010   Code   RO         8204    i._adt_hw_deinit    bsp.lib(adt_kpdb.o)
    0x0000e0b8   0x0000011c   Code   RO         8205    i._adt_hw_init      bsp.lib(adt_kpdb.o)
    0x0000e1d4   0x00000006   Code   RO         8206    i._adt_hw_install   bsp.lib(adt_kpdb.o)
    0x0000e1da   0x00000002   PAD
    0x0000e1dc   0x000001e0   Code   RO         8207    i._adt_hw_ioctl     bsp.lib(adt_kpdb.o)
    0x0000e3bc   0x000000cc   Code   RO         8208    i._adt_pause        bsp.lib(adt_kpdb.o)
    0x0000e488   0x000000bc   Code   RO         8209    i._adt_process_data  bsp.lib(adt_kpdb.o)
    0x0000e544   0x000000d8   Code   RO         8210    i._adt_resume       bsp.lib(adt_kpdb.o)
    0x0000e61c   0x000000c0   Code   RO         8211    i._adt_stop         bsp.lib(adt_kpdb.o)
    0x0000e6dc   0x000000f0   Code   RO         8212    i._adt_trigger      bsp.lib(adt_kpdb.o)
    0x0000e7cc   0x00000036   Code   RO         7395    i._allocate_sector_cache  bsp.lib(flashx.o)
    0x0000e802   0x00000002   PAD
    0x0000e804   0x000000dc   Code   RO         4181    i._bsp_adc_channel_io_init  bsp.lib(init_gpio.o)
    0x0000e8e0   0x00000040   Code   RO         4182    i._bsp_adc_io_init  bsp.lib(init_gpio.o)
    0x0000e920   0x00000084   Code   RO         4183    i._bsp_dspi_io_init  bsp.lib(init_gpio.o)
    0x0000e9a4   0x00000020   Code   RO         9018    i._bsp_edma_enable  bsp.lib(edma_kinetis.o)
    0x0000e9c4   0x00000060   Code   RO         4185    i._bsp_esdhc_io_init  bsp.lib(init_gpio.o)
    0x0000ea24   0x0000001c   Code   RO         6896    i._bsp_flexbus_mram_setup  bsp.lib(init_hw.o)
    0x0000ea40   0x00000084   Code   RO         6898    i._bsp_flexbus_setup  bsp.lib(init_hw.o)
    0x0000eac4   0x0000005c   Code   RO         4186    i._bsp_flexcan_io_init  bsp.lib(init_gpio.o)
    0x0000eb20   0x00000024   Code   RO         4187    i._bsp_ftfx_io_init  bsp.lib(init_gpio.o)
    0x0000eb44   0x00000018   Code   RO         5664    i._bsp_get_adc_base_address  bsp.lib(adc_mk64.o)
    0x0000eb5c   0x0000002c   Code   RO         5786    i._bsp_get_clock    bsp.lib(bsp_cm.o)
    0x0000eb88   0x00000008   Code   RO         5787    i._bsp_get_clock_configuration  bsp.lib(bsp_cm.o)
    0x0000eb90   0x00000018   Code   RO         9113    i._bsp_get_dspi_base_address  bsp.lib(spi_mk64.o)
    0x0000eba8   0x0000001c   Code   RO         9114    i._bsp_get_dspi_vectors  bsp.lib(spi_mk64.o)
    0x0000ebc4   0x00000018   Code   RO         9019    i._bsp_get_edma_done_vectors  bsp.lib(edma_kinetis.o)
    0x0000ebdc   0x00000018   Code   RO         9020    i._bsp_get_edma_error_vectors  bsp.lib(edma_kinetis.o)
    0x0000ebf4   0x00000014   Code   RO         8417    i._bsp_get_esdhc_base_address  bsp.lib(esdhc_mk64.o)
    0x0000ec08   0x00000010   Code   RO         8418    i._bsp_get_esdhc_vector  bsp.lib(esdhc_mk64.o)
    0x0000ec18   0x00000014   Code   RO         5702    i._bsp_get_flexcan_base_address  bsp.lib(flexcan_mk64.o)
    0x0000ec2c   0x0000002c   Code   RO         5703    i._bsp_get_flexcan_vector  bsp.lib(flexcan_mk64.o)
    0x0000ec58   0x00000008   Code   RO         9044    i._bsp_get_ftfe_address  bsp.lib(flash_mk64.o)
    0x0000ec60   0x00000018   Code   RO         6936    i._bsp_get_hwticks  bsp.lib(init_bsp.o)
    0x0000ec78   0x00000024   Code   RO         8530    i._bsp_get_i2c_base_address  bsp.lib(i2c_mk64.o)
    0x0000ec9c   0x0000001a   Code   RO         8531    i._bsp_get_i2c_vector  bsp.lib(i2c_mk64.o)
    0x0000ecb6   0x00000002   PAD
    0x0000ecb8   0x00000014   Code   RO         9071    i._bsp_get_sai_base_address  bsp.lib(sai_mk64.o)
    0x0000eccc   0x00000014   Code   RO         9072    i._bsp_get_sai_dma_channel_mask  bsp.lib(sai_mk64.o)
    0x0000ece0   0x00000012   Code   RO         9073    i._bsp_get_sai_rx_dma_source  bsp.lib(sai_mk64.o)
    0x0000ecf2   0x00000010   Code   RO         9074    i._bsp_get_sai_rx_vector  bsp.lib(sai_mk64.o)
    0x0000ed02   0x00000012   Code   RO         9075    i._bsp_get_sai_tx_dma_source  bsp.lib(sai_mk64.o)
    0x0000ed14   0x00000010   Code   RO         9076    i._bsp_get_sai_tx_vector  bsp.lib(sai_mk64.o)
    0x0000ed24   0x00000048   Code   RO         8730    i._bsp_get_serial_base_address  bsp.lib(serl_mk64.o)
    0x0000ed6c   0x00000028   Code   RO         4188    i._bsp_gpio_io_init  bsp.lib(init_gpio.o)
    0x0000ed94   0x00000084   Code   RO         4189    i._bsp_i2c_io_init  bsp.lib(init_gpio.o)
    0x0000ee18   0x0000014c   Code   RO         6937    i._bsp_init         bsp.lib(init_bsp.o)
    0x0000ef64   0x00000050   Code   RO         5788    i._bsp_initialize_hardware  bsp.lib(bsp_cm.o)
    0x0000efb4   0x00000008   Code   RO         5789    i._bsp_low_level_init  bsp.lib(bsp_cm.o)
    0x0000efbc   0x00000024   Code   RO         5790    i._bsp_osc_autotrim  bsp.lib(bsp_cm.o)
    0x0000efe0   0x00000004   Code   RO         7066    i._bsp_post_init    psp.lib(inittask.o)
    0x0000efe4   0x00000128   Code   RO         6938    i._bsp_pre_init     bsp.lib(init_bsp.o)
    0x0000f10c   0x00000014   Code   RO         4190    i._bsp_rtc_io_init  bsp.lib(init_gpio.o)
    0x0000f120   0x00000060   Code   RO         4191    i._bsp_sai_io_init  bsp.lib(init_gpio.o)
    0x0000f180   0x000001e8   Code   RO         4192    i._bsp_serial_io_init  bsp.lib(init_gpio.o)
    0x0000f368   0x00000008   Code   RO         4193    i._bsp_serial_irda_rx_init  bsp.lib(init_gpio.o)
    0x0000f370   0x00000008   Code   RO         4194    i._bsp_serial_irda_tx_init  bsp.lib(init_gpio.o)
    0x0000f378   0x00000064   Code   RO         4195    i._bsp_serial_rts_init  bsp.lib(init_gpio.o)
    0x0000f3dc   0x00000030   Code   RO         5791    i._bsp_set_clock_configuration  bsp.lib(bsp_cm.o)
    0x0000f40c   0x0000000a   Code   RO         6939    i._bsp_systimer_callback  bsp.lib(init_bsp.o)
    0x0000f416   0x00000002   PAD
    0x0000f418   0x0000001c   Code   RO         6899    i._bsp_watchdog_disable  bsp.lib(init_hw.o)
    0x0000f434   0x00000010   Code   RO         5678    i._cm_get_clock     bsp.lib(cm.o)
    0x0000f444   0x00000008   Code   RO         5679    i._cm_get_clock_configuration  bsp.lib(cm.o)
    0x0000f44c   0x00000012   Code   RO         8932    i._dspi_cs_deassert  bsp.lib(spi_dspi.o)
    0x0000f45e   0x00000002   PAD
    0x0000f460   0x00000064   Code   RO         9134    i._dspi_ctar_params  bsp.lib(spi_dspi_common.o)
    0x0000f4c4   0x00000060   Code   RO         8933    i._dspi_deinit      bsp.lib(spi_dspi.o)
    0x0000f524   0x00000012   Code   RO         9135    i._dspi_deinit_low  bsp.lib(spi_dspi_common.o)
    0x0000f536   0x00000018   Code   RO         8874    i._dspi_dma_callback  bsp.lib(spi_dspi_dma.o)
    0x0000f54e   0x00000012   Code   RO         8875    i._dspi_dma_cs_deassert  bsp.lib(spi_dspi_dma.o)
    0x0000f560   0x00000040   Code   RO         8876    i._dspi_dma_deinit  bsp.lib(spi_dspi_dma.o)
    0x0000f5a0   0x00000124   Code   RO         8877    i._dspi_dma_init    bsp.lib(spi_dspi_dma.o)
    0x0000f6c4   0x00000044   Code   RO         8878    i._dspi_dma_ioctl   bsp.lib(spi_dspi_dma.o)
    0x0000f708   0x000000a8   Code   RO         8879    i._dspi_dma_setparam  bsp.lib(spi_dspi_dma.o)
    0x0000f7b0   0x000000c0   Code   RO         8880    i._dspi_dma_transfer  bsp.lib(spi_dspi_dma.o)
    0x0000f870   0x00000058   Code   RO         8881    i._dspi_dma_tx_rx   bsp.lib(spi_dspi_dma.o)
    0x0000f8c8   0x0000013c   Code   RO         9136    i._dspi_find_baudrate  bsp.lib(spi_dspi_common.o)
    0x0000fa04   0x000000a4   Code   RO         8934    i._dspi_init        bsp.lib(spi_dspi.o)
    0x0000faa8   0x00000032   Code   RO         9137    i._dspi_init_low    bsp.lib(spi_dspi_common.o)
    0x0000fada   0x00000044   Code   RO         8935    i._dspi_ioctl       bsp.lib(spi_dspi.o)
    0x0000fb1e   0x00000114   Code   RO         8936    i._dspi_isr         bsp.lib(spi_dspi.o)
    0x0000fc32   0x00000002   PAD
    0x0000fc34   0x000000a8   Code   RO         8937    i._dspi_setparam    bsp.lib(spi_dspi.o)
    0x0000fcdc   0x00000142   Code   RO         8938    i._dspi_tx_rx       bsp.lib(spi_dspi.o)
    0x0000fe1e   0x00000002   PAD
    0x0000fe20   0x00000034   Code   RO         7296    i._esdhc_close      bsp.lib(esdhc.o)
    0x0000fe54   0x00000012   Code   RO         7297    i._esdhc_get_baudrate  bsp.lib(esdhc.o)
    0x0000fe66   0x0000001c   Code   RO         7298    i._esdhc_get_baudrate_low  bsp.lib(esdhc.o)
    0x0000fe82   0x00000002   PAD
    0x0000fe84   0x00000288   Code   RO         7299    i._esdhc_get_card_type  bsp.lib(esdhc.o)
    0x0001010c   0x000000c0   Code   RO         7300    i._esdhc_init       bsp.lib(esdhc.o)
    0x000101cc   0x000000e4   Code   RO         7301    i._esdhc_install    bsp.lib(esdhc.o)
    0x000102b0   0x00000330   Code   RO         7302    i._esdhc_ioctl      bsp.lib(esdhc.o)
    0x000105e0   0x00000014   Code   RO         7303    i._esdhc_is_running  bsp.lib(esdhc.o)
    0x000105f4   0x0000013a   Code   RO         7304    i._esdhc_isr        bsp.lib(esdhc.o)
    0x0001072e   0x00000046   Code   RO         7305    i._esdhc_open       bsp.lib(esdhc.o)
    0x00010774   0x0000010e   Code   RO         7306    i._esdhc_read       bsp.lib(esdhc.o)
    0x00010882   0x00000002   PAD
    0x00010884   0x0000028c   Code   RO         7307    i._esdhc_send_command  bsp.lib(esdhc.o)
    0x00010b10   0x00000042   Code   RO         7308    i._esdhc_set_baudrate  bsp.lib(esdhc.o)
    0x00010b52   0x00000002   PAD
    0x00010b54   0x000000a0   Code   RO         7309    i._esdhc_set_baudrate_low  bsp.lib(esdhc.o)
    0x00010bf4   0x0000004c   Code   RO         7310    i._esdhc_uninstall  bsp.lib(esdhc.o)
    0x00010c40   0x000000f8   Code   RO         7311    i._esdhc_write      bsp.lib(esdhc.o)
    0x00010d38   0x00000038   Code   RO         4607    i._int_default_isr  psp.lib(int.o)
    0x00010d70   0x0000005c   Code   RO         4608    i._int_disable      psp.lib(int.o)
    0x00010dcc   0x000000a8   Code   RO         4609    i._int_enable       psp.lib(int.o)
    0x00010e74   0x0000000c   Code   RO         4610    i._int_get_default_isr  psp.lib(int.o)
    0x00010e80   0x00000006   Code   RO         4611    i._int_get_exception_handler  psp.lib(int.o)
    0x00010e86   0x00000002   PAD
    0x00010e88   0x0000005c   Code   RO         4613    i._int_get_isr_data  psp.lib(int.o)
    0x00010ee4   0x00000074   Code   RO         4615    i._int_init         psp.lib(int.o)
    0x00010f58   0x00000010   Code   RO         4616    i._int_install_default_isr  psp.lib(int.o)
    0x00010f68   0x000000ac   Code   RO         4618    i._int_install_isr  psp.lib(int.o)
    0x00011014   0x00000020   Code   RO         4619    i._int_install_unexpected_isr  psp.lib(int.o)
    0x00011034   0x00000010   Code   RO         8083    i._int_set_vector_table  psp.lib(int_vtab.o)
    0x00011044   0x00000030   Code   RO         5931    i._int_unexpected_isr  psp.lib(int_unx.o)
    0x00011074   0x00000074   Code   RO         7148    i._io_adc_install   bsp.lib(adc.o)
    0x000110e8   0x00000318   Code   RO         7084    i._io_cvt           psp.lib(io_fp.o)
    0x00011400   0x00000030   Code   RO         8994    i._io_dev_install   psp.lib(io_inst.o)
    0x00011430   0x000000e0   Code   RO         9006    i._io_dev_install_ext  psp.lib(io_instx.o)
    0x00011510   0x00000c70   Code   RO         6823    i._io_doprint       psp.lib(io_dopr.o)
    0x00012180   0x000000ac   Code   RO         6824    i._io_doprint_prt   psp.lib(io_dopr.o)
    0x0001222c   0x000000e8   Code   RO         6825    i._io_doprint_prt64  psp.lib(io_dopr.o)
    0x00012314   0x0000003a   Code   RO         7085    i._io_dtoa          psp.lib(io_fp.o)
    0x0001234e   0x000000ee   Code   RO         7086    i._io_dtoe          psp.lib(io_fp.o)
    0x0001243c   0x0000011a   Code   RO         7087    i._io_dtof          psp.lib(io_fp.o)
    0x00012556   0x0000024a   Code   RO         7088    i._io_dtog          psp.lib(io_fp.o)
    0x000127a0   0x00000030   Code   RO         5562    i._io_fflush        psp.lib(io_fflsh.o)
    0x000127d0   0x00000022   Code   RO         7396    i._io_flashx_check_free_space  bsp.lib(flashx.o)
    0x000127f2   0x00000046   Code   RO         7397    i._io_flashx_close  bsp.lib(flashx.o)
    0x00012838   0x00000068   Code   RO         7398    i._io_flashx_erase_sector  bsp.lib(flashx.o)
    0x000128a0   0x00000124   Code   RO         7399    i._io_flashx_find_correct_sectors  bsp.lib(flashx.o)
    0x000129c4   0x0000001e   Code   RO         7400    i._io_flashx_flush_buffer  bsp.lib(flashx.o)
    0x000129e2   0x000000aa   Code   RO         7401    i._io_flashx_flush_sector_buffer  bsp.lib(flashx.o)
    0x00012a8c   0x000000a0   Code   RO         7402    i._io_flashx_install  bsp.lib(flashx.o)
    0x00012b2c   0x000004c6   Code   RO         7403    i._io_flashx_ioctl  bsp.lib(flashx.o)
    0x00012ff2   0x0000023a   Code   RO         7404    i._io_flashx_open   bsp.lib(flashx.o)
    0x0001322c   0x000000f2   Code   RO         7406    i._io_flashx_read   bsp.lib(flashx.o)
    0x0001331e   0x0000001c   Code   RO         7407    i._io_flashx_uninstall  bsp.lib(flashx.o)
    0x0001333a   0x000001a0   Code   RO         7409    i._io_flashx_write  bsp.lib(flashx.o)
    0x000134da   0x00000176   Code   RO         7410    i._io_flashx_write_partial_sector  bsp.lib(flashx.o)
    0x00013650   0x000000a8   Code   RO         5580    i._io_fopen         psp.lib(io_fopen.o)
    0x000136f8   0x0000003a   Code   RO         6859    i._io_fputc         psp.lib(io_fputc.o)
    0x00013732   0x000000ae   Code   RO         6871    i._io_fseek         psp.lib(io_fseek.o)
    0x000137e0   0x00000044   Code   RO         6883    i._io_get_handle    psp.lib(io_ghand.o)
    0x00013824   0x0000003c   Code   RO         8596    i._io_i2c_int_close  bsp.lib(i2c_int.o)
    0x00013860   0x00000078   Code   RO         8597    i._io_i2c_int_install  bsp.lib(i2c_int.o)
    0x000138d8   0x00000046   Code   RO         8598    i._io_i2c_int_ioctl  bsp.lib(i2c_int.o)
    0x0001391e   0x00000046   Code   RO         8599    i._io_i2c_int_open  bsp.lib(i2c_int.o)
    0x00013964   0x00000020   Code   RO         8600    i._io_i2c_int_read  bsp.lib(i2c_int.o)
    0x00013984   0x00000028   Code   RO         8601    i._io_i2c_int_uninstall  bsp.lib(i2c_int.o)
    0x000139ac   0x00000020   Code   RO         8602    i._io_i2c_int_write  bsp.lib(i2c_int.o)
    0x000139cc   0x00000030   Code   RO         8548    i._io_i2c_polled_close  bsp.lib(i2c_pol.o)
    0x000139fc   0x00000078   Code   RO         8549    i._io_i2c_polled_install  bsp.lib(i2c_pol.o)
    0x00013a74   0x00000046   Code   RO         8550    i._io_i2c_polled_ioctl  bsp.lib(i2c_pol.o)
    0x00013aba   0x00000050   Code   RO         8551    i._io_i2c_polled_open  bsp.lib(i2c_pol.o)
    0x00013b0a   0x00000020   Code   RO         8552    i._io_i2c_polled_read  bsp.lib(i2c_pol.o)
    0x00013b2a   0x00000028   Code   RO         8553    i._io_i2c_polled_uninstall  bsp.lib(i2c_pol.o)
    0x00013b52   0x00000020   Code   RO         8554    i._io_i2c_polled_write  bsp.lib(i2c_pol.o)
    0x00013b72   0x00000070   Code   RO         7089    i._io_inf_or_nan    psp.lib(io_fp.o)
    0x00013be2   0x00000002   PAD
    0x00013be4   0x00000020   Code   RO         8112    i._io_init          psp.lib(io_init.o)
    0x00013c04   0x00000050   Code   RO         5592    i._io_ioctl         psp.lib(io_ioctl.o)
    0x00013c54   0x0000003c   Code   RO         6826    i._io_mputc         psp.lib(io_dopr.o)
    0x00013c90   0x00000034   Code   RO         5604    i._io_printf        psp.lib(io_pntf.o)
    0x00013cc4   0x0000004e   Code   RO         6827    i._io_putstr        psp.lib(io_dopr.o)
    0x00013d12   0x00000076   Code   RO         5616    i._io_read          psp.lib(io_read.o)
    0x00013d88   0x00000048   Code   RO         7791    i._io_sai_int_close  bsp.lib(sai_int.o)
    0x00013dd0   0x0000006c   Code   RO         7792    i._io_sai_int_install  bsp.lib(sai_int.o)
    0x00013e3c   0x00000044   Code   RO         7793    i._io_sai_int_ioctl  bsp.lib(sai_int.o)
    0x00013e80   0x000000b4   Code   RO         7794    i._io_sai_int_open  bsp.lib(sai_int.o)
    0x00013f34   0x00000034   Code   RO         7795    i._io_sai_int_read  bsp.lib(sai_int.o)
    0x00013f68   0x00000034   Code   RO         7796    i._io_sai_int_uninstall  bsp.lib(sai_int.o)
    0x00013f9c   0x00000034   Code   RO         7797    i._io_sai_int_write  bsp.lib(sai_int.o)
    0x00013fd0   0x00000034   Code   RO         7842    i._io_serial_default_init  bsp.lib(io_sinit.o)
    0x00014004   0x000000f4   Code   RO         8760    i._io_serial_int_addc  bsp.lib(serl_int.o)
    0x000140f8   0x00000072   Code   RO         8761    i._io_serial_int_close  bsp.lib(serl_int.o)
    0x0001416a   0x00000002   PAD
    0x0001416c   0x00000078   Code   RO         8762    i._io_serial_int_install  bsp.lib(serl_int.o)
    0x000141e4   0x000000fc   Code   RO         8763    i._io_serial_int_ioctl  bsp.lib(serl_int.o)
    0x000142e0   0x00000092   Code   RO         8764    i._io_serial_int_nextc  bsp.lib(serl_int.o)
    0x00014372   0x00000148   Code   RO         8765    i._io_serial_int_open  bsp.lib(serl_int.o)
    0x000144ba   0x0000008a   Code   RO         8766    i._io_serial_int_putc_internal  bsp.lib(serl_int.o)
    0x00014544   0x00000126   Code   RO         8767    i._io_serial_int_read  bsp.lib(serl_int.o)
    0x0001466a   0x00000052   Code   RO         8769    i._io_serial_int_write  bsp.lib(serl_int.o)
    0x000146bc   0x00000032   Code   RO         8826    i._io_serial_polled_close  bsp.lib(serl_pol.o)
    0x000146ee   0x00000002   PAD
    0x000146f0   0x0000007c   Code   RO         8827    i._io_serial_polled_install  bsp.lib(serl_pol.o)
    0x0001476c   0x000000b2   Code   RO         8828    i._io_serial_polled_ioctl  bsp.lib(serl_pol.o)
    0x0001481e   0x000000b6   Code   RO         8829    i._io_serial_polled_open  bsp.lib(serl_pol.o)
    0x000148d4   0x000001ca   Code   RO         8830    i._io_serial_polled_read  bsp.lib(serl_pol.o)
    0x00014a9e   0x00000124   Code   RO         8832    i._io_serial_polled_write  bsp.lib(serl_pol.o)
    0x00014bc2   0x00000016   Code   RO         7985    i._io_spi_close     bsp.lib(spi.o)
    0x00014bd8   0x00000062   Code   RO         7986    i._io_spi_flush     bsp.lib(spi.o)
    0x00014c3a   0x00000002   PAD
    0x00014c3c   0x000000d4   Code   RO         7987    i._io_spi_install   bsp.lib(spi.o)
    0x00014d10   0x00000338   Code   RO         7988    i._io_spi_ioctl     bsp.lib(spi.o)
    0x00015048   0x00000072   Code   RO         7989    i._io_spi_open      bsp.lib(spi.o)
    0x000150ba   0x00000016   Code   RO         7990    i._io_spi_read      bsp.lib(spi.o)
    0x000150d0   0x000000b0   Code   RO         7991    i._io_spi_read_write  bsp.lib(spi.o)
    0x00015180   0x0000002e   Code   RO         7992    i._io_spi_uninstall  bsp.lib(spi.o)
    0x000151ae   0x00000016   Code   RO         7993    i._io_spi_write     bsp.lib(spi.o)
    0x000151c4   0x00000030   Code   RO         5629    i._io_sprintf       psp.lib(io_spr.o)
    0x000151f4   0x0000000e   Code   RO         5630    i._io_sputc         psp.lib(io_spr.o)
    0x00015202   0x00000030   Code   RO         5652    i._io_write         psp.lib(io_write.o)
    0x00015232   0x0000000e   Code   RO         9391    i._is_digit         c_w.l(scanf_fp.o)
    0x00015240   0x00000054   Code   RO         7614    i._ki2c_int_deinit  bsp.lib(i2c_int_ki2c.o)
    0x00015294   0x00000084   Code   RO         7615    i._ki2c_int_init    bsp.lib(i2c_int_ki2c.o)
    0x00015318   0x00000034   Code   RO         7616    i._ki2c_int_install  bsp.lib(i2c_int_ki2c.o)
    0x0001534c   0x000000a8   Code   RO         7617    i._ki2c_int_rx      bsp.lib(i2c_int_ki2c.o)
    0x000153f4   0x000000b8   Code   RO         7618    i._ki2c_int_tx      bsp.lib(i2c_int_ki2c.o)
    0x000154ac   0x00000408   Code   RO         7619    i._ki2c_isr         bsp.lib(i2c_int_ki2c.o)
    0x000158b4   0x00000038   Code   RO         7554    i._ki2c_polled_deinit  bsp.lib(i2c_pol_ki2c.o)
    0x000158ec   0x000000b8   Code   RO         7555    i._ki2c_polled_init  bsp.lib(i2c_pol_ki2c.o)
    0x000159a4   0x00000034   Code   RO         7556    i._ki2c_polled_install  bsp.lib(i2c_pol_ki2c.o)
    0x000159d8   0x000002f0   Code   RO         7557    i._ki2c_polled_ioctl  bsp.lib(i2c_pol_ki2c.o)
    0x00015cc8   0x0000008c   Code   RO         7558    i._ki2c_polled_rx   bsp.lib(i2c_pol_ki2c.o)
    0x00015d54   0x00000316   Code   RO         7559    i._ki2c_polled_rx_tx  bsp.lib(i2c_pol_ki2c.o)
    0x0001606a   0x0000008c   Code   RO         7560    i._ki2c_polled_tx   bsp.lib(i2c_pol_ki2c.o)
    0x000160f6   0x00000002   PAD
    0x000160f8   0x00000064   Code   RO         7561    i._ki2c_set_baudrate  bsp.lib(i2c_pol_ki2c.o)
    0x0001615c   0x000000b4   Code   RO         8644    i._ki2s_find_mclk_freq_div  bsp.lib(sai_dma_ksai.o)
    0x00016210   0x0000003c   Code   RO         8645    i._ki2s_get_mclk_value  bsp.lib(sai_dma_ksai.o)
    0x0001624c   0x000000dc   Code   RO         8646    i._ki2s_set_bclk_mode  bsp.lib(sai_dma_ksai.o)
    0x00016328   0x000001b0   Code   RO         8647    i._ki2s_set_master_mode  bsp.lib(sai_dma_ksai.o)
    0x000164d8   0x00000160   Code   RO         8648    i._ki2s_set_slave_mode  bsp.lib(sai_dma_ksai.o)
    0x00016638   0x00000014   Code   RO         8041    i._kinetis_mpu_disable  psp.lib(kinetis_mpu.o)
    0x0001664c   0x00000114   Code   RO         8649    i._ksai_dma_deinit  bsp.lib(sai_dma_ksai.o)
    0x00016760   0x00000360   Code   RO         8650    i._ksai_dma_init    bsp.lib(sai_dma_ksai.o)
    0x00016ac0   0x00000d88   Code   RO         8651    i._ksai_dma_ioctl   bsp.lib(sai_dma_ksai.o)
    0x00017848   0x00000270   Code   RO         8652    i._ksai_hw_init     bsp.lib(sai_dma_ksai.o)
    0x00017ab8   0x000000a4   Code   RO         8653    i._ksai_rx_dma_irq_handler  bsp.lib(sai_dma_ksai.o)
    0x00017b5c   0x00000026   Code   RO         8654    i._ksai_rx_fifoerr_irq_handler  bsp.lib(sai_dma_ksai.o)
    0x00017b82   0x000000a6   Code   RO         8655    i._ksai_tx_dma_irq_handler  bsp.lib(sai_dma_ksai.o)
    0x00017c28   0x00000022   Code   RO         8656    i._ksai_tx_fifoerr_irq_handler  bsp.lib(sai_dma_ksai.o)
    0x00017c4a   0x00000056   Code   RO         7918    i._kuart_change_baudrate  bsp.lib(serl_pol_kuart.o)
    0x00017ca0   0x0000001c   Code   RO         7854    i._kuart_int_deinit  bsp.lib(serl_int_kuart.o)
    0x00017cbc   0x00000036   Code   RO         7855    i._kuart_int_enable  bsp.lib(serl_int_kuart.o)
    0x00017cf2   0x00000064   Code   RO         7856    i._kuart_int_err_isr  bsp.lib(serl_int_kuart.o)
    0x00017d56   0x00000002   PAD
    0x00017d58   0x00000070   Code   RO         7857    i._kuart_int_init   bsp.lib(serl_int_kuart.o)
    0x00017dc8   0x00000038   Code   RO         7858    i._kuart_int_install  bsp.lib(serl_int_kuart.o)
    0x00017e00   0x0000000a   Code   RO         7859    i._kuart_int_peripheral_disable  bsp.lib(serl_int_kuart.o)
    0x00017e0a   0x0000000a   Code   RO         7860    i._kuart_int_peripheral_enable  bsp.lib(serl_int_kuart.o)
    0x00017e14   0x00000028   Code   RO         7861    i._kuart_int_putc   bsp.lib(serl_int_kuart.o)
    0x00017e3c   0x000000b8   Code   RO         7862    i._kuart_int_rx_tx_isr  bsp.lib(serl_int_kuart.o)
    0x00017ef4   0x0000002a   Code   RO         7919    i._kuart_polled_deinit  bsp.lib(serl_pol_kuart.o)
    0x00017f1e   0x0000001a   Code   RO         7920    i._kuart_polled_getc  bsp.lib(serl_pol_kuart.o)
    0x00017f38   0x000000e0   Code   RO         7921    i._kuart_polled_init  bsp.lib(serl_pol_kuart.o)
    0x00018018   0x00000040   Code   RO         7922    i._kuart_polled_install  bsp.lib(serl_pol_kuart.o)
    0x00018058   0x0000041e   Code   RO         7923    i._kuart_polled_ioctl  bsp.lib(serl_pol_kuart.o)
    0x00018476   0x0000000a   Code   RO         7924    i._kuart_polled_peripheral_disable  bsp.lib(serl_pol_kuart.o)
    0x00018480   0x0000000a   Code   RO         7925    i._kuart_polled_peripheral_enable  bsp.lib(serl_pol_kuart.o)
    0x0001848a   0x00000018   Code   RO         7926    i._kuart_polled_putc  bsp.lib(serl_pol_kuart.o)
    0x000184a2   0x0000006a   Code   RO         7927    i._kuart_polled_status  bsp.lib(serl_pol_kuart.o)
    0x0001850c   0x000002a8   Code   RO         4310    i._lwadc_init       bsp.lib(lwadc_kadc.o)
    0x000187b4   0x000000ac   Code   RO         4311    i._lwadc_init_input  bsp.lib(lwadc_kadc.o)
    0x00018860   0x0000003a   Code   RO         4314    i._lwadc_read_raw   bsp.lib(lwadc_kadc.o)
    0x0001889a   0x00000016   Code   RO         4315    i._lwadc_restart    bsp.lib(lwadc_kadc.o)
    0x000188b0   0x00000058   Code   RO         4317    i._lwadc_wait_next  bsp.lib(lwadc_kadc.o)
    0x00018908   0x0000002c   Code   RO         5472    i._lwevent_clear    psp.lib(lwevent.o)
    0x00018934   0x00000012   Code   RO         5473    i._lwevent_create   psp.lib(lwevent.o)
    0x00018946   0x00000002   PAD
    0x00018948   0x00000080   Code   RO         5474    i._lwevent_create_internal  psp.lib(lwevent.o)
    0x000189c8   0x0000000e   Code   RO         5475    i._lwevent_destroy  psp.lib(lwevent.o)
    0x000189d6   0x00000002   PAD
    0x000189d8   0x000000a4   Code   RO         5476    i._lwevent_destroy_internal  psp.lib(lwevent.o)
    0x00018a7c   0x00000010   Code   RO         5477    i._lwevent_get_signalled  psp.lib(lwevent.o)
    0x00018a8c   0x000000e8   Code   RO         5478    i._lwevent_set      psp.lib(lwevent.o)
    0x00018b74   0x000000dc   Code   RO         5482    i._lwevent_wait_internal  psp.lib(lwevent.o)
    0x00018c50   0x00000058   Code   RO         5483    i._lwevent_wait_ticks  psp.lib(lwevent.o)
    0x00018ca8   0x00000020   Code   RO         6540    i._lwmem_alloc      psp.lib(lwmem.o)
    0x00018cc8   0x00000028   Code   RO         6541    i._lwmem_alloc_align  psp.lib(lwmem.o)
    0x00018cf0   0x000001b4   Code   RO         6543    i._lwmem_alloc_align_internal  psp.lib(lwmem.o)
    0x00018ea4   0x00000028   Code   RO         6544    i._lwmem_alloc_at   psp.lib(lwmem.o)
    0x00018ecc   0x0000013c   Code   RO         6545    i._lwmem_alloc_at_internal  psp.lib(lwmem.o)
    0x00019008   0x00000124   Code   RO         6547    i._lwmem_alloc_internal  psp.lib(lwmem.o)
    0x0001912c   0x00000024   Code   RO         6548    i._lwmem_alloc_system  psp.lib(lwmem.o)
    0x00019150   0x00000028   Code   RO         6549    i._lwmem_alloc_system_align  psp.lib(lwmem.o)
    0x00019178   0x00000024   Code   RO         6552    i._lwmem_alloc_system_zero  psp.lib(lwmem.o)
    0x0001919c   0x00000020   Code   RO         6554    i._lwmem_alloc_zero  psp.lib(lwmem.o)
    0x000191bc   0x0000006c   Code   RO         6556    i._lwmem_create_pool  psp.lib(lwmem.o)
    0x00019228   0x0000002a   Code   RO         6557    i._lwmem_create_pool_mapped  psp.lib(lwmem.o)
    0x00019252   0x00000002   PAD
    0x00019254   0x00000130   Code   RO         6558    i._lwmem_free       psp.lib(lwmem.o)
    0x00019384   0x00000078   Code   RO         6563    i._lwmem_get_next_block_internal  psp.lib(lwmem.o)
    0x000193fc   0x00000010   Code   RO         6565    i._lwmem_get_system_pool_id  psp.lib(lwmem.o)
    0x0001940c   0x0000002c   Code   RO         6567    i._lwmem_init_internal  psp.lib(lwmem.o)
    0x00019438   0x00000012   Code   RO         6569    i._lwmem_set_type   psp.lib(lwmem.o)
    0x0001944a   0x0000000a   Code   RO         6572    i._lwmem_transfer_internal  psp.lib(lwmem.o)
    0x00019454   0x00000014   Code   RO         4703    i._lwsem_create     psp.lib(lwsem.o)
    0x00019468   0x00000060   Code   RO         4705    i._lwsem_create_internal  psp.lib(lwsem.o)
    0x000194c8   0x0000000e   Code   RO         4706    i._lwsem_destroy    psp.lib(lwsem.o)
    0x000194d6   0x00000002   PAD
    0x000194d8   0x000000b4   Code   RO         4707    i._lwsem_destroy_internal  psp.lib(lwsem.o)
    0x0001958c   0x00000034   Code   RO         4709    i._lwsem_poll       psp.lib(lwsem.o)
    0x000195c0   0x00000084   Code   RO         4710    i._lwsem_post       psp.lib(lwsem.o)
    0x00019644   0x00000074   Code   RO         4712    i._lwsem_wait       psp.lib(lwsem.o)
    0x000196b8   0x00000190   Code   RO         6335    i._mqx              psp.lib(mqx.o)
    0x00019848   0x0000000c   Code   RO         6336    i._mqx_exit         psp.lib(mqx.o)
    0x00019854   0x00000048   Code   RO         7054    i._mqx_idle_task    psp.lib(idletask.o)
    0x0001989c   0x00000114   Code   RO         6346    i._mqx_init_kernel_data_internal  psp.lib(mqx.o)
    0x000199b0   0x0000006c   Code   RO         7067    i._mqx_init_task    psp.lib(inittask.o)
    0x00019a1c   0x0000000c   Code   RO         6348    i._mqx_set_cpu_type  psp.lib(mqx.o)
    0x00019a28   0x00000030   Code   RO         4476    i._nvic_int_disable  psp.lib(nvic.o)
    0x00019a58   0x0000002c   Code   RO         4477    i._nvic_int_enable  psp.lib(nvic.o)
    0x00019a84   0x0000006c   Code   RO         4478    i._nvic_int_init    psp.lib(nvic.o)
    0x00019af0   0x0000004c   Code   RO         7024    i._psp_add_element_to_array  psp.lib(psp_mat3.o)
    0x00019b3c   0x00000050   Code   RO         6074    i._psp_add_ticks    psp.lib(psp_tiad.o)
    0x00019b8c   0x00000034   Code   RO         6292    i._psp_build_float_context  psp.lib(stack_bu.o)
    0x00019bc0   0x0000007c   Code   RO         6293    i._psp_build_stack_frame  psp.lib(stack_bu.o)
    0x00019c3c   0x00000002   Code   RO         6310    i._psp_destroy_stack_frame  psp.lib(stack_de.o)
    0x00019c3e   0x000000be   Code   RO         7012    i._psp_div_128_by_32  psp.lib(psp_mat2.o)
    0x00019cfc   0x00000074   Code   RO         7036    i._psp_init_readyqs  psp.lib(sc_irdyq.o)
    0x00019d70   0x0000001a   Code   RO         8100    i._psp_int_init     psp.lib(psp_iinit.o)
    0x00019d8a   0x00000002   PAD
    0x00019d8c   0x00000014   Code   RO         8982    i._psp_int_install  psp.lib(int_inst.o)
    0x00019da0   0x0000008c   Code   RO         6003    i._psp_msecs_to_ticks_quick  psp.lib(psp_mstiq.o)
    0x00019e2c   0x000000c6   Code   RO         7000    i._psp_mul_128_by_32  psp.lib(psp_mat1.o)
    0x00019ef2   0x00000002   PAD
    0x00019ef4   0x00000034   Code   RO         6145    i._psp_normalize_ticks  psp.lib(psp_tinm.o)
    0x00019f28   0x0000005c   Code   RO         7037    i._psp_set_kernel_disable_level  psp.lib(sc_irdyq.o)
    0x00019f84   0x00000040   Code   RO         6227    i._psp_subtract_ticks  psp.lib(psp_tisu.o)
    0x00019fc4   0x00000012   Code   RO         6123    i._psp_ticks_to_milliseconds  psp.lib(psp_tims.o)
    0x00019fd6   0x0000002c   Code   RO         6750    i._queue_dequeue    psp.lib(queue.o)
    0x0001a002   0x0000003c   Code   RO         6751    i._queue_enqueue    psp.lib(queue.o)
    0x0001a03e   0x0000000c   Code   RO         6754    i._queue_init       psp.lib(queue.o)
    0x0001a04a   0x0000003c   Code   RO         6755    i._queue_insert     psp.lib(queue.o)
    0x0001a086   0x00000002   PAD
    0x0001a088   0x00000070   Code   RO         7744    i._rtc_init         bsp.lib(krtc.o)
    0x0001a0f8   0x00000042   Code   RO         6479    i._sched_insert_priorityq_internal  psp.lib(sched.o)
    0x0001a13a   0x00000002   PAD
    0x0001a13c   0x00000028   Code   RO         6483    i._sched_yield      psp.lib(sched.o)
    0x0001a164   0x000000e4   Code   RO         4795    i._task_alloc_td_internal  psp.lib(task.o)
    0x0001a248   0x00000078   Code   RO         4796    i._task_build_internal  psp.lib(task.o)
    0x0001a2c0   0x00000016   Code   RO         4798    i._task_create      psp.lib(task.o)
    0x0001a2d6   0x00000002   PAD
    0x0001a2d8   0x00000084   Code   RO         4801    i._task_create_internal  psp.lib(task.o)
    0x0001a35c   0x0000000e   Code   RO         4802    i._task_destroy     psp.lib(task.o)
    0x0001a36a   0x00000002   PAD
    0x0001a36c   0x0000024c   Code   RO         4803    i._task_destroy_internal  psp.lib(task.o)
    0x0001a5b8   0x00000020   Code   RO         4806    i._task_exit_function_internal  psp.lib(task.o)
    0x0001a5d8   0x00000018   Code   RO         4808    i._task_fill_stack_internal  psp.lib(task.o)
    0x0001a5f0   0x00000018   Code   RO         4811    i._task_get_error   psp.lib(task.o)
    0x0001a608   0x0000005c   Code   RO         4824    i._task_get_td      psp.lib(task.o)
    0x0001a664   0x0000015c   Code   RO         4827    i._task_init_internal  psp.lib(task.o)
    0x0001a7c0   0x00000028   Code   RO         4829    i._task_ready_internal  psp.lib(task.o)
    0x0001a7e8   0x0000002c   Code   RO         4833    i._task_set_error   psp.lib(task.o)
    0x0001a814   0x0000000c   Code   RO         4834    i._task_set_error_td_internal  psp.lib(task.o)
    0x0001a820   0x00000020   Code   RO         4842    i._task_stop_preemption  psp.lib(task.o)
    0x0001a840   0x0000007c   Code   RO         9166    i._taskq_create     psp.lib(taskq.o)
    0x0001a8bc   0x0000008c   Code   RO         9167    i._taskq_destroy    psp.lib(taskq.o)
    0x0001a948   0x00000078   Code   RO         9169    i._taskq_resume     psp.lib(taskq.o)
    0x0001a9c0   0x00000078   Code   RO         9170    i._taskq_suspend    psp.lib(taskq.o)
    0x0001aa38   0x00000050   Code   RO         5128    i._time_delay       psp.lib(time.o)
    0x0001aa88   0x00000038   Code   RO         5129    i._time_delay_for   psp.lib(time.o)
    0x0001aac0   0x00000090   Code   RO         5130    i._time_delay_internal  psp.lib(time.o)
    0x0001ab50   0x00000034   Code   RO         5132    i._time_delay_until  psp.lib(time.o)
    0x0001ab84   0x0000001c   Code   RO         5139    i._time_diff_milliseconds  psp.lib(time.o)
    0x0001aba0   0x00000020   Code   RO         5144    i._time_diff_ticks  psp.lib(time.o)
    0x0001abc0   0x00000050   Code   RO         5156    i._time_get_ticks   psp.lib(time.o)
    0x0001ac10   0x000000e8   Code   RO         5159    i._time_notify_kernel  psp.lib(time.o)
    0x0001acf8   0x00000014   Code   RO         5161    i._time_set_hwtick_function  psp.lib(time.o)
    0x0001ad0c   0x00000010   Code   RO         5162    i._time_set_hwticks_per_tick  psp.lib(time.o)
    0x0001ad1c   0x00000010   Code   RO         5165    i._time_set_ticks_per_sec  psp.lib(time.o)
    0x0001ad2c   0x000000d8   Code   RO         8130    i.adc_calibrate     bsp.lib(adc_kadc.o)
    0x0001ae04   0x00000028   Code   RO         8131    i.adc_complete_isr  bsp.lib(adc_kadc.o)
    0x0001ae2c   0x00000068   Code   RO         8132    i.adc_get_calibration_data  bsp.lib(adc_kadc.o)
    0x0001ae94   0x00000094   Code   RO          621    i.adc_init          adc_ctrl.o
    0x0001af28   0x00000034   Code   RO         8133    i.adc_process_all_data  bsp.lib(adc_kadc.o)
    0x0001af5c   0x000000b4   Code   RO         8134    i.adc_process_data  bsp.lib(adc_kadc.o)
    0x0001b010   0x00000068   Code   RO         8135    i.adc_set_calibration_data  bsp.lib(adc_kadc.o)
    0x0001b078   0x00000050   Code   RO         8216    i.adt_idelay_isr    bsp.lib(adt_kpdb.o)
    0x0001b0c8   0x000001bc   Code   RO         8217    i.adt_period_prescaler  bsp.lib(adt_kpdb.o)
    0x0001b284   0x00000450   Code   RO         2825    i.canInit_Task      can_ctrl.o
    0x0001b6d4   0x0000000c   Code   RO          543    i.ch2dec            common_fun.o
    0x0001b6e0   0x00000024   Code   RO          464    i.checkQ            queue.o
    0x0001b704   0x00000044   Code   RO         2780    i.cmp0_isr          capture.o
    0x0001b748   0x0000016c   Code   RO         2094    i.countCoNum        gs_protocol.o
    0x0001b8b4   0x00000038   Code   RO         2912    i.dac_init          dac_ctrl.o
    0x0001b8ec   0x00000016   Code   RO          545    i.decstr2ch         common_fun.o
    0x0001b902   0x0000001a   Code   RO         7197    i.dma_callback_reg  bsp.lib(dma.o)
    0x0001b91c   0x00000074   Code   RO         7198    i.dma_channel_claim  bsp.lib(dma.o)
    0x0001b990   0x00000022   Code   RO         7199    i.dma_channel_release  bsp.lib(dma.o)
    0x0001b9b2   0x0000002a   Code   RO         7201    i.dma_channel_setup  bsp.lib(dma.o)
    0x0001b9dc   0x0000002a   Code   RO         7202    i.dma_channel_status  bsp.lib(dma.o)
    0x0001ba06   0x00000002   PAD
    0x0001ba08   0x00000050   Code   RO         7203    i.dma_deinit        bsp.lib(dma.o)
    0x0001ba58   0x00000058   Code   RO         7204    i.dma_init          bsp.lib(dma.o)
    0x0001bab0   0x00000022   Code   RO         7205    i.dma_request_disable  bsp.lib(dma.o)
    0x0001bad2   0x00000022   Code   RO         7206    i.dma_request_enable  bsp.lib(dma.o)
    0x0001baf4   0x00000026   Code   RO         7207    i.dma_request_source  bsp.lib(dma.o)
    0x0001bb1a   0x00000002   PAD
    0x0001bb1c   0x000000ac   Code   RO         7208    i.dma_tcd_mem2reg   bsp.lib(dma.o)
    0x0001bbc8   0x000000b8   Code   RO         7210    i.dma_tcd_reg2mem   bsp.lib(dma.o)
    0x0001bc80   0x0000002a   Code   RO         7211    i.dma_transfer_submit  bsp.lib(dma.o)
    0x0001bcaa   0x00000002   PAD
    0x0001bcac   0x00000010   Code   RO         2679    i.doSample          thermostat.o
    0x0001bcbc   0x000000a0   Code   RO         8306    i.edma_channel_claim  bsp.lib(edma.o)
    0x0001bd5c   0x0000003c   Code   RO         8307    i.edma_channel_release  bsp.lib(edma.o)
    0x0001bd98   0x00000050   Code   RO         8308    i.edma_channel_reset  bsp.lib(edma.o)
    0x0001bde8   0x00000062   Code   RO         8309    i.edma_channel_setup  bsp.lib(edma.o)
    0x0001be4a   0x0000003e   Code   RO         8310    i.edma_channel_sgaidx  bsp.lib(edma.o)
    0x0001be88   0x00000100   Code   RO         8311    i.edma_channel_status  bsp.lib(edma.o)
    0x0001bf88   0x00000028   Code   RO         8312    i.edma_deinit       bsp.lib(edma.o)
    0x0001bfb0   0x0000011c   Code   RO         8313    i.edma_done_isr     bsp.lib(edma.o)
    0x0001c0cc   0x00000060   Code   RO         8314    i.edma_err_isr      bsp.lib(edma.o)
    0x0001c12c   0x00000032   Code   RO         8315    i.edma_hwtcd_push   bsp.lib(edma.o)
    0x0001c15e   0x00000020   Code   RO         8316    i.edma_init         bsp.lib(edma.o)
    0x0001c17e   0x00000002   PAD
    0x0001c180   0x0000008c   Code   RO         8317    i.edma_install_isrs  bsp.lib(edma.o)
    0x0001c20c   0x00000024   Code   RO         8318    i.edma_request_disable  bsp.lib(edma.o)
    0x0001c230   0x00000044   Code   RO         8319    i.edma_request_enable  bsp.lib(edma.o)
    0x0001c274   0x00000038   Code   RO         8320    i.edma_request_source  bsp.lib(edma.o)
    0x0001c2ac   0x00000080   Code   RO         8321    i.edma_reset_module  bsp.lib(edma.o)
    0x0001c32c   0x00000138   Code   RO         8322    i.edma_tcd_prepare  bsp.lib(edma.o)
    0x0001c464   0x00000158   Code   RO         8323    i.edma_transfer_submit  bsp.lib(edma.o)
    0x0001c5bc   0x0000008c   Code   RO         8324    i.edma_uninstall_isrs  bsp.lib(edma.o)
    0x0001c648   0x0000002a   Code   RO         8435    i.ffte_flash_ioctl  bsp.lib(flash_ftfe.o)
    0x0001c672   0x00000006   PAD
    0x0001c678   0x0000008c   Code   RO         9538    i.frexp             m_wm.l(frexp.o)
    0x0001c704   0x00000014   Code   RO         8436    i.ftfe_deinit_ram_function  bsp.lib(flash_ftfe.o)
    0x0001c718   0x0000014e   Code   RO         8437    i.ftfe_flash_command_sequence  bsp.lib(flash_ftfe.o)
    0x0001c866   0x0000001e   Code   RO         8438    i.ftfe_flash_deinit  bsp.lib(flash_ftfe.o)
    0x0001c884   0x000000b2   Code   RO         8439    i.ftfe_flash_erase_sector  bsp.lib(flash_ftfe.o)
    0x0001c936   0x00000002   PAD
    0x0001c938   0x00000060   Code   RO         8440    i.ftfe_flash_init   bsp.lib(flash_ftfe.o)
    0x0001c998   0x000000ec   Code   RO         8441    i.ftfe_flash_swap   bsp.lib(flash_ftfe.o)
    0x0001ca84   0x00000024   Code   RO         8442    i.ftfe_flash_swap_and_reset  bsp.lib(flash_ftfe.o)
    0x0001caa8   0x00000048   Code   RO         8443    i.ftfe_flash_swap_command  bsp.lib(flash_ftfe.o)
    0x0001caf0   0x00000036   Code   RO         8444    i.ftfe_flash_swap_status  bsp.lib(flash_ftfe.o)
    0x0001cb26   0x000000f8   Code   RO         8445    i.ftfe_flash_write_sector  bsp.lib(flash_ftfe.o)
    0x0001cc1e   0x00000032   Code   RO         8446    i.ftfe_init_ram_function  bsp.lib(flash_ftfe.o)
    0x0001cc50   0x0000002c   Code   RO         8447    i.ftfe_ram_function  bsp.lib(flash_ftfe.o)
    0x0001cc7c   0x00000002   Code   RO         8448    i.ftfe_ram_function_end  bsp.lib(flash_ftfe.o)
    0x0001cc7e   0x00000002   PAD
    0x0001cc80   0x00000248   Code   RO            4    i.functional_init   main.o
    0x0001cec8   0x00000178   Code   RO         2096    i.getCR             gs_protocol.o
    0x0001d040   0x00000008   Code   RO         2826    i.getCanID          can_ctrl.o
    0x0001d048   0x000010c0   Code   RO         2097    i.getCmd            gs_protocol.o
    0x0001e108   0x00000076   Code   RO         1913    i.getHardID         api.o
    0x0001e17e   0x00000028   Code   RO          666    i.get_channel_pair_index  ftm.o
    0x0001e1a6   0x00000002   PAD
    0x0001e1a8   0x00000054   Code   RO         2098    i.getpara           gs_protocol.o
    0x0001e1fc   0x00000024   Code   RO         2099    i.getstrpara        gs_protocol.o
    0x0001e220   0x00000084   Code   RO         2100    i.getver            gs_protocol.o
    0x0001e2a4   0x000000ac   Code   RO            5    i.gpio_init         main.o
    0x0001e350   0x00000052   Code   RO          547    i.hex2str           common_fun.o
    0x0001e3a2   0x00000022   Code   RO          548    i.hex_reverse       common_fun.o
    0x0001e3c4   0x00000174   Code   RO          549    i.hexstr2ch         common_fun.o
    0x0001e538   0x0000001e   Code   RO         2101    i.hmi_end           gs_protocol.o
    0x0001e556   0x00000002   PAD
    0x0001e558   0x00000054   Code   RO         2781    i.hscmp_init        capture.o
    0x0001e5ac   0x00000074   Code   RO         3095    i.hwtimer1_callback  time.o
    0x0001e620   0x0000001c   Code   RO         4087    i.hwtimer_callback_reg  bsp.lib(hwtimer.o)
    0x0001e63c   0x00000054   Code   RO         4089    i.hwtimer_deinit    bsp.lib(hwtimer.o)
    0x0001e690   0x0000000c   Code   RO         4091    i.hwtimer_get_modulo  bsp.lib(hwtimer.o)
    0x0001e69c   0x00000028   Code   RO         4094    i.hwtimer_get_time  bsp.lib(hwtimer.o)
    0x0001e6c4   0x00000044   Code   RO         4095    i.hwtimer_init      bsp.lib(hwtimer.o)
    0x0001e708   0x000000bc   Code   RO         4033    i.hwtimer_pit_deinit  bsp.lib(hwtimer_pit.o)
    0x0001e7c4   0x0000005c   Code   RO         4034    i.hwtimer_pit_get_time  bsp.lib(hwtimer_pit.o)
    0x0001e820   0x000000fc   Code   RO         4035    i.hwtimer_pit_init  bsp.lib(hwtimer_pit.o)
    0x0001e91c   0x0000005e   Code   RO         4036    i.hwtimer_pit_isr   bsp.lib(hwtimer_pit.o)
    0x0001e97a   0x0000008a   Code   RO         4037    i.hwtimer_pit_isr_shared  bsp.lib(hwtimer_pit.o)
    0x0001ea04   0x00000024   Code   RO         4038    i.hwtimer_pit_set_div  bsp.lib(hwtimer_pit.o)
    0x0001ea28   0x00000032   Code   RO         4039    i.hwtimer_pit_start  bsp.lib(hwtimer_pit.o)
    0x0001ea5a   0x00000030   Code   RO         4040    i.hwtimer_pit_stop  bsp.lib(hwtimer_pit.o)
    0x0001ea8a   0x0000004c   Code   RO         4096    i.hwtimer_set_freq  bsp.lib(hwtimer.o)
    0x0001ead6   0x00000022   Code   RO         4098    i.hwtimer_start     bsp.lib(hwtimer.o)
    0x0001eaf8   0x0000002a   Code   RO         4099    i.hwtimer_stop      bsp.lib(hwtimer.o)
    0x0001eb22   0x00000024   Code   RO         7507    i.hwtimer_systick_deinit  bsp.lib(hwtimer_systick.o)
    0x0001eb46   0x00000002   PAD
    0x0001eb48   0x00000044   Code   RO         7508    i.hwtimer_systick_get_time  bsp.lib(hwtimer_systick.o)
    0x0001eb8c   0x0000006c   Code   RO         7509    i.hwtimer_systick_init  bsp.lib(hwtimer_systick.o)
    0x0001ebf8   0x00000038   Code   RO         7510    i.hwtimer_systick_isr  bsp.lib(hwtimer_systick.o)
    0x0001ec30   0x00000022   Code   RO         7511    i.hwtimer_systick_set_div  bsp.lib(hwtimer_systick.o)
    0x0001ec52   0x00000010   Code   RO         7512    i.hwtimer_systick_start  bsp.lib(hwtimer_systick.o)
    0x0001ec62   0x0000000c   Code   RO         7513    i.hwtimer_systick_stop  bsp.lib(hwtimer_systick.o)
    0x0001ec6e   0x00000002   PAD
    0x0001ec70   0x0000002c   Code   RO         1046    i.ifinit            eeprom.o
    0x0001ec9c   0x0000007c   Code   RO         2102    i.initCRC           gs_protocol.o
    0x0001ed18   0x0000007c   Code   RO         1047    i.initDefault       eeprom.o
    0x0001ed94   0x00000084   Code   RO         2103    i.initID            gs_protocol.o
    0x0001ee18   0x00000058   Code   RO         2104    i.initKA            gs_protocol.o
    0x0001ee70   0x00000058   Code   RO         2105    i.initKB            gs_protocol.o
    0x0001eec8   0x00000088   Code   RO         2106    i.initKd            gs_protocol.o
    0x0001ef50   0x00000088   Code   RO         2107    i.initKi            gs_protocol.o
    0x0001efd8   0x00000088   Code   RO         2108    i.initKp            gs_protocol.o
    0x0001f060   0x00000060   Code   RO         2109    i.initLI            gs_protocol.o
    0x0001f0c0   0x00000060   Code   RO         2110    i.initLV            gs_protocol.o
    0x0001f120   0x000000c0   Code   RO         2111    i.initMAC           gs_protocol.o
    0x0001f1e0   0x00000060   Code   RO         2112    i.initMI            gs_protocol.o
    0x0001f240   0x00000028   Code   RO         2113    i.initPM            gs_protocol.o
    0x0001f268   0x000000f4   Code   RO         2114    i.initPreC          gs_protocol.o
    0x0001f35c   0x000000f4   Code   RO         2115    i.initPreT          gs_protocol.o
    0x0001f450   0x00000068   Code   RO         2116    i.initQES           gs_protocol.o
    0x0001f4b8   0x00000048   Code   RO         2117    i.initQKA           gs_protocol.o
    0x0001f500   0x00000048   Code   RO         2118    i.initQKB           gs_protocol.o
    0x0001f548   0x00000050   Code   RO         2119    i.initQLI           gs_protocol.o
    0x0001f598   0x00000050   Code   RO         2120    i.initQLV           gs_protocol.o
    0x0001f5e8   0x000000a4   Code   RO         2121    i.initQMI           gs_protocol.o
    0x0001f68c   0x000003fc   Code   RO         2122    i.initRK            gs_protocol.o
    0x0001fa88   0x00000090   Code   RO         2123    i.initSES           gs_protocol.o
    0x0001fb18   0x00000028   Code   RO         2124    i.initSN            gs_protocol.o
    0x0001fb40   0x00000028   Code   RO         2125    i.initTM            gs_protocol.o
    0x0001fb68   0x00000080   Code   RO         2126    i.initTadjA         gs_protocol.o
    0x0001fbe8   0x00000080   Code   RO         2127    i.initTadjB         gs_protocol.o
    0x0001fc68   0x0000008c   Code   RO         2680    i.initThermoPara    thermostat.o
    0x0001fcf4   0x00000010   Code   RO         1914    i.init_LD_para      api.o
    0x0001fd04   0x00000018   Code   RO         6900    i.init_hardware     bsp.lib(init_hw.o)
    0x0001fd1c   0x00000078   Code   RO         3058    i.int_service_routine  fpga_int.o
    0x0001fd94   0x000000dc   Code   RO         3059    i.int_task          fpga_int.o
    0x0001fe70   0x0000001c   Code   RO         9045    i.kinetis_flash_invalidate_cache  bsp.lib(flash_mk64.o)
    0x0001fe8c   0x00000002   Code   RO         9046    i.kinetis_flash_invalidate_cache_end  bsp.lib(flash_mk64.o)
    0x0001fe8e   0x00000002   PAD
    0x0001fe90   0x00000058   Code   RO         4379    i.lwgpio_init       bsp.lib(lwgpio_kgpio.o)
    0x0001fee8   0x0000000e   Code   RO         4380    i.lwgpio_int_clear_flag  bsp.lib(lwgpio_kgpio.o)
    0x0001fef6   0x0000002e   Code   RO         4381    i.lwgpio_int_enable  bsp.lib(lwgpio_kgpio.o)
    0x0001ff24   0x0000000c   Code   RO         4383    i.lwgpio_int_get_vector  bsp.lib(lwgpio_kgpio.o)
    0x0001ff30   0x00000034   Code   RO         4384    i.lwgpio_int_init   bsp.lib(lwgpio_kgpio.o)
    0x0001ff64   0x00000144   Code   RO         4385    i.lwgpio_set_attribute  bsp.lib(lwgpio_kgpio.o)
    0x000200a8   0x00000032   Code   RO         4386    i.lwgpio_set_direction  bsp.lib(lwgpio_kgpio.o)
    0x000200da   0x00000020   Code   RO         4387    i.lwgpio_set_functionality  bsp.lib(lwgpio_kgpio.o)
    0x000200fa   0x00000016   Code   RO         4388    i.lwgpio_set_value  bsp.lib(lwgpio_kgpio.o)
    0x00020110   0x00000010   Code   RO         9376    i.main              bsp.lib(mqx_main.o)
    0x00020120   0x000002ac   Code   RO            6    i.main_task         main.o
    0x000203cc   0x00000058   Code   RO         2128    i.noIdentify        gs_protocol.o
    0x00020424   0x00000058   Code   RO         2129    i.paraOverRange     gs_protocol.o
    0x0002047c   0x00000008   Code   RO         5724    i.pit_get_hwtimers_array  bsp.lib(hwtimer_kinetis.o)
    0x00020484   0x0000001c   Code   RO         5725    i.pit_get_vectors   bsp.lib(hwtimer_kinetis.o)
    0x000204a0   0x00000024   Code   RO         5726    i.pit_io_init       bsp.lib(hwtimer_kinetis.o)
    0x000204c4   0x0000000e   Code   RO         2913    i.readDAC           dac_ctrl.o
    0x000204d2   0x00000010   Code   RO         1055    i.readDevCanID      eeprom.o
    0x000204e2   0x00000012   Code   RO         1056    i.readEEPROM        eeprom.o
    0x000204f4   0x00000014   Code   RO         1057    i.readIDfromFlash   eeprom.o
    0x00020508   0x00000010   Code   RO         1058    i.readKd            eeprom.o
    0x00020518   0x00000014   Code   RO         1059    i.readKdfromFlash   eeprom.o
    0x0002052c   0x00000010   Code   RO         1060    i.readKi            eeprom.o
    0x0002053c   0x00000014   Code   RO         1061    i.readKifromFlash   eeprom.o
    0x00020550   0x00000010   Code   RO         1062    i.readKp            eeprom.o
    0x00020560   0x00000014   Code   RO         1063    i.readKpfromFlash   eeprom.o
    0x00020574   0x00000010   Code   RO         1064    i.readLanguage      eeprom.o
    0x00020584   0x00000014   Code   RO         1065    i.readLanguagefromFlash  eeprom.o
    0x00020598   0x00000010   Code   RO         1066    i.readMAC           eeprom.o
    0x000205a8   0x00000010   Code   RO         1070    i.readPreCur        eeprom.o
    0x000205b8   0x00000010   Code   RO         1072    i.readPreTem        eeprom.o
    0x000205c8   0x0000003e   Code   RO         1915    i.readReg           api.o
    0x00020606   0x00000014   Code   RO         1074    i.readStrEEPROM     eeprom.o
    0x0002061a   0x00000010   Code   RO         1077    i.readTemAdjA       eeprom.o
    0x0002062a   0x00000010   Code   RO         1078    i.readTemAdjB       eeprom.o
    0x0002063a   0x00000016   Code   RO         2130    i.retRqtHead        gs_protocol.o
    0x00020650   0x0000003a   Code   RO          551    i.reverse           common_fun.o
    0x0002068a   0x00000002   PAD
    0x0002068c   0x00000050   Code   RO         2131    i.rqtAPSyncLD       gs_protocol.o
    0x000206dc   0x00000080   Code   RO         2132    i.rqtDIRswitch      gs_protocol.o
    0x0002075c   0x00000120   Code   RO         2133    i.rqtLDSwitch       gs_protocol.o
    0x0002087c   0x000000a4   Code   RO         2134    i.rqtQAUTO          gs_protocol.o
    0x00020920   0x00000030   Code   RO         2135    i.rqtQCRC           gs_protocol.o
    0x00020950   0x00000060   Code   RO         2136    i.rqtQDIRswitch     gs_protocol.o
    0x000209b0   0x00000048   Code   RO         2138    i.rqtQHardID        gs_protocol.o
    0x000209f8   0x00000048   Code   RO         2139    i.rqtQID            gs_protocol.o
    0x00020a40   0x00000034   Code   RO         2140    i.rqtQKd            gs_protocol.o
    0x00020a74   0x00000034   Code   RO         2141    i.rqtQKi            gs_protocol.o
    0x00020aa8   0x00000034   Code   RO         2142    i.rqtQKp            gs_protocol.o
    0x00020adc   0x0000000a   Code   RO         2143    i.rqtQL             gs_protocol.o
    0x00020ae6   0x00000002   PAD
    0x00020ae8   0x00000180   Code   RO         2144    i.rqtQLDI           gs_protocol.o
    0x00020c68   0x00000154   Code   RO         2145    i.rqtQLDV           gs_protocol.o
    0x00020dbc   0x0000004c   Code   RO         2146    i.rqtQMAC           gs_protocol.o
    0x00020e08   0x00000090   Code   RO         2148    i.rqtQPDpwr         gs_protocol.o
    0x00020e98   0x00000024   Code   RO         2149    i.rqtQPM            gs_protocol.o
    0x00020ebc   0x00000198   Code   RO         2150    i.rqtQPower         gs_protocol.o
    0x00021054   0x000000d4   Code   RO         2151    i.rqtQPreTem        gs_protocol.o
    0x00021128   0x00000024   Code   RO         2152    i.rqtQSN            gs_protocol.o
    0x0002114c   0x00000024   Code   RO         2153    i.rqtQTM            gs_protocol.o
    0x00021170   0x00000380   Code   RO         2154    i.rqtQTec           gs_protocol.o
    0x000214f0   0x00000178   Code   RO         2155    i.rqtQTem           gs_protocol.o
    0x00021668   0x00000050   Code   RO         2156    i.rqtQW             gs_protocol.o
    0x000216b8   0x00000018   Code   RO         2157    i.rqtQinfor         gs_protocol.o
    0x000216d0   0x00000140   Code   RO         2158    i.rqtQinit          gs_protocol.o
    0x00021810   0x00000104   Code   RO         2159    i.rqtQparam         gs_protocol.o
    0x00021914   0x0000007c   Code   RO         2160    i.rqtSAUTO          gs_protocol.o
    0x00021990   0x00000098   Code   RO         2161    i.rqtSBWThermo      gs_protocol.o
    0x00021a28   0x0000006c   Code   RO         2162    i.rqtSL             gs_protocol.o
    0x00021a94   0x00000268   Code   RO         2163    i.rqtSLDI           gs_protocol.o
    0x00021cfc   0x0000020c   Code   RO         2164    i.rqtSPower         gs_protocol.o
    0x00021f08   0x000000d8   Code   RO         2165    i.rqtSTec           gs_protocol.o
    0x00021fe0   0x000001d8   Code   RO         2166    i.rqtSTem           gs_protocol.o
    0x000221b8   0x0000005c   Code   RO         2167    i.rqtSW             gs_protocol.o
    0x00022214   0x00000094   Code   RO         2168    i.rqtSave           gs_protocol.o
    0x000222a8   0x0000005c   Code   RO         2169    i.rqtTECswitch      gs_protocol.o
    0x00022304   0x00000064   Code   RO         2170    i.rqtTMSswitch      gs_protocol.o
    0x00022368   0x000002b4   Code   RO         2171    i.rqtTarget         gs_protocol.o
    0x0002261c   0x000000c4   Code   RO         2172    i.rqtTargetTemp     gs_protocol.o
    0x000226e0   0x00000124   Code   RO         2173    i.rqtrReg           gs_protocol.o
    0x00022804   0x000001b4   Code   RO         2174    i.rqtwReg           gs_protocol.o
    0x000229b8   0x00000060   Code   RO         2681    i.sample_single     thermostat.o
    0x00022a18   0x00000034   Code   RO          552    i.strLow2Cap        common_fun.o
    0x00022a4c   0x00000004   Code   RO         5727    i.systick_get_vector  bsp.lib(hwtimer_kinetis.o)
    0x00022a50   0x00000020   Code   RO         2682    i.thermostat        thermostat.o
    0x00022a70   0x00000180   Code   RO         2683    i.thermostat_single  thermostat.o
    0x00022bf0   0x00000018   Code   RO         2684    i.thermostat_task   thermostat.o
    0x00022c08   0x0000000c   Code   RO         5896    i.toolchain_startup  psp.lib(comp.o)
    0x00022c14   0x00000090   Code   RO         3009    i.uart_comm_rec_task  uart_ctrl.o
    0x00022ca4   0x00000028   Code   RO         3010    i.uart_comm_send    uart_ctrl.o
    0x00022ccc   0x00000090   Code   RO         3011    i.uart_hmi_rec_task  uart_ctrl.o
    0x00022d5c   0x00000028   Code   RO         3012    i.uart_hmi_send     uart_ctrl.o
    0x00022d84   0x00000170   Code   RO         3013    i.uart_init         uart_ctrl.o
    0x00022ef4   0x00000090   Code   RO         3014    i.uart_task         uart_ctrl.o
    0x00022f84   0x00000054   Code   RO         3137    i.writeADS_Cfg      i2c_ctrl.o
    0x00022fd8   0x00000010   Code   RO         1087    i.writeBW_Thermo    eeprom.o
    0x00022fe8   0x00000032   Code   RO         2914    i.writeDAC          dac_ctrl.o
    0x0002301a   0x00000010   Code   RO         1088    i.writeDevCanID     eeprom.o
    0x0002302a   0x00000012   Code   RO         1089    i.writeEEPROM       eeprom.o
    0x0002303c   0x00000010   Code   RO         1091    i.writeKd           eeprom.o
    0x0002304c   0x00000010   Code   RO         1092    i.writeKi           eeprom.o
    0x0002305c   0x00000010   Code   RO         1093    i.writeKp           eeprom.o
    0x0002306c   0x00000010   Code   RO         1096    i.writeMAC          eeprom.o
    0x0002307c   0x00000010   Code   RO         1099    i.writePreCur       eeprom.o
    0x0002308c   0x00000018   Code   RO         1100    i.writePreCurtoFlash  eeprom.o
    0x000230a4   0x00000010   Code   RO         1101    i.writePreTem       eeprom.o
    0x000230b4   0x00000018   Code   RO         1102    i.writePreTemtoFlash  eeprom.o
    0x000230cc   0x00000164   Code   RO         1917    i.writeReg          api.o
    0x00023230   0x00000014   Code   RO         1103    i.writeStrEEPROM    eeprom.o
    0x00023244   0x00000010   Code   RO         1106    i.writeTemAdjA      eeprom.o
    0x00023254   0x00000010   Code   RO         1107    i.writeTemAdjB      eeprom.o
    0x00023264   0x00000010   Code   RO         1108    i.writeWorkMode     eeprom.o
    0x00023274   0x00000038   Code   RO         2175    i.wrongFormat       gs_protocol.o
    0x000232ac   0x0000002c   Code   RO         9369    locale$$code        c_w.l(lc_ctype_c.o)
    0x000232d8   0x0000002c   Code   RO         9372    locale$$code        c_w.l(lc_numeric_c.o)
    0x00023304   0x00000018   Code   RO         9250    x$fpl$basic         fz_wm.l(basic.o)
    0x0002331c   0x00000062   Code   RO         9252    x$fpl$d2f           fz_wm.l(d2f.o)
    0x0002337e   0x00000002   PAD
    0x00023380   0x00000150   Code   RO         9254    x$fpl$dadd          fz_wm.l(daddsub_clz.o)
    0x000234d0   0x00000010   Code   RO         9614    x$fpl$dcheck1       fz_wm.l(dcheck1.o)
    0x000234e0   0x00000018   Code   RO         9326    x$fpl$dcmpinf       fz_wm.l(dcmpi.o)
    0x000234f8   0x000002b0   Code   RO         9261    x$fpl$ddiv          fz_wm.l(ddiv.o)
    0x000237a8   0x00000078   Code   RO         9264    x$fpl$deqf          fz_wm.l(deqf.o)
    0x00023820   0x0000005e   Code   RO         9266    x$fpl$dfix          fz_wm.l(dfix.o)
    0x0002387e   0x00000002   PAD
    0x00023880   0x0000005a   Code   RO         9270    x$fpl$dfixu         fz_wm.l(dfixu.o)
    0x000238da   0x0000002e   Code   RO         9275    x$fpl$dflt          fz_wm.l(dflt_clz.o)
    0x00023908   0x00000026   Code   RO         9274    x$fpl$dfltu         fz_wm.l(dflt_clz.o)
    0x0002392e   0x00000002   PAD
    0x00023930   0x00000078   Code   RO         9280    x$fpl$dleqf         fz_wm.l(dleqf.o)
    0x000239a8   0x00000154   Code   RO         9282    x$fpl$dmul          fz_wm.l(dmul.o)
    0x00023afc   0x0000009c   Code   RO         9328    x$fpl$dnaninf       fz_wm.l(dnaninf.o)
    0x00023b98   0x0000000c   Code   RO         9330    x$fpl$dretinf       fz_wm.l(dretinf.o)
    0x00023ba4   0x0000006c   Code   RO         9284    x$fpl$drleqf        fz_wm.l(drleqf.o)
    0x00023c10   0x000001d4   Code   RO         9256    x$fpl$dsub          fz_wm.l(daddsub_clz.o)
    0x00023de4   0x00000056   Code   RO         9286    x$fpl$f2d           fz_wm.l(f2d.o)
    0x00023e3a   0x0000008c   Code   RO         9332    x$fpl$fnaninf       fz_wm.l(fnaninf.o)
    0x00023ec6   0x0000000a   Code   RO         9497    x$fpl$fpinit        fz_wm.l(fpinit.o)
    0x00023ed0   0x0000000a   Code   RO         9334    x$fpl$fretinf       fz_wm.l(fretinf.o)
    0x00023eda   0x00000064   Code   RO         9616    x$fpl$retnan        fz_wm.l(retnan.o)
    0x00023f3e   0x0000005c   Code   RO         9609    x$fpl$scalbn        fz_wm.l(scalbn.o)
    0x00023f9a   0x00000004   Code   RO         9374    x$fpl$scanf1        fz_wm.l(scanf1.o)
    0x00023f9e   0x00000008   Code   RO         9501    x$fpl$scanf2        fz_wm.l(scanf2.o)
    0x00023fa6   0x00000030   Code   RO         9618    x$fpl$trapveneer    fz_wm.l(trapv.o)
    0x00023fd6   0x00000000   Code   RO         9336    x$fpl$usenofp       fz_wm.l(usenofp.o)
    0x00023fd6   0x00000002   PAD
    0x00023fd8   0x000001a0   Data   RO            8    .constdata          main.o
    0x00024178   0x0000003f   Data   RO          668    .constdata          ftm.o
    0x000241b7   0x00000001   PAD
    0x000241b8   0x00000041   Data   RO          813    .constdata          gpio.o
    0x000241f9   0x00000003   PAD
    0x000241fc   0x0000000a   Data   RO         2915    .constdata          dac_ctrl.o
    0x00024206   0x00000002   PAD
    0x00024208   0x00000018   Data   RO         4041    .constdata          bsp.lib(hwtimer_pit.o)
    0x00024220   0x00000038   Data   RO         4199    .constdata          bsp.lib(init_gpio.o)
    0x00024258   0x00000030   Data   RO         4296    .constdata          bsp.lib(init_lwadc.o)
    0x00024288   0x00000020   Data   RO         4319    .constdata          bsp.lib(lwadc_kadc.o)
    0x000242a8   0x00000014   Data   RO         4390    .constdata          bsp.lib(lwgpio_kgpio.o)
    0x000242bc   0x00000014   Data   RO         5728    .constdata          bsp.lib(hwtimer_kinetis.o)
    0x000242d0   0x000001a4   Data   RO         5792    .constdata          bsp.lib(bsp_cm.o)
    0x00024474   0x00000028   Data   RO         6352    .constdata          psp.lib(mqx.o)
    0x0002449c   0x00000022   Data   RO         6828    .constdata          psp.lib(io_dopr.o)
    0x000244be   0x00000002   PAD
    0x000244c0   0x00000010   Data   RO         7212    .constdata          bsp.lib(dma.o)
    0x000244d0   0x00000018   Data   RO         7514    .constdata          bsp.lib(hwtimer_systick.o)
    0x000244e8   0x0000010c   Data   RO         7562    .constdata          bsp.lib(i2c_pol_ki2c.o)
    0x000245f4   0x00000040   Data   RO         7658    .constdata          bsp.lib(init_adc.o)
    0x00024634   0x0000000c   Data   RO         7667    .constdata          bsp.lib(init_esdhc.o)
    0x00024640   0x0000008c   Data   RO         7676    .constdata          bsp.lib(init_flashx.o)
    0x000246cc   0x0000003c   Data   RO         7686    .constdata          bsp.lib(init_i2c.o)
    0x00024708   0x0000001c   Data   RO         7695    .constdata          bsp.lib(init_sai.o)
    0x00024724   0x000000d8   Data   RO         7706    .constdata          bsp.lib(init_sci.o)
    0x000247fc   0x000000a0   Data   RO         7715    .constdata          bsp.lib(init_spi.o)
    0x0002489c   0x00000018   Data   RO         7724    .constdata          bsp.lib(init_dma.o)
    0x000248b4   0x00000020   Data   RO         8137    .constdata          bsp.lib(adc_kadc.o)
    0x000248d4   0x000000a0   Data   RO         8449    .constdata          bsp.lib(flash_ftfe.o)
    0x00024974   0x00000018   Data   RO         8882    .constdata          bsp.lib(spi_dspi_dma.o)
    0x0002498c   0x00000018   Data   RO         8939    .constdata          bsp.lib(spi_dspi.o)
    0x000249a4   0x00000044   Data   RO         9021    .constdata          bsp.lib(edma_kinetis.o)
    0x000249e8   0x0000000c   Data   RO         9115    .constdata          bsp.lib(spi_mk64.o)
    0x000249f4   0x00000060   Data   RO         9138    .constdata          bsp.lib(spi_dspi_common.o)
    0x00024a54   0x00000030   Data   RO         9448    .constdata          bsp.lib(mqx_init.o)
    0x00024a84   0x00000094   Data   RO         9464    .constdata          c_w.l(bigflt0.o)
    0x00024b18   0x000000b1   Data   RO            9    .conststring        main.o
    0x00024bc9   0x00000003   PAD
    0x00024bcc   0x00000078   Data   RO         6353    .conststring        psp.lib(mqx.o)
    0x00024c44   0x00000007   Data   RO         6941    .conststring        bsp.lib(init_bsp.o)
    0x00024c4b   0x00000001   PAD
    0x00024c4c   0x00000035   Data   RO         7677    .conststring        bsp.lib(init_flashx.o)
    0x00024c81   0x00000003   PAD
    0x00024c84   0x00000005   Data   RO         7696    .conststring        bsp.lib(init_sai.o)
    0x00024c89   0x00000003   PAD
    0x00024c8c   0x00000006   Data   RO         9449    .conststring        bsp.lib(mqx_init.o)
    0x00024c92   0x00000002   PAD
    0x00024c94   0x00000050   Data   RO         9620    Region$$Table       anon$$obj.o
    0x00024ce4   0x00000008   Data   RO         9494    c$$dinf             fz_wm.l(fpconst.o)
    0x00024cec   0x00000110   Data   RO         9368    locale$$data        c_w.l(lc_ctype_c.o)
    0x00024dfc   0x0000001c   Data   RO         9371    locale$$data        c_w.l(lc_numeric_c.o)


    Execution Region USEDFLASH_END (Base: 0x00025000, Size: 0x00000004, Max: 0x00000004, ABSOLUTE)

    Base Addr    Size         Type   Attr      Idx    E Section Name        Object

    0x00025000   0x00000004   Zero   RW            1    USEDFLASH_END.bss   anon$$obj.o


    Execution Region RAM_VECTORS (Base: 0x1fff0000, Size: 0x00000000, Max: 0xffffffff, ABSOLUTE)

    **** No section assigned to this execution region ****


    Execution Region NOUSER (Base: 0x1fff0000, Size: 0x00000000, Max: 0xffffffff, ABSOLUTE)

    **** No section assigned to this execution region ****


    Execution Region ROUSER (Base: 0x1fff0000, Size: 0x00000000, Max: 0xffffffff, ABSOLUTE)

    **** No section assigned to this execution region ****


    Execution Region RWUSER (Base: 0x1fff0000, Size: 0x00000000, Max: 0xffffffff, ABSOLUTE)

    **** No section assigned to this execution region ****


    Execution Region DATA (Base: 0x1fff0000, Size: 0x00001958, Max: 0xffffffff, ABSOLUTE, COMPRESSED[0x0000009c])

    Base Addr    Size         Type   Attr      Idx    E Section Name        Object

    0x1fff0000   0x00000028   Data   RW           10    .data               main.o
    0x1fff0028   0x00000002   Data   RW         1110    .data               eeprom.o
    0x1fff002a   0x00000002   PAD
    0x1fff002c   0x0000002c   Data   RW         1919    .data               api.o
    0x1fff0058   0x00000060   Data   RW         2177    .data               gs_protocol.o
    0x1fff00b8   0x00000008   Data   RW         2686    .data               thermostat.o
    0x1fff00c0   0x00000004   Data   RW         2748    .data               system_mk64f12.o
    0x1fff00c4   0x00000008   Data   RW         2782    .data               capture.o
    0x1fff00cc   0x0000003e   Data   RW         2828    .data               can_ctrl.o
    0x1fff010a   0x00000002   PAD
    0x1fff010c   0x0000000a   Data   RW         3061    .data               fpga_int.o
    0x1fff0116   0x00000001   Data   RW         3139    .data               i2c_ctrl.o
    0x1fff0117   0x00000001   PAD
    0x1fff0118   0x00000004   Data   RW         4320    .data               bsp.lib(lwadc_kadc.o)
    0x1fff011c   0x00000014   Data   RW         4391    .data               bsp.lib(lwgpio_kgpio.o)
    0x1fff0130   0x00000008   Data   RW         5665    .data               bsp.lib(adc_mk64.o)
    0x1fff0138   0x00000001   Data   RW         5793    .data               bsp.lib(bsp_cm.o)
    0x1fff0139   0x00000003   PAD
    0x1fff013c   0x00000008   Data   RW         6004    .data               psp.lib(psp_mstiq.o)
    0x1fff0144   0x0000000c   Data   RW         6354    .data               psp.lib(mqx.o)
    0x1fff0150   0x0000000c   Data   RW         6942    .data               bsp.lib(init_bsp.o)
    0x1fff015c   0x00000008   Data   RW         7213    .data               bsp.lib(dma.o)
    0x1fff0164   0x00000020   Data   RW         7697    .data               bsp.lib(init_sai.o)
    0x1fff0184   0x00000010   Data   RW         7748    .data               bsp.lib(krtc.o)
    0x1fff0194   0x00000004   Data   RW         8138    .data               bsp.lib(adc_kadc.o)
    0x1fff0198   0x00000001   Data   RW         8219    .data               bsp.lib(adt_kpdb.o)
    0x1fff0199   0x00000003   PAD
    0x1fff019c   0x00000034   Data   RW         8326    .data               bsp.lib(edma.o)
    0x1fff01d0   0x0000000c   Data   RW         9116    .data               bsp.lib(spi_mk64.o)
    0x1fff01dc   0x00000130   Zero   RW            7    .bss                main.o
    0x1fff030c   0x0000112c   Zero   RW         1109    .bss                eeprom.o
    0x1fff1438   0x0000000c   Zero   RW         1918    .bss                api.o
    0x1fff1444   0x0000008e   Zero   RW         2176    .bss                gs_protocol.o
    0x1fff14d2   0x00000002   PAD
    0x1fff14d4   0x00000104   Zero   RW         2685    .bss                thermostat.o
    0x1fff15d8   0x000000c4   Zero   RW         2827    .bss                can_ctrl.o
    0x1fff169c   0x00000150   Zero   RW         3015    .bss                uart_ctrl.o
    0x1fff17ec   0x0000002c   Zero   RW         3060    .bss                fpga_int.o
    0x1fff1818   0x00000040   Zero   RW         3096    .bss                time.o
    0x1fff1858   0x00000030   Zero   RW         4318    .bss                bsp.lib(lwadc_kadc.o)
    0x1fff1888   0x00000040   Zero   RW         6940    .bss                bsp.lib(init_bsp.o)
    0x1fff18c8   0x00000014   Zero   RW         8136    .bss                bsp.lib(adc_kadc.o)
    0x1fff18dc   0x00000024   Zero   RW         8218    .bss                bsp.lib(adt_kpdb.o)
    0x1fff1900   0x00000040   Zero   RW         8325    .bss                bsp.lib(edma.o)
    0x1fff1940   0x00000004   Zero   RW         9314    .bss                c_w.l(rt_errno_addr.o)
    0x1fff1944   0x00000014   Zero   RW         9358    .bss                c_w.l(rt_locale.o)


    Execution Region USB_BDT (Base: 0x1fff1a00, Size: 0x00000000, Max: 0xffffffff, ABSOLUTE)

    **** No section assigned to this execution region ****


    Execution Region KERNEL_DATA_START (Base: 0x1fff1a00, Size: 0x00000004, Max: 0xffffffff, ABSOLUTE)

    Base Addr    Size         Type   Attr      Idx    E Section Name        Object

    0x1fff1a00   0x00000004   Data   RW         3787    KERNEL_DATA_START   psp.lib(linker_symbols.o)


    Execution Region BOOT_STACK_ADDR (Base: 0x2002fef0, Size: 0x00000004, Max: 0xffffffff, ABSOLUTE)

    Base Addr    Size         Type   Attr      Idx    E Section Name        Object

    0x2002fef0   0x00000004   Data   RW         3789    BOOT_STACK          psp.lib(linker_symbols.o)


    Execution Region KERNEL_DATA_END (Base: 0x2002fff0, Size: 0x00000004, Max: 0xffffffff, ABSOLUTE)

    Base Addr    Size         Type   Attr      Idx    E Section Name        Object

    0x2002fff0   0x00000004   Data   RW         3788    KERNEL_DATA_END     psp.lib(linker_symbols.o)


==============================================================================

Image component sizes


      Code (inc. data)   RO Data    RW Data    ZI Data      Debug   Object Name

       240         60          0          0          0       2001   adc_ctrl.o
      4662        592          0         44         12      18920   api.o
      5776       2618          0         62        196       9241   can_ctrl.o
       152         20          0          8          0       1283   capture.o
       654          0          0          0          0       4976   common_fun.o
       140         16          0          0          0       1682   common_inc.o
       808         18         10          0          0       4165   dac_ctrl.o
      1266         66          0          2       4396     483692   eeprom.o
       356         52          0          0          0       5454   flash_rw.o
       340        112          0         10         44       1667   fpga_int.o
      2176         46         63          0          0       6014   ftm.o
       850         90         65          0          0       6622   gpio.o
     23010       6072          0         96        142      62330   gs_protocol.o
       348          6          0          1          0       3101   i2c_ctrl.o
      1440        532        593         40        304     499449   main.o
       158          0          0          0          0       3518   queue.o
       344         28          0          4          0       1018   system_mk64f12.o
       708         36          0          8        260       5682   thermostat.o
       204         64          0          0         64       1298   time.o
       880        112          0          0        336       3749   uart_ctrl.o

    ----------------------------------------------------------------------
     44534      10544        820        280       5760    1125862   Object Totals
         0          0         80          0          4          0   (incl. Generated)
        22          4          9          5          2          0   (incl. Padding)

    ----------------------------------------------------------------------

      Code (inc. data)   RO Data    RW Data    ZI Data      Debug   Library Member Name

      1550         34          0          0          0      10009   adc.o
      2506        116         32          4         20      11778   adc_kadc.o
        24          6          0          8          0       1240   adc_mk64.o
      2898        162          0          1         36      12877   adt_kpdb.o
      1852        124        420          1          0      14797   bsp_cm.o
        24          0          0          0          0       1534   cm.o
       932         34         16          8          0      10568   dma.o
      2442         98          0         52         64      17725   edma.o
        80         12         68          0          0       2630   edma_kinetis.o
      3858        120          0          0          0      17361   esdhc.o
        36          4          0          0          0       1238   esdhc_mk64.o
      1442         38        160          0          0      15258   flash_ftfe.o
        38          8          0          0          0       2294   flash_mk64.o
      3766         38          0          0          0      19445   flashx.o
        64          4          0          0          0       1402   flexcan_mk64.o
       384          0          0          0          0       6129   hwtimer.o
        76         12         20          0          0       3270   hwtimer_kinetis.o
       898         12         24          0          0       7448   hwtimer_pit.o
       330         16         24          0          0       5328   hwtimer_systick.o
       424         26          0          0          0       5804   i2c_int.o
      1652         38          0          0          0       6906   i2c_int_ki2c.o
        62         10          0          0          0       1214   i2c_mk64.o
       422         26          0          0          0       5789   i2c_pol.o
      2214         72        268          0          0      10054   i2c_pol_ki2c.o
         0          0         64          0          0        730   init_adc.o
       662        204          7         12         64      41739   init_bsp.o
         0          0         24          0          0        722   init_dma.o
         0          0         12          0          0        263   init_esdhc.o
         0          0        193          0          0        727   init_flashx.o
      1532        174         56          0          0      11010   init_gpio.o
       212         34          0          0          0       2684   init_hw.o
         0          0         60          0          0        351   init_i2c.o
         0          0         48          0          0        294   init_lwadc.o
         0          0         33         32          0        360   init_sai.o
         0          0        216          0          0        492   init_sci.o
         0          0        160          0          0        435   init_spi.o
        52          4          0          0          0        602   io_sinit.o
      2596         84          0          0          0      12572   kflexcan.o
       592         28          0          0          0       5361   kflexcan_int.o
       112         12          0         16          0       1292   krtc.o
      1020         42         32          4         48       5089   lwadc_kadc.o
       640          8         20         20          0       7334   lwgpio_kgpio.o
         0          0         54          0          0        710   mqx_init.o
        16          4          0          0          0        543   mqx_main.o
      6874        118          0          0          0      18742   sai_dma_ksai.o
       584         28          0          0          0       6416   sai_int.o
       108          4          0          0          0       3656   sai_mk64.o
      1718         22          0          0          0       9166   serl_int.o
       594         30          0          0          0       9629   serl_int_kuart.o
        72         30          0          0          0        639   serl_mk64.o
      1284         22          0          0          0       6196   serl_pol.o
      1646         38          0          0          0       9644   serl_pol_kuart.o
      1536         52          0          0          0       8026   spi.o
      1112         22         24          0          0       8082   spi_dspi.o
       484         20         96          0          0       4522   spi_dspi_common.o
       914         26         24          0          0      13410   spi_dspi_dma.o
        52         12         12         12          0       1969   spi_mk64.o
         0          0       1040          0          0     549335   vectors.o
        90          0          0          0          0          0   __dczerorl2.o
         8          0          0          0          0         68   __main.o
        52          8          0          0          0          0   __scatter.o
        26          0          0          0          0          0   __scatter_copy.o
        28          0          0          0          0          0   __scatter_zi.o
        28          0          0          0          0         68   _chval.o
        22          0          0          0          0        100   _rserrno.o
        64          0          0          0          0         84   _sgetc.o
       158          0          0          0          0         92   _strtoul.o
        26          0          0          0          0         80   atoi.o
       216          4        148          0          0         96   bigflt0.o
      1846        132          0          0          0        736   btod.o
        12          0          0          0          0         72   exit.o
         0          0          0          0          0          0   indicate_semi.o
        18          0          0          0          0         76   isspace.o
        44         10        272          0          0         76   lc_ctype_c.o
        44         10         28          0          0         76   lc_numeric_c.o
         2          0          0          0          0          0   libinit.o
        34          0          0          0          0          0   libinit2.o
         2          0          0          0          0          0   libshutdown.o
         2          0          0          0          0          0   libshutdown2.o
        72          0          0          0          0         76   llsdiv.o
        38          0          0          0          0         68   llshl.o
       238          0          0          0          0        100   lludivv7m.o
        16          4          0          0          0         76   rt_ctype_table.o
         8          4          0          0          4         68   rt_errno_addr.o
         8          4          0          0         20         68   rt_locale.o
        68          0          0          0          0         68   rt_memclr.o
        78          0          0          0          0         80   rt_memclr_w.o
       138          0          0          0          0         68   rt_memcpy_v6.o
       100          0          0          0          0         80   rt_memcpy_w.o
         0          0          0          0          0          0   rtentry.o
        12          0          0          0          0          0   rtentry2.o
         6          0          0          0          0          0   rtentry4.o
         2          0          0          0          0          0   rtexit.o
        10          0          0          0          0          0   rtexit2.o
      1202         12          0          0          0        216   scanf_fp.o
       792         14          0          0          0        100   scanf_hexfp.o
       308         16          0          0          0        100   scanf_infnan.o
        24          0          0          0          0         68   strcat.o
       128          0          0          0          0         68   strcmpv7m.o
        72          0          0          0          0         80   strcpy.o
        62          0          0          0          0         76   strlen.o
        36          0          0          0          0         76   strncat.o
       150          0          0          0          0         80   strncmp.o
        86          0          0          0          0         76   strncpy.o
        36          0          0          0          0         80   strstr.o
       160         12          0          0          0        120   strtod.o
       112          0          0          0          0         88   strtol.o
       114          0          0          0          0         92   strtoul.o
        12          4          0          0          0         68   sys_exit.o
         2          0          0          0          0         68   use_no_semi.o
        24          0          0          0          0        164   basic.o
        98          4          0          0          0        140   d2f.o
       804         16          0          0          0        368   daddsub_clz.o
        16          4          0          0          0        116   dcheck1.o
        24          0          0          0          0        116   dcmpi.o
       688        140          0          0          0        256   ddiv.o
       120          4          0          0          0        140   deqf.o
        94          4          0          0          0        140   dfix.o
        90          4          0          0          0        140   dfixu.o
        84          0          0          0          0        232   dflt_clz.o
       120          4          0          0          0        140   dleqf.o
       340         12          0          0          0        152   dmul.o
       156          4          0          0          0        140   dnaninf.o
        12          0          0          0          0        116   dretinf.o
       108          0          0          0          0        128   drleqf.o
        86          4          0          0          0        132   f2d.o
       140          4          0          0          0        132   fnaninf.o
         0          0          8          0          0          0   fpconst.o
        10          0          0          0          0        116   fpinit.o
        10          0          0          0          0        116   fretinf.o
       100          0          0          0          0        116   retnan.o
        92          0          0          0          0        116   scalbn.o
         4          0          0          0          0        116   scanf1.o
         8          0          0          0          0        132   scanf2.o
        48          0          0          0          0        116   trapv.o
         0          0          0          0          0          0   usenofp.o
        56         12          0          0          0        132   atof.o
        32          8          0          0          0        124   dunder.o
       140         22          0          0          0        132   frexp.o
       244         16          0          0          0        308   ldexp.o
       208          8          0          0          0        152   modf.o
       184         18          0          0          0        152   narrow.o
        92         16          0          0          0        320   boot.o
        22          0          0          0          0       1032   comp.o
       704         20          0          0          0        624   dispatch.o
        72          6          0          0          0        897   idletask.o
       112          6          0          0          0       1210   inittask.o
       762         70          0          0          0       6932   int.o
        20          6          0          0          0        563   int_inst.o
        48          6          0          0          0        746   int_unx.o
        16          6          0          0          0        600   int_vtab.o
      3726         84         34          0          0       7688   io_dopr.o
        48          0          0          0          0        701   io_fflsh.o
       168          4          0          0          0       1032   io_fopen.o
      2068         32          0          0          0       7550   io_fp.o
        58          0          0          0          0        728   io_fputc.o
       174          0          0          0          0        880   io_fseek.o
        68         12          0          0          0        661   io_ghand.o
        32          4          0          0          0        547   io_init.o
        48          0          0          0          0        858   io_inst.o
       224          6          0          0          0       1254   io_instx.o
        80          0          0          0          0        852   io_ioctl.o
        52          4          0          0          0        637   io_pntf.o
       118          0          0          0          0        903   io_read.o
        62          4          0          0          0       1290   io_spr.o
        48          0          0          0          0        740   io_write.o
        20          4          0          0          0        551   kinetis_mpu.o
         0          0          0         12          0          0   linker_symbols.o
       924         52          0          0          0       7972   lwevent.o
      1962         84          0          0          0      15540   lwmem.o
       610         38          0          0          0       5550   lwsem.o
       700         68        160         12          0      42357   mqx.o
       200         12          0          0          0      61565   nvic.o
        26          0          0          0          0        704   psp_iinit.o
       198          0          0          0          0        997   psp_mat1.o
       190          0          0          0          0        981   psp_mat2.o
        76          0          0          0          0       1160   psp_mat3.o
       140         12          0          8          0        772   psp_mstiq.o
         6          0          0          0          0        432   psp_supp.o
        80          4          0          0          0        789   psp_tiad.o
       170          6          0          0          0       1457   psp_tims.o
        52          4          0          0          0        739   psp_tinm.o
        64          4          0          0          0        718   psp_tisu.o
       176          0          0          0          0       2796   queue.o
       208         20          0          0          0       1920   sc_irdyq.o
       106          4          0          0          0       1414   sched.o
       176          4          0          0          0       1720   stack_bu.o
         2          0          0          0          0        559   stack_de.o
      1752         56          0          0          0      51823   task.o
       504         36          0          0          0       3534   taskq.o
       756         42          0          0          0      24150   time.o

    ----------------------------------------------------------------------
     81362       3286       3868        208        256    1212697   Library Totals
       104          0         11          6          0          0   (incl. Padding)

    ----------------------------------------------------------------------

      Code (inc. data)   RO Data    RW Data    ZI Data      Debug   Library Name

     52386       2028       3207        170        232     934840   bsp.lib
      6812        234        448          0         24       3832   c_w.l
      3276        204          8          0          0       3580   fz_wm.l
       864         84          0          0          0       1000   m_wm.l
     17920        736        194         32          0     269445   psp.lib

    ----------------------------------------------------------------------
     81362       3286       3868        208        256    1212697   Library Totals

    ----------------------------------------------------------------------

==============================================================================


      Code (inc. data)   RO Data    RW Data    ZI Data      Debug   

    125896      13830       4688        488       6016    2262743   Grand Totals
    125896      13830       4688        168       6016    2262743   ELF Image Totals (compressed)
    125896      13830       4688        168          0          0   ROM Totals

==============================================================================

    Total RO  Size (Code + RO Data)               130584 ( 127.52kB)
    Total RW  Size (RW Data + ZI Data)              6504 (   6.35kB)
    Total ROM Size (Code + RO Data + RW Data)     130752 ( 127.69kB)

==============================================================================

