<html>
<body>
<pre>
<h1>µVision Build Log</h1>
<h2>Project:</h2>
H:\K64\Project\HM\HM1711\build\uv4\hello_twrk64f120m\HM.uvprojx
Project File Date:  12/30/2016

<h2>Output:</h2>
Build target 'HM'
compiling main.c...
compiling queue.c...
compiling common_fun.c...
compiling adc_ctrl.c...
compiling ftm.c...
compiling gpio.c...
compiling common_inc.c...
compiling EEPROM.c...
compiling flash_rw.c...
compiling api.c...
compiling gs_protocol.c...
compiling Thermostat.c...
compiling system_MK64F12.c...
compiling capture.c...
..\..\..\capture.c(22): warning:  #167-D: argument of type "void (*)(void)" is incompatible with parameter of type "INT_ISR_FPTR"
        _int_install_isr(INT_FTM0 ,FTM0_IRQHandler,0);
..\..\..\capture.c: 1 warning, 0 errors
compiling can_ctrl.c...
..\..\..\can_ctrl.c(702): warning:  #61-D: integer operation result is out of range
                                _lwevent_set(&event, 1<<31);
..\..\..\can_ctrl.c(702): warning:  #68-D: integer conversion resulted in a change of sign
                                _lwevent_set(&event, 1<<31);
..\..\..\can_ctrl.c(910): warning:  #61-D: integer operation result is out of range
                 if (_lwevent_wait_ticks(&event, 1 << 31, FALSE, 0) != MQX_OK) {
..\..\..\can_ctrl.c(910): warning:  #68-D: integer conversion resulted in a change of sign
                 if (_lwevent_wait_ticks(&event, 1 << 31, FALSE, 0) != MQX_OK) {
..\..\..\can_ctrl.c: 4 warnings, 0 errors
compiling dac_ctrl.c...
compiling uart_ctrl.c...
compiling fpga_int.c...
compiling time.c...
compiling i2c_ctrl.c...
linking...
Program Size: Code=121848 RO-data=4688 RW-data=476 ZI-data=6076  
FromELF: creating hex file...
After Build - User command #1: C:\Keil_v5\ARM\ARMCC\bin\fromelf.exe --bin --output ./bin/middle_power.bin ./obj/middle_power.axf
".\Int Flash Debug\HM1711.axf" - 0 Error(s), 5 Warning(s).
: 4 warnings, 0 errors
compiling dac_ctrl.c...
compiling uart_ctrl.c...
compiling fpga_int.c...
compiling time.c...
compiling i2c_ctrl.c...
linking...
Program Size: Code=122072 RO-data=4688 RW-data=476 ZI-data=6076  
FromELF: creating hex file...
After Build - User command #1: C:\Keil_v5\ARM\ARMCC\bin\fromelf.exe --bin --output ./bin/middle_power.bin ./obj/middle_power.axf
".\Int Flash Debug\HM1711.axf" - 0 Error(s), 8 Warning(s).
