Product: MDK-ARM Standard 5.10
Component: ARM Compiler 5.04 update 1 (build 49)
Tool: armlink [5040049]

==============================================================================

Section Cross References

    main.o(i.functional_init) refers to uart_ctrl.o(i.uart_init) for uart_init
    main.o(i.functional_init) refers to adc_ctrl.o(i.adc_init) for adc_init
    main.o(i.functional_init) refers to main.o(i.gpio_init) for gpio_init
    main.o(i.functional_init) refers to dac_ctrl.o(i.dac_init) for dac_init
    main.o(i.functional_init) refers to i2c_ctrl.o(i.i2c_init) for i2c_init
    main.o(i.functional_init) refers to io_pntf.o(i._io_printf) for _io_printf
    main.o(i.functional_init) refers to eeprom.o(i.FlashEEprom_Init) for FlashEEprom_Init
    main.o(i.functional_init) refers to can_ctrl.o(i.canInit_Task) for canInit_Task
    main.o(i.functional_init) refers to can_ctrl.o(i.Rx_Task) for Rx_Task
    main.o(i.functional_init) refers to thermostat.o(i.InitTherm) for InitTherm
    main.o(i.functional_init) refers to api.o(i.init_LD_para) for init_LD_para
    main.o(i.functional_init) refers to eeprom.o(i.ReadByteFromEEprom) for ReadByteFromEEprom
    main.o(i.functional_init) refers to eeprom.o(i.ReadIntFromEEprom) for ReadIntFromEEprom
    main.o(i.functional_init) refers to eeprom.o(i.ReadFloatFromEEprom) for ReadFloatFromEEprom
    main.o(i.functional_init) refers to gs_protocol.o(i.GetCurrentWidthPower) for GetCurrentWidthPower
    main.o(i.functional_init) refers to gs_protocol.o(i.SwitchLanguage) for SwitchLanguage
    main.o(i.functional_init) refers to gs_protocol.o(i.rqtTarget) for rqtTarget
    main.o(i.functional_init) refers to api.o(i.GetDACValueWithCurrent) for GetDACValueWithCurrent
    main.o(i.functional_init) refers to gs_protocol.o(i.HmiLoad) for HmiLoad
    main.o(i.functional_init) refers to time.o(i.InitTime) for InitTime
    main.o(i.functional_init) refers to thermostat.o(.data) for T_EMAX
    main.o(i.functional_init) refers to api.o(.bss) for LD_para
    main.o(i.functional_init) refers to gs_protocol.o(.data) for InitTarCurr
    main.o(i.functional_init) refers to main.o(.data) for MOENLD
    main.o(i.gpio_init) refers to gpio.o(i.GPIO_QuickInit) for GPIO_QuickInit
    main.o(i.gpio_init) refers to gpio.o(i.GPIO_WriteBit) for GPIO_WriteBit
    main.o(i.main_task) refers to main.o(i.functional_init) for functional_init
    main.o(i.main_task) refers to lwsem.o(i._lwsem_create) for _lwsem_create
    main.o(i.main_task) refers to task.o(i._task_create) for _task_create
    main.o(i.main_task) refers to io_pntf.o(i._io_printf) for _io_printf
    main.o(i.main_task) refers to fpga_int.o(i.int_task) for int_task
    main.o(i.main_task) refers to gpio.o(i.GPIO_ToggleBit) for GPIO_ToggleBit
    main.o(i.main_task) refers to time.o(i._time_delay) for _time_delay
    main.o(i.main_task) refers to main.o(.bss) for HW_ptr
    main.o(.constdata) refers to main.o(i.main_task) for main_task
    main.o(.constdata) refers to main.o(.conststring) for .conststring
    main.o(.constdata) refers to uart_ctrl.o(i.uart_task) for uart_task
    main.o(.constdata) refers to can_ctrl.o(i.Rx_state_Task) for Rx_state_Task
    main.o(.constdata) refers to can_ctrl.o(i.Rx_reg_Task) for Rx_reg_Task
    main.o(.constdata) refers to can_ctrl.o(i.Tx_Task) for Tx_Task
    main.o(.constdata) refers to gs_protocol.o(i.ProcessUARTMsg) for ProcessUARTMsg
    main.o(.constdata) refers to thermostat.o(i.thermostat_task) for thermostat_task
    main.o(.constdata) refers to api.o(i.CurCtrl_Task) for CurCtrl_Task
    main.o(.constdata) refers to uart_ctrl.o(i.uart_comm_rec_task) for uart_comm_rec_task
    main.o(.constdata) refers to uart_ctrl.o(i.uart_hmi_rec_task) for uart_hmi_rec_task
    main.o(.constdata) refers to can_ctrl.o(i.CanHandle_Task) for CanHandle_Task
    main.o(.constdata) refers to api.o(i.CheckLDV_Task) for CheckLDV_Task
    queue.o(i.AddElement) refers to queue.o(i.checkQ) for checkQ
    queue.o(i.ClearElement) refers to queue.o(i.NEXT) for NEXT
    queue.o(i.Dequeue) refers to queue.o(i.checkQ) for checkQ
    queue.o(i.Enqueue) refers to queue.o(i.checkQ) for checkQ
    queue.o(i.Neibour) refers to queue.o(i.NEXT) for NEXT
    queue.o(i.Trim) refers to queue.o(i.checkQ) for checkQ
    common_fun.o(i.decstr2ch) refers to atoi.o(.text) for atoi
    common_fun.o(i.hexstr2ch) refers to strlen.o(.text) for strlen
    common_fun.o(i.reverse) refers to strlen.o(.text) for strlen
    common_fun.o(i.strLow2Cap) refers to strlen.o(.text) for strlen
    adc_ctrl.o(i.ConReadADC) refers to lwadc_kadc.o(i._lwadc_wait_next) for _lwadc_wait_next
    adc_ctrl.o(i.ConReadADC) refers to lwadc_kadc.o(i._lwadc_read_raw) for _lwadc_read_raw
    adc_ctrl.o(i.ConReadADC) refers to io_pntf.o(i._io_printf) for _io_printf
    adc_ctrl.o(i.adc_init) refers to lwadc_kadc.o(i._lwadc_init) for _lwadc_init
[...]
    0x0000a378   0x000004bc   Code   RO         2121    i.ProcessMsg        gs_protocol.o
    0x0000a834   0x0000007c   Code   RO         2122    i.ProcessUARTMsg    gs_protocol.o
    0x0000a8b0   0x00000010   Code   RO         1034    i.ReadByteFromEEprom  eeprom.o
    0x0000a8c0   0x00000020   Code   RO         1035    i.ReadFlashEEprom   eeprom.o
    0x0000a8e0   0x0000001c   Code   RO         1779    i.ReadFlexmem       flash_rw.o
    0x0000a8fc   0x00000022   Code   RO         1036    i.ReadFloatFromEEprom  eeprom.o
    0x0000a91e   0x00000014   Code   RO         1037    i.ReadIntFromEEprom  eeprom.o
    0x0000a932   0x0000001c   Code   RO         1040    i.ReadStrFromEEprom  eeprom.o
    0x0000a94e   0x00000002   PAD
    0x0000a950   0x0000048c   Code   RO         2852    i.Rx_Task           can_ctrl.o
    0x0000addc   0x00000154   Code   RO         2854    i.Rx_reg_Task       can_ctrl.o
    0x0000af30   0x0000016c   Code   RO         2855    i.Rx_state_Task     can_ctrl.o
    0x0000b09c   0x0000002c   Code   RO         2123    i.SendStr           gs_protocol.o
    0x0000b0c8   0x000002cc   Code   RO         1916    i.SingleRead        api.o
    0x0000b394   0x00000254   Code   RO         1917    i.SingleWrite       api.o
    0x0000b5e8   0x0000051c   Code   RO         2124    i.SwitchLanguage    gs_protocol.o
    0x0000bb04   0x0000003c   Code   RO         1918    i.TECswitch         api.o
    0x0000bb40   0x0000002c   Code   RO         1919    i.THOswitch         api.o
    0x0000bb6c   0x0000057c   Code   RO         2856    i.Tx_Task           can_ctrl.o
    0x0000c0e8   0x00000028   Code   RO         2125    i.UART_SendByte     gs_protocol.o
    0x0000c110   0x00000040   Code   RO         1044    i.WriteByteFromEEprom  eeprom.o
    0x0000c150   0x00000030   Code   RO         1781    i.WriteFlexmem      flash_rw.o
    0x0000c180   0x00000048   Code   RO         1045    i.WriteFloatFromEEprom  eeprom.o
    0x0000c1c8   0x0000003c   Code   RO         1046    i.WriteIntFromEEprom  eeprom.o
    0x0000c204   0x00000044   Code   RO         1049    i.WriteStrFromEEprom  eeprom.o
    0x0000c248   0x00000038   Code   RO         9295    i.__hardfp_atof     m_wm.l(atof.o)
    0x0000c280   0x000000e0   Code   RO         9569    i.__hardfp_ldexp    m_wm.l(ldexp.o)
    0x0000c360   0x000000d0   Code   RO         9301    i.__hardfp_modf     m_wm.l(modf.o)
    0x0000c430   0x00000020   Code   RO         9618    i.__mathlib_dbl_underflow  m_wm.l(dunder.o)
    0x0000c450   0x000000b8   Code   RO         9515    i.__mathlib_narrow  m_wm.l(narrow.o)
    0x0000c508   0x00000098   Code   RO         6141    i.__psp_ticks_to_milliseconds  psp.lib(psp_tims.o)
    0x0000c5a0   0x00000014   Code   RO         9571    i.__support_ldexp   m_wm.l(ldexp.o)
    0x0000c5b4   0x000000dc   Code   RO         7150    i._adc_close        bsp.lib(adc.o)
    0x0000c690   0x00000068   Code   RO         8131    i._adc_hw_channel_deinit  bsp.lib(adc_kadc.o)
    0x0000c6f8   0x00000114   Code   RO         8132    i._adc_hw_channel_init  bsp.lib(adc_kadc.o)
    0x0000c80c   0x0000001a   Code   RO         8133    i._adc_hw_deinit    bsp.lib(adc_kadc.o)
    0x0000c826   0x00000002   PAD
    0x0000c828   0x00000264   Code   RO         8134    i._adc_hw_init      bsp.lib(adc_kadc.o)
    0x0000ca8c   0x00000008   Code   RO         8135    i._adc_hw_install   bsp.lib(adc_kadc.o)
    0x0000ca94   0x00000310   Code   RO         8136    i._adc_hw_ioctl     bsp.lib(adc_kadc.o)
    0x0000cda4   0x000000f0   Code   RO         7151    i._adc_ioctl        bsp.lib(adc.o)
    0x0000ce94   0x00000360   Code   RO         7152    i._adc_open         bsp.lib(adc.o)
    0x0000d1f4   0x00000068   Code   RO         7153    i._adc_read         bsp.lib(adc.o)
    0x0000d25c   0x00000006   Code   RO         7154    i._adc_write        bsp.lib(adc.o)
    0x0000d262   0x00000002   PAD
    0x0000d264   0x000000d4   Code   RO         8209    i._adt_hw_channel_deinit  bsp.lib(adt_kpdb.o)
    0x0000d338   0x00000150   Code   RO         8210    i._adt_hw_channel_init  bsp.lib(adt_kpdb.o)
    0x0000d488   0x00000010   Code   RO         8211    i._adt_hw_deinit    bsp.lib(adt_kpdb.o)
    0x0000d498   0x0000011c   Code   RO         8212    i._adt_hw_init      bsp.lib(adt_kpdb.o)
    0x0000d5b4   0x00000006   Code   RO         8213    i._adt_hw_install   bsp.lib(adt_kpdb.o)
    0x0000d5ba   0x00000002   PAD
    0x0000d5bc   0x000001e0   Code   RO         8214    i._adt_hw_ioctl     bsp.lib(adt_kpdb.o)
    0x0000d79c   0x000000cc   Code   RO         8215    i._adt_pause        bsp.lib(adt_kpdb.o)
    0x0000d868   0x000000bc   Code   RO         8216    i._adt_process_data  bsp.lib(adt_kpdb.o)
    0x0000d924   0x000000d8   Code   RO         8217    i._adt_resume       bsp.lib(adt_kpdb.o)
    0x0000d9fc   0x000000c0   Code   RO         8218    i._adt_stop         bsp.lib(adt_kpdb.o)
    0x0000dabc   0x000000f0   Code   RO         8219    i._adt_trigger      bsp.lib(adt_kpdb.o)
    0x0000dbac   0x00000036   Code   RO         7402    i._allocate_sector_cache  bsp.lib(flashx.o)
    0x0000dbe2   0x00000002   PAD
    0x0000dbe4   0x000000dc   Code   RO         4212    i._bsp_adc_channel_io_init  bsp.lib(init_gpio.o)
    0x0000dcc0   0x00000040   Code   RO         4213    i._bsp_adc_io_init  bsp.lib(init_gpio.o)
    0x0000dd00   0x00000084   Code   RO         4214    i._bsp_dspi_io_init  bsp.lib(init_gpio.o)
    0x0000dd84   0x00000020   Code   RO         9025    i._bsp_edma_enable  bsp.lib(edma_kinetis.o)
    0x0000dda4   0x00000060   Code   RO         4216    i._bsp_esdhc_io_init  bsp.lib(init_gpio.o)
    0x0000de04   0x0000001c   Code   RO         6903    i._bsp_flexbus_mram_setup  bsp.lib(init_hw.o)
    0x0000de20   0x00000084   Code   RO         6905    i._bsp_flexbus_setup  bsp.lib(init_hw.o)
    0x0000dea4   0x0000005c   Code   RO         4217    i._bsp_flexcan_io_init  bsp.lib(init_gpio.o)
    0x0000df00   0x00000024   Code   RO         4218    i._bsp_ftfx_io_init  bsp.lib(init_gpio.o)
    0x0000df24   0x00000018   Code   RO         5683    i._bsp_get_adc_base_address  bsp.lib(adc_mk64.o)
    0x0000df3c   0x0000002c   Code   RO         5805    i._bsp_get_clock    bsp.lib(bsp_cm.o)
    0x0000df68   0x00000008   Code   RO         5806    i._bsp_get_clock_configuration  bsp.lib(bsp_cm.o)
    0x0000df70   0x00000018   Code   RO         9120    i._bsp_get_dspi_base_address  bsp.lib(spi_mk64.o)
    0x0000df88   0x0000001c   Code   RO         9121    i._bsp_get_dspi_vectors  bsp.lib(spi_mk64.o)
    0x0000dfa4   0x00000018   Code   RO         9026    i._bsp_get_edma_done_vectors  bsp.lib(edma_kinetis.o)
    0x0000dfbc   0x00000018   Code   RO         9027    i._bsp_get_edma_error_vectors  bsp.lib(edma_kinetis.o)
    0x0000dfd4   0x00000014   Code   RO         8424    i._bsp_get_esdhc_base_address  bsp.lib(esdhc_mk64.o)
    0x0000dfe8   0x00000010   Code   RO         8425    i._bsp_get_esdhc_vector  bsp.lib(esdhc_mk64.o)
    0x0000dff8   0x00000014   Code   RO         5721    i._bsp_get_flexcan_base_address  bsp.lib(flexcan_mk64.o)
    0x0000e00c   0x0000002c   Code   RO         5722    i._bsp_get_flexcan_vector  bsp.lib(flexcan_mk64.o)
    0x0000e038   0x00000008   Code   RO         9051    i._bsp_get_ftfe_address  bsp.lib(flash_mk64.o)
    0x0000e040   0x00000018   Code   RO         6943    i._bsp_get_hwticks  bsp.lib(init_bsp.o)
    0x0000e058   0x00000024   Code   RO         8537    i._bsp_get_i2c_base_address  bsp.lib(i2c_mk64.o)
    0x0000e07c   0x0000001a   Code   RO         8538    i._bsp_get_i2c_vector  bsp.lib(i2c_mk64.o)
    0x0000e096   0x00000002   PAD
    0x0000e098   0x00000014   Code   RO         9078    i._bsp_get_sai_base_address  bsp.lib(sai_mk64.o)
    0x0000e0ac   0x00000014   Code   RO         9079    i._bsp_get_sai_dma_channel_mask  bsp.lib(sai_mk64.o)
    0x0000e0c0   0x00000012   Code   RO         9080    i._bsp_get_sai_rx_dma_source  bsp.lib(sai_mk64.o)
    0x0000e0d2   0x00000010   Code   RO         9081    i._bsp_get_sai_rx_vector  bsp.lib(sai_mk64.o)
    0x0000e0e2   0x00000012   Code   RO         9082    i._bsp_get_sai_tx_dma_source  bsp.lib(sai_mk64.o)
    0x0000e0f4   0x00000010   Code   RO         9083    i._bsp_get_sai_tx_vector  bsp.lib(sai_mk64.o)
    0x0000e104   0x00000048   Code   RO         8737    i._bsp_get_serial_base_address  bsp.lib(serl_mk64.o)
    0x0000e14c   0x00000028   Code   RO         4219    i._bsp_gpio_io_init  bsp.lib(init_gpio.o)
    0x0000e174   0x00000084   Code   RO         4220    i._bsp_i2c_io_init  bsp.lib(init_gpio.o)
    0x0000e1f8   0x0000014c   Code   RO         6944    i._bsp_init         bsp.lib(init_bsp.o)
    0x0000e344   0x00000050   Code   RO         5807    i._bsp_initialize_hardware  bsp.lib(bsp_cm.o)
    0x0000e394   0x00000008   Code   RO         5808    i._bsp_low_level_init  bsp.lib(bsp_cm.o)
    0x0000e39c   0x00000024   Code   RO         5809    i._bsp_osc_autotrim  bsp.lib(bsp_cm.o)
    0x0000e3c0   0x00000004   Code   RO         7073    i._bsp_post_init    psp.lib(inittask.o)
    0x0000e3c4   0x00000128   Code   RO         6945    i._bsp_pre_init     bsp.lib(init_bsp.o)
    0x0000e4ec   0x00000014   Code   RO         4221    i._bsp_rtc_io_init  bsp.lib(init_gpio.o)
    0x0000e500   0x00000060   Code   RO         4222    i._bsp_sai_io_init  bsp.lib(init_gpio.o)
    0x0000e560   0x000001e8   Code   RO         4223    i._bsp_serial_io_init  bsp.lib(init_gpio.o)
    0x0000e748   0x00000008   Code   RO         4224    i._bsp_serial_irda_rx_init  bsp.lib(init_gpio.o)
    0x0000e750   0x00000008   Code   RO         4225    i._bsp_serial_irda_tx_init  bsp.lib(init_gpio.o)
    0x0000e758   0x00000064   Code   RO         4226    i._bsp_serial_rts_init  bsp.lib(init_gpio.o)
    0x0000e7bc   0x00000030   Code   RO         5810    i._bsp_set_clock_configuration  bsp.lib(bsp_cm.o)
    0x0000e7ec   0x0000000a   Code   RO         6946    i._bsp_systimer_callback  bsp.lib(init_bsp.o)
    0x0000e7f6   0x00000002   PAD
    0x0000e7f8   0x0000001c   Code   RO         6906    i._bsp_watchdog_disable  bsp.lib(init_hw.o)
    0x0000e814   0x00000010   Code   RO         5697    i._cm_get_clock     bsp.lib(cm.o)
    0x0000e824   0x00000008   Code   RO         5698    i._cm_get_clock_configuration  bsp.lib(cm.o)
    0x0000e82c   0x00000012   Code   RO         8939    i._dspi_cs_deassert  bsp.lib(spi_dspi.o)
    0x0000e83e   0x00000002   PAD
    0x0000e840   0x00000064   Code   RO         9141    i._dspi_ctar_params  bsp.lib(spi_dspi_common.o)
    0x0000e8a4   0x00000060   Code   RO         8940    i._dspi_deinit      bsp.lib(spi_dspi.o)
    0x0000e904   0x00000012   Code   RO         9142    i._dspi_deinit_low  bsp.lib(spi_dspi_common.o)
    0x0000e916   0x00000018   Code   RO         8881    i._dspi_dma_callback  bsp.lib(spi_dspi_dma.o)
    0x0000e92e   0x00000012   Code   RO         8882    i._dspi_dma_cs_deassert  bsp.lib(spi_dspi_dma.o)
    0x0000e940   0x00000040   Code   RO         8883    i._dspi_dma_deinit  bsp.lib(spi_dspi_dma.o)
    0x0000e980   0x00000124   Code   RO         8884    i._dspi_dma_init    bsp.lib(spi_dspi_dma.o)
    0x0000eaa4   0x00000044   Code   RO         8885    i._dspi_dma_ioctl   bsp.lib(spi_dspi_dma.o)
    0x0000eae8   0x000000a8   Code   RO         8886    i._dspi_dma_setparam  bsp.lib(spi_dspi_dma.o)
    0x0000eb90   0x000000c0   Code   RO         8887    i._dspi_dma_transfer  bsp.lib(spi_dspi_dma.o)
    0x0000ec50   0x00000058   Code   RO         8888    i._dspi_dma_tx_rx   bsp.lib(spi_dspi_dma.o)
    0x0000eca8   0x0000013c   Code   RO         9143    i._dspi_find_baudrate  bsp.lib(spi_dspi_common.o)
    0x0000ede4   0x000000a4   Code   RO         8941    i._dspi_init        bsp.lib(spi_dspi.o)
    0x0000ee88   0x00000032   Code   RO         9144    i._dspi_init_low    bsp.lib(spi_dspi_common.o)
    0x0000eeba   0x00000044   Code   RO         8942    i._dspi_ioctl       bsp.lib(spi_dspi.o)
    0x0000eefe   0x00000114   Code   RO         8943    i._dspi_isr         bsp.lib(spi_dspi.o)
    0x0000f012   0x00000002   PAD
    0x0000f014   0x000000a8   Code   RO         8944    i._dspi_setparam    bsp.lib(spi_dspi.o)
    0x0000f0bc   0x00000142   Code   RO         8945    i._dspi_tx_rx       bsp.lib(spi_dspi.o)
    0x0000f1fe   0x00000002   PAD
    0x0000f200   0x00000034   Code   RO         7303    i._esdhc_close      bsp.lib(esdhc.o)
    0x0000f234   0x00000012   Code   RO         7304    i._esdhc_get_baudrate  bsp.lib(esdhc.o)
    0x0000f246   0x0000001c   Code   RO         7305    i._esdhc_get_baudrate_low  bsp.lib(esdhc.o)
    0x0000f262   0x00000002   PAD
    0x0000f264   0x00000288   Code   RO         7306    i._esdhc_get_card_type  bsp.lib(esdhc.o)
    0x0000f4ec   0x000000c0   Code   RO         7307    i._esdhc_init       bsp.lib(esdhc.o)
    0x0000f5ac   0x000000e4   Code   RO         7308    i._esdhc_install    bsp.lib(esdhc.o)
    0x0000f690   0x00000330   Code   RO         7309    i._esdhc_ioctl      bsp.lib(esdhc.o)
    0x0000f9c0   0x00000014   Code   RO         7310    i._esdhc_is_running  bsp.lib(esdhc.o)
    0x0000f9d4   0x0000013a   Code   RO         7311    i._esdhc_isr        bsp.lib(esdhc.o)
    0x0000fb0e   0x00000046   Code   RO         7312    i._esdhc_open       bsp.lib(esdhc.o)
    0x0000fb54   0x0000010e   Code   RO         7313    i._esdhc_read       bsp.lib(esdhc.o)
    0x0000fc62   0x00000002   PAD
    0x0000fc64   0x0000028c   Code   RO         7314    i._esdhc_send_command  bsp.lib(esdhc.o)
    0x0000fef0   0x00000042   Code   RO         7315    i._esdhc_set_baudrate  bsp.lib(esdhc.o)
    0x0000ff32   0x00000002   PAD
    0x0000ff34   0x000000a0   Code   RO         7316    i._esdhc_set_baudrate_low  bsp.lib(esdhc.o)
    0x0000ffd4   0x0000004c   Code   RO         7317    i._esdhc_uninstall  bsp.lib(esdhc.o)
    0x00010020   0x000000f8   Code   RO         7318    i._esdhc_write      bsp.lib(esdhc.o)
    0x00010118   0x00000038   Code   RO         4638    i._int_default_isr  psp.lib(int.o)
    0x00010150   0x0000005c   Code   RO         4639    i._int_disable      psp.lib(int.o)
    0x000101ac   0x000000a8   Code   RO         4640    i._int_enable       psp.lib(int.o)
    0x00010254   0x0000000c   Code   RO         4641    i._int_get_default_isr  psp.lib(int.o)
    0x00010260   0x00000006   Code   RO         4642    i._int_get_exception_handler  psp.lib(int.o)
    0x00010266   0x00000002   PAD
    0x00010268   0x0000005c   Code   RO         4644    i._int_get_isr_data  psp.lib(int.o)
    0x000102c4   0x00000074   Code   RO         4646    i._int_init         psp.lib(int.o)
    0x00010338   0x00000010   Code   RO         4647    i._int_install_default_isr  psp.lib(int.o)
    0x00010348   0x000000ac   Code   RO         4649    i._int_install_isr  psp.lib(int.o)
    0x000103f4   0x00000020   Code   RO         4650    i._int_install_unexpected_isr  psp.lib(int.o)
    0x00010414   0x00000010   Code   RO         8090    i._int_set_vector_table  psp.lib(int_vtab.o)
    0x00010424   0x00000030   Code   RO         5950    i._int_unexpected_isr  psp.lib(int_unx.o)
    0x00010454   0x00000074   Code   RO         7155    i._io_adc_install   bsp.lib(adc.o)
    0x000104c8   0x00000318   Code   RO         7091    i._io_cvt           psp.lib(io_fp.o)
    0x000107e0   0x00000030   Code   RO         9001    i._io_dev_install   psp.lib(io_inst.o)
    0x00010810   0x000000e0   Code   RO         9013    i._io_dev_install_ext  psp.lib(io_instx.o)
    0x000108f0   0x00000c70   Code   RO         6842    i._io_doprint       psp.lib(io_dopr.o)
    0x00011560   0x000000ac   Code   RO         6843    i._io_doprint_prt   psp.lib(io_dopr.o)
    0x0001160c   0x000000e8   Code   RO         6844    i._io_doprint_prt64  psp.lib(io_dopr.o)
    0x000116f4   0x0000003a   Code   RO         7092    i._io_dtoa          psp.lib(io_fp.o)
    0x0001172e   0x000000ee   Code   RO         7093    i._io_dtoe          psp.lib(io_fp.o)
    0x0001181c   0x0000011a   Code   RO         7094    i._io_dtof          psp.lib(io_fp.o)
    0x00011936   0x0000024a   Code   RO         7095    i._io_dtog          psp.lib(io_fp.o)
    0x00011b80   0x00000022   Code   RO         7403    i._io_flashx_check_free_space  bsp.lib(flashx.o)
    0x00011ba2   0x00000046   Code   RO         7404    i._io_flashx_close  bsp.lib(flashx.o)
    0x00011be8   0x00000068   Code   RO         7405    i._io_flashx_erase_sector  bsp.lib(flashx.o)
    0x00011c50   0x00000124   Code   RO         7406    i._io_flashx_find_correct_sectors  bsp.lib(flashx.o)
    0x00011d74   0x0000001e   Code   RO         7407    i._io_flashx_flush_buffer  bsp.lib(flashx.o)
    0x00011d92   0x000000aa   Code   RO         7408    i._io_flashx_flush_sector_buffer  bsp.lib(flashx.o)
    0x00011e3c   0x000000a0   Code   RO         7409    i._io_flashx_install  bsp.lib(flashx.o)
    0x00011edc   0x000004c6   Code   RO         7410    i._io_flashx_ioctl  bsp.lib(flashx.o)
    0x000123a2   0x0000023a   Code   RO         7411    i._io_flashx_open   bsp.lib(flashx.o)
    0x000125dc   0x000000f2   Code   RO         7413    i._io_flashx_read   bsp.lib(flashx.o)
    0x000126ce   0x0000001c   Code   RO         7414    i._io_flashx_uninstall  bsp.lib(flashx.o)
    0x000126ea   0x000001a0   Code   RO         7416    i._io_flashx_write  bsp.lib(flashx.o)
    0x0001288a   0x00000176   Code   RO         7417    i._io_flashx_write_partial_sector  bsp.lib(flashx.o)
    0x00012a00   0x000000a8   Code   RO         5593    i._io_fopen         psp.lib(io_fopen.o)
    0x00012aa8   0x0000003a   Code   RO         6878    i._io_fputc         psp.lib(io_fputc.o)
    0x00012ae2   0x00000002   PAD
    0x00012ae4   0x00000044   Code   RO         6890    i._io_get_handle    psp.lib(io_ghand.o)
    0x00012b28   0x0000003c   Code   RO         8603    i._io_i2c_int_close  bsp.lib(i2c_int.o)
    0x00012b64   0x00000078   Code   RO         8604    i._io_i2c_int_install  bsp.lib(i2c_int.o)
    0x00012bdc   0x00000046   Code   RO         8605    i._io_i2c_int_ioctl  bsp.lib(i2c_int.o)
    0x00012c22   0x00000046   Code   RO         8606    i._io_i2c_int_open  bsp.lib(i2c_int.o)
    0x00012c68   0x00000020   Code   RO         8607    i._io_i2c_int_read  bsp.lib(i2c_int.o)
    0x00012c88   0x00000028   Code   RO         8608    i._io_i2c_int_uninstall  bsp.lib(i2c_int.o)
    0x00012cb0   0x00000020   Code   RO         8609    i._io_i2c_int_write  bsp.lib(i2c_int.o)
    0x00012cd0   0x00000030   Code   RO         8555    i._io_i2c_polled_close  bsp.lib(i2c_pol.o)
    0x00012d00   0x00000078   Code   RO         8556    i._io_i2c_polled_install  bsp.lib(i2c_pol.o)
    0x00012d78   0x00000046   Code   RO         8557    i._io_i2c_polled_ioctl  bsp.lib(i2c_pol.o)
    0x00012dbe   0x00000050   Code   RO         8558    i._io_i2c_polled_open  bsp.lib(i2c_pol.o)
    0x00012e0e   0x00000020   Code   RO         8559    i._io_i2c_polled_read  bsp.lib(i2c_pol.o)
    0x00012e2e   0x00000028   Code   RO         8560    i._io_i2c_polled_uninstall  bsp.lib(i2c_pol.o)
    0x00012e56   0x00000020   Code   RO         8561    i._io_i2c_polled_write  bsp.lib(i2c_pol.o)
    0x00012e76   0x00000070   Code   RO         7096    i._io_inf_or_nan    psp.lib(io_fp.o)
    0x00012ee6   0x00000002   PAD
    0x00012ee8   0x00000020   Code   RO         8119    i._io_init          psp.lib(io_init.o)
    0x00012f08   0x00000050   Code   RO         5611    i._io_ioctl         psp.lib(io_ioctl.o)
    0x00012f58   0x0000003c   Code   RO         6845    i._io_mputc         psp.lib(io_dopr.o)
    0x00012f94   0x00000034   Code   RO         5623    i._io_printf        psp.lib(io_pntf.o)
    0x00012fc8   0x0000004e   Code   RO         6846    i._io_putstr        psp.lib(io_dopr.o)
    0x00013016   0x00000076   Code   RO         5635    i._io_read          psp.lib(io_read.o)
    0x0001308c   0x00000048   Code   RO         7798    i._io_sai_int_close  bsp.lib(sai_int.o)
    0x000130d4   0x0000006c   Code   RO         7799    i._io_sai_int_install  bsp.lib(sai_int.o)
    0x00013140   0x00000044   Code   RO         7800    i._io_sai_int_ioctl  bsp.lib(sai_int.o)
    0x00013184   0x000000b4   Code   RO         7801    i._io_sai_int_open  bsp.lib(sai_int.o)
    0x00013238   0x00000034   Code   RO         7802    i._io_sai_int_read  bsp.lib(sai_int.o)
    0x0001326c   0x00000034   Code   RO         7803    i._io_sai_int_uninstall  bsp.lib(sai_int.o)
    0x000132a0   0x00000034   Code   RO         7804    i._io_sai_int_write  bsp.lib(sai_int.o)
    0x000132d4   0x00000034   Code   RO         7849    i._io_serial_default_init  bsp.lib(io_sinit.o)
    0x00013308   0x000000f4   Code   RO         8767    i._io_serial_int_addc  bsp.lib(serl_int.o)
    0x000133fc   0x00000072   Code   RO         8768    i._io_serial_int_close  bsp.lib(serl_int.o)
    0x0001346e   0x00000002   PAD
    0x00013470   0x00000078   Code   RO         8769    i._io_serial_int_install  bsp.lib(serl_int.o)
    0x000134e8   0x000000fc   Code   RO         8770    i._io_serial_int_ioctl  bsp.lib(serl_int.o)
    0x000135e4   0x00000092   Code   RO         8771    i._io_serial_int_nextc  bsp.lib(serl_int.o)
    0x00013676   0x00000148   Code   RO         8772    i._io_serial_int_open  bsp.lib(serl_int.o)
    0x000137be   0x0000008a   Code   RO         8773    i._io_serial_int_putc_internal  bsp.lib(serl_int.o)
    0x00013848   0x00000126   Code   RO         8774    i._io_serial_int_read  bsp.lib(serl_int.o)
    0x0001396e   0x00000052   Code   RO         8776    i._io_serial_int_write  bsp.lib(serl_int.o)
    0x000139c0   0x00000032   Code   RO         8833    i._io_serial_polled_close  bsp.lib(serl_pol.o)
    0x000139f2   0x00000002   PAD
    0x000139f4   0x0000007c   Code   RO         8834    i._io_serial_polled_install  bsp.lib(serl_pol.o)
    0x00013a70   0x000000b2   Code   RO         8835    i._io_serial_polled_ioctl  bsp.lib(serl_pol.o)
    0x00013b22   0x000000b6   Code   RO         8836    i._io_serial_polled_open  bsp.lib(serl_pol.o)
    0x00013bd8   0x000001ca   Code   RO         8837    i._io_serial_polled_read  bsp.lib(serl_pol.o)
    0x00013da2   0x00000124   Code   RO         8839    i._io_serial_polled_write  bsp.lib(serl_pol.o)
    0x00013ec6   0x00000016   Code   RO         7992    i._io_spi_close     bsp.lib(spi.o)
    0x00013edc   0x00000062   Code   RO         7993    i._io_spi_flush     bsp.lib(spi.o)
    0x00013f3e   0x00000002   PAD
    0x00013f40   0x000000d4   Code   RO         7994    i._io_spi_install   bsp.lib(spi.o)
    0x00014014   0x00000338   Code   RO         7995    i._io_spi_ioctl     bsp.lib(spi.o)
    0x0001434c   0x00000072   Code   RO         7996    i._io_spi_open      bsp.lib(spi.o)
    0x000143be   0x00000016   Code   RO         7997    i._io_spi_read      bsp.lib(spi.o)
    0x000143d4   0x000000b0   Code   RO         7998    i._io_spi_read_write  bsp.lib(spi.o)
    0x00014484   0x0000002e   Code   RO         7999    i._io_spi_uninstall  bsp.lib(spi.o)
    0x000144b2   0x00000016   Code   RO         8000    i._io_spi_write     bsp.lib(spi.o)
    0x000144c8   0x00000030   Code   RO         5648    i._io_sprintf       psp.lib(io_spr.o)
    0x000144f8   0x0000000e   Code   RO         5649    i._io_sputc         psp.lib(io_spr.o)
    0x00014506   0x00000030   Code   RO         5671    i._io_write         psp.lib(io_write.o)
    0x00014536   0x0000000e   Code   RO         9398    i._is_digit         c_w.l(scanf_fp.o)
    0x00014544   0x00000054   Code   RO         7621    i._ki2c_int_deinit  bsp.lib(i2c_int_ki2c.o)
    0x00014598   0x00000084   Code   RO         7622    i._ki2c_int_init    bsp.lib(i2c_int_ki2c.o)
    0x0001461c   0x00000034   Code   RO         7623    i._ki2c_int_install  bsp.lib(i2c_int_ki2c.o)
    0x00014650   0x000000a8   Code   RO         7624    i._ki2c_int_rx      bsp.lib(i2c_int_ki2c.o)
    0x000146f8   0x000000b8   Code   RO         7625    i._ki2c_int_tx      bsp.lib(i2c_int_ki2c.o)
    0x000147b0   0x00000408   Code   RO         7626    i._ki2c_isr         bsp.lib(i2c_int_ki2c.o)
    0x00014bb8   0x00000038   Code   RO         7561    i._ki2c_polled_deinit  bsp.lib(i2c_pol_ki2c.o)
    0x00014bf0   0x000000b8   Code   RO         7562    i._ki2c_polled_init  bsp.lib(i2c_pol_ki2c.o)
    0x00014ca8   0x00000034   Code   RO         7563    i._ki2c_polled_install  bsp.lib(i2c_pol_ki2c.o)
    0x00014cdc   0x000002f0   Code   RO         7564    i._ki2c_polled_ioctl  bsp.lib(i2c_pol_ki2c.o)
    0x00014fcc   0x0000008c   Code   RO         7565    i._ki2c_polled_rx   bsp.lib(i2c_pol_ki2c.o)
    0x00015058   0x00000316   Code   RO         7566    i._ki2c_polled_rx_tx  bsp.lib(i2c_pol_ki2c.o)
    0x0001536e   0x0000008c   Code   RO         7567    i._ki2c_polled_tx   bsp.lib(i2c_pol_ki2c.o)
    0x000153fa   0x00000002   PAD
    0x000153fc   0x00000064   Code   RO         7568    i._ki2c_set_baudrate  bsp.lib(i2c_pol_ki2c.o)
    0x00015460   0x000000b4   Code   RO         8651    i._ki2s_find_mclk_freq_div  bsp.lib(sai_dma_ksai.o)
    0x00015514   0x0000003c   Code   RO         8652    i._ki2s_get_mclk_value  bsp.lib(sai_dma_ksai.o)
    0x00015550   0x000000dc   Code   RO         8653    i._ki2s_set_bclk_mode  bsp.lib(sai_dma_ksai.o)
    0x0001562c   0x000001b0   Code   RO         8654    i._ki2s_set_master_mode  bsp.lib(sai_dma_ksai.o)
    0x000157dc   0x00000160   Code   RO         8655    i._ki2s_set_slave_mode  bsp.lib(sai_dma_ksai.o)
    0x0001593c   0x00000014   Code   RO         8048    i._kinetis_mpu_disable  psp.lib(kinetis_mpu.o)
    0x00015950   0x00000114   Code   RO         8656    i._ksai_dma_deinit  bsp.lib(sai_dma_ksai.o)
    0x00015a64   0x00000360   Code   RO         8657    i._ksai_dma_init    bsp.lib(sai_dma_ksai.o)
    0x00015dc4   0x00000d88   Code   RO         8658    i._ksai_dma_ioctl   bsp.lib(sai_dma_ksai.o)
    0x00016b4c   0x00000270   Code   RO         8659    i._ksai_hw_init     bsp.lib(sai_dma_ksai.o)
    0x00016dbc   0x000000a4   Code   RO         8660    i._ksai_rx_dma_irq_handler  bsp.lib(sai_dma_ksai.o)
    0x00016e60   0x00000026   Code   RO         8661    i._ksai_rx_fifoerr_irq_handler  bsp.lib(sai_dma_ksai.o)
    0x00016e86   0x000000a6   Code   RO         8662    i._ksai_tx_dma_irq_handler  bsp.lib(sai_dma_ksai.o)
    0x00016f2c   0x00000022   Code   RO         8663    i._ksai_tx_fifoerr_irq_handler  bsp.lib(sai_dma_ksai.o)
    0x00016f4e   0x00000056   Code   RO         7925    i._kuart_change_baudrate  bsp.lib(serl_pol_kuart.o)
    0x00016fa4   0x0000001c   Code   RO         7861    i._kuart_int_deinit  bsp.lib(serl_int_kuart.o)
    0x00016fc0   0x00000036   Code   RO         7862    i._kuart_int_enable  bsp.lib(serl_int_kuart.o)
    0x00016ff6   0x00000064   Code   RO         7863    i._kuart_int_err_isr  bsp.lib(serl_int_kuart.o)
    0x0001705a   0x00000002   PAD
    0x0001705c   0x00000070   Code   RO         7864    i._kuart_int_init   bsp.lib(serl_int_kuart.o)
    0x000170cc   0x00000038   Code   RO         7865    i._kuart_int_install  bsp.lib(serl_int_kuart.o)
    0x00017104   0x0000000a   Code   RO         7866    i._kuart_int_peripheral_disable  bsp.lib(serl_int_kuart.o)
    0x0001710e   0x0000000a   Code   RO         7867    i._kuart_int_peripheral_enable  bsp.lib(serl_int_kuart.o)
    0x00017118   0x00000028   Code   RO         7868    i._kuart_int_putc   bsp.lib(serl_int_kuart.o)
    0x00017140   0x000000b8   Code   RO         7869    i._kuart_int_rx_tx_isr  bsp.lib(serl_int_kuart.o)
    0x000171f8   0x0000002a   Code   RO         7926    i._kuart_polled_deinit  bsp.lib(serl_pol_kuart.o)
    0x00017222   0x0000001a   Code   RO         7927    i._kuart_polled_getc  bsp.lib(serl_pol_kuart.o)
    0x0001723c   0x000000e0   Code   RO         7928    i._kuart_polled_init  bsp.lib(serl_pol_kuart.o)
    0x0001731c   0x00000040   Code   RO         7929    i._kuart_polled_install  bsp.lib(serl_pol_kuart.o)
    0x0001735c   0x0000041e   Code   RO         7930    i._kuart_polled_ioctl  bsp.lib(serl_pol_kuart.o)
    0x0001777a   0x0000000a   Code   RO         7931    i._kuart_polled_peripheral_disable  bsp.lib(serl_pol_kuart.o)
    0x00017784   0x0000000a   Code   RO         7932    i._kuart_polled_peripheral_enable  bsp.lib(serl_pol_kuart.o)
    0x0001778e   0x00000018   Code   RO         7933    i._kuart_polled_putc  bsp.lib(serl_pol_kuart.o)
    0x000177a6   0x0000006a   Code   RO         7934    i._kuart_polled_status  bsp.lib(serl_pol_kuart.o)
    0x00017810   0x000002a8   Code   RO         4341    i._lwadc_init       bsp.lib(lwadc_kadc.o)
    0x00017ab8   0x000000ac   Code   RO         4342    i._lwadc_init_input  bsp.lib(lwadc_kadc.o)
    0x00017b64   0x0000003a   Code   RO         4345    i._lwadc_read_raw   bsp.lib(lwadc_kadc.o)
    0x00017b9e   0x00000016   Code   RO         4346    i._lwadc_restart    bsp.lib(lwadc_kadc.o)
    0x00017bb4   0x00000058   Code   RO         4348    i._lwadc_wait_next  bsp.lib(lwadc_kadc.o)
    0x00017c0c   0x0000002c   Code   RO         5503    i._lwevent_clear    psp.lib(lwevent.o)
    0x00017c38   0x00000012   Code   RO         5504    i._lwevent_create   psp.lib(lwevent.o)
    0x00017c4a   0x00000002   PAD
    0x00017c4c   0x00000080   Code   RO         5505    i._lwevent_create_internal  psp.lib(lwevent.o)
    0x00017ccc   0x0000000e   Code   RO         5506    i._lwevent_destroy  psp.lib(lwevent.o)
    0x00017cda   0x00000002   PAD
    0x00017cdc   0x000000a4   Code   RO         5507    i._lwevent_destroy_internal  psp.lib(lwevent.o)
    0x00017d80   0x00000010   Code   RO         5508    i._lwevent_get_signalled  psp.lib(lwevent.o)
    0x00017d90   0x000000e8   Code   RO         5509    i._lwevent_set      psp.lib(lwevent.o)
    0x00017e78   0x000000dc   Code   RO         5513    i._lwevent_wait_internal  psp.lib(lwevent.o)
    0x00017f54   0x00000058   Code   RO         5514    i._lwevent_wait_ticks  psp.lib(lwevent.o)
    0x00017fac   0x00000020   Code   RO         6559    i._lwmem_alloc      psp.lib(lwmem.o)
    0x00017fcc   0x00000028   Code   RO         6560    i._lwmem_alloc_align  psp.lib(lwmem.o)
    0x00017ff4   0x000001b4   Code   RO         6562    i._lwmem_alloc_align_internal  psp.lib(lwmem.o)
    0x000181a8   0x00000028   Code   RO         6563    i._lwmem_alloc_at   psp.lib(lwmem.o)
    0x000181d0   0x0000013c   Code   RO         6564    i._lwmem_alloc_at_internal  psp.lib(lwmem.o)
    0x0001830c   0x00000124   Code   RO         6566    i._lwmem_alloc_internal  psp.lib(lwmem.o)
    0x00018430   0x00000024   Code   RO         6567    i._lwmem_alloc_system  psp.lib(lwmem.o)
    0x00018454   0x00000028   Code   RO         6568    i._lwmem_alloc_system_align  psp.lib(lwmem.o)
    0x0001847c   0x00000024   Code   RO         6571    i._lwmem_alloc_system_zero  psp.lib(lwmem.o)
    0x000184a0   0x00000020   Code   RO         6573    i._lwmem_alloc_zero  psp.lib(lwmem.o)
    0x000184c0   0x0000006c   Code   RO         6575    i._lwmem_create_pool  psp.lib(lwmem.o)
    0x0001852c   0x0000002a   Code   RO         6576    i._lwmem_create_pool_mapped  psp.lib(lwmem.o)
    0x00018556   0x00000002   PAD
    0x00018558   0x00000130   Code   RO         6577    i._lwmem_free       psp.lib(lwmem.o)
    0x00018688   0x00000078   Code   RO         6582    i._lwmem_get_next_block_internal  psp.lib(lwmem.o)
    0x00018700   0x00000010   Code   RO         6584    i._lwmem_get_system_pool_id  psp.lib(lwmem.o)
    0x00018710   0x0000002c   Code   RO         6586    i._lwmem_init_internal  psp.lib(lwmem.o)
    0x0001873c   0x00000012   Code   RO         6588    i._lwmem_set_type   psp.lib(lwmem.o)
    0x0001874e   0x0000000a   Code   RO         6591    i._lwmem_transfer_internal  psp.lib(lwmem.o)
    0x00018758   0x00000014   Code   RO         4734    i._lwsem_create     psp.lib(lwsem.o)
    0x0001876c   0x00000060   Code   RO         4736    i._lwsem_create_internal  psp.lib(lwsem.o)
    0x000187cc   0x0000000e   Code   RO         4737    i._lwsem_destroy    psp.lib(lwsem.o)
    0x000187da   0x00000002   PAD
    0x000187dc   0x000000b4   Code   RO         4738    i._lwsem_destroy_internal  psp.lib(lwsem.o)
    0x00018890   0x00000034   Code   RO         4740    i._lwsem_poll       psp.lib(lwsem.o)
    0x000188c4   0x00000084   Code   RO         4741    i._lwsem_post       psp.lib(lwsem.o)
    0x00018948   0x00000074   Code   RO         4743    i._lwsem_wait       psp.lib(lwsem.o)
    0x000189bc   0x00000190   Code   RO         6354    i._mqx              psp.lib(mqx.o)
    0x00018b4c   0x0000000c   Code   RO         6355    i._mqx_exit         psp.lib(mqx.o)
    0x00018b58   0x00000048   Code   RO         7061    i._mqx_idle_task    psp.lib(idletask.o)
    0x00018ba0   0x00000114   Code   RO         6365    i._mqx_init_kernel_data_internal  psp.lib(mqx.o)
    0x00018cb4   0x0000006c   Code   RO         7074    i._mqx_init_task    psp.lib(inittask.o)
    0x00018d20   0x0000000c   Code   RO         6367    i._mqx_set_cpu_type  psp.lib(mqx.o)
    0x00018d2c   0x00000030   Code   RO         4507    i._nvic_int_disable  psp.lib(nvic.o)
    0x00018d5c   0x0000002c   Code   RO         4508    i._nvic_int_enable  psp.lib(nvic.o)
    0x00018d88   0x0000006c   Code   RO         4509    i._nvic_int_init    psp.lib(nvic.o)
    0x00018df4   0x0000004c   Code   RO         7031    i._psp_add_element_to_array  psp.lib(psp_mat3.o)
    0x00018e40   0x00000050   Code   RO         6093    i._psp_add_ticks    psp.lib(psp_tiad.o)
    0x00018e90   0x00000034   Code   RO         6311    i._psp_build_float_context  psp.lib(stack_bu.o)
    0x00018ec4   0x0000007c   Code   RO         6312    i._psp_build_stack_frame  psp.lib(stack_bu.o)
    0x00018f40   0x00000002   Code   RO         6329    i._psp_destroy_stack_frame  psp.lib(stack_de.o)
    0x00018f42   0x000000be   Code   RO         7019    i._psp_div_128_by_32  psp.lib(psp_mat2.o)
    0x00019000   0x00000074   Code   RO         7043    i._psp_init_readyqs  psp.lib(sc_irdyq.o)
    0x00019074   0x0000001a   Code   RO         8107    i._psp_int_init     psp.lib(psp_iinit.o)
    0x0001908e   0x00000002   PAD
    0x00019090   0x00000014   Code   RO         8989    i._psp_int_install  psp.lib(int_inst.o)
    0x000190a4   0x0000008c   Code   RO         6022    i._psp_msecs_to_ticks_quick  psp.lib(psp_mstiq.o)
    0x00019130   0x000000c6   Code   RO         7007    i._psp_mul_128_by_32  psp.lib(psp_mat1.o)
    0x000191f6   0x00000002   PAD
    0x000191f8   0x00000034   Code   RO         6164    i._psp_normalize_ticks  psp.lib(psp_tinm.o)
    0x0001922c   0x0000005c   Code   RO         7044    i._psp_set_kernel_disable_level  psp.lib(sc_irdyq.o)
    0x00019288   0x00000040   Code   RO         6246    i._psp_subtract_ticks  psp.lib(psp_tisu.o)
    0x000192c8   0x00000012   Code   RO         6142    i._psp_ticks_to_milliseconds  psp.lib(psp_tims.o)
    0x000192da   0x0000002c   Code   RO         6769    i._queue_dequeue    psp.lib(queue.o)
    0x00019306   0x0000003c   Code   RO         6770    i._queue_enqueue    psp.lib(queue.o)
    0x00019342   0x0000000c   Code   RO         6773    i._queue_init       psp.lib(queue.o)
    0x0001934e   0x0000003c   Code   RO         6774    i._queue_insert     psp.lib(queue.o)
    0x0001938a   0x00000002   PAD
    0x0001938c   0x00000070   Code   RO         7751    i._rtc_init         bsp.lib(krtc.o)
    0x000193fc   0x00000042   Code   RO         6498    i._sched_insert_priorityq_internal  psp.lib(sched.o)
    0x0001943e   0x00000002   PAD
    0x00019440   0x00000028   Code   RO         6502    i._sched_yield      psp.lib(sched.o)
    0x00019468   0x000000e4   Code   RO         4826    i._task_alloc_td_internal  psp.lib(task.o)
    0x0001954c   0x00000078   Code   RO         4827    i._task_build_internal  psp.lib(task.o)
    0x000195c4   0x00000016   Code   RO         4829    i._task_create      psp.lib(task.o)
    0x000195da   0x00000002   PAD
    0x000195dc   0x00000084   Code   RO         4832    i._task_create_internal  psp.lib(task.o)
    0x00019660   0x0000000e   Code   RO         4833    i._task_destroy     psp.lib(task.o)
    0x0001966e   0x00000002   PAD
    0x00019670   0x0000024c   Code   RO         4834    i._task_destroy_internal  psp.lib(task.o)
    0x000198bc   0x00000020   Code   RO         4837    i._task_exit_function_internal  psp.lib(task.o)
    0x000198dc   0x00000018   Code   RO         4839    i._task_fill_stack_internal  psp.lib(task.o)
    0x000198f4   0x00000018   Code   RO         4842    i._task_get_error   psp.lib(task.o)
    0x0001990c   0x0000005c   Code   RO         4855    i._task_get_td      psp.lib(task.o)
    0x00019968   0x0000015c   Code   RO         4858    i._task_init_internal  psp.lib(task.o)
    0x00019ac4   0x00000028   Code   RO         4860    i._task_ready_internal  psp.lib(task.o)
    0x00019aec   0x0000002c   Code   RO         4864    i._task_set_error   psp.lib(task.o)
    0x00019b18   0x0000000c   Code   RO         4865    i._task_set_error_td_internal  psp.lib(task.o)
    0x00019b24   0x00000020   Code   RO         4873    i._task_stop_preemption  psp.lib(task.o)
    0x00019b44   0x0000007c   Code   RO         9173    i._taskq_create     psp.lib(taskq.o)
    0x00019bc0   0x0000008c   Code   RO         9174    i._taskq_destroy    psp.lib(taskq.o)
    0x00019c4c   0x00000078   Code   RO         9176    i._taskq_resume     psp.lib(taskq.o)
    0x00019cc4   0x00000078   Code   RO         9177    i._taskq_suspend    psp.lib(taskq.o)
    0x00019d3c   0x00000050   Code   RO         5159    i._time_delay       psp.lib(time.o)
    0x00019d8c   0x00000038   Code   RO         5160    i._time_delay_for   psp.lib(time.o)
    0x00019dc4   0x00000090   Code   RO         5161    i._time_delay_internal  psp.lib(time.o)
    0x00019e54   0x00000034   Code   RO         5163    i._time_delay_until  psp.lib(time.o)
    0x00019e88   0x0000001c   Code   RO         5170    i._time_diff_milliseconds  psp.lib(time.o)
    0x00019ea4   0x00000020   Code   RO         5175    i._time_diff_ticks  psp.lib(time.o)
    0x00019ec4   0x00000050   Code   RO         5187    i._time_get_ticks   psp.lib(time.o)
    0x00019f14   0x000000e8   Code   RO         5190    i._time_notify_kernel  psp.lib(time.o)
    0x00019ffc   0x00000014   Code   RO         5192    i._time_set_hwtick_function  psp.lib(time.o)
    0x0001a010   0x00000010   Code   RO         5193    i._time_set_hwticks_per_tick  psp.lib(time.o)
    0x0001a020   0x00000010   Code   RO         5196    i._time_set_ticks_per_sec  psp.lib(time.o)
    0x0001a030   0x000000d8   Code   RO         8137    i.adc_calibrate     bsp.lib(adc_kadc.o)
    0x0001a108   0x00000028   Code   RO         8138    i.adc_complete_isr  bsp.lib(adc_kadc.o)
    0x0001a130   0x00000068   Code   RO         8139    i.adc_get_calibration_data  bsp.lib(adc_kadc.o)
    0x0001a198   0x0000007c   Code   RO          629    i.adc_init          adc_ctrl.o
    0x0001a214   0x00000034   Code   RO         8140    i.adc_process_all_data  bsp.lib(adc_kadc.o)
    0x0001a248   0x000000b4   Code   RO         8141    i.adc_process_data  bsp.lib(adc_kadc.o)
    0x0001a2fc   0x00000068   Code   RO         8142    i.adc_set_calibration_data  bsp.lib(adc_kadc.o)
    0x0001a364   0x00000050   Code   RO         8223    i.adt_idelay_isr    bsp.lib(adt_kpdb.o)
    0x0001a3b4   0x000001bc   Code   RO         8224    i.adt_period_prescaler  bsp.lib(adt_kpdb.o)
    0x0001a570   0x00000450   Code   RO         2857    i.canInit_Task      can_ctrl.o
    0x0001a9c0   0x0000000c   Code   RO          551    i.ch2dec            common_fun.o
    0x0001a9cc   0x00000024   Code   RO          472    i.checkQ            queue.o
    0x0001a9f0   0x0000016c   Code   RO         2126    i.countCoNum        gs_protocol.o
    0x0001ab5c   0x00000038   Code   RO         2940    i.dac_init          dac_ctrl.o
    0x0001ab94   0x00000016   Code   RO          553    i.decstr2ch         common_fun.o
    0x0001abaa   0x0000001a   Code   RO         7204    i.dma_callback_reg  bsp.lib(dma.o)
    0x0001abc4   0x00000074   Code   RO         7205    i.dma_channel_claim  bsp.lib(dma.o)
    0x0001ac38   0x00000022   Code   RO         7206    i.dma_channel_release  bsp.lib(dma.o)
    0x0001ac5a   0x0000002a   Code   RO         7208    i.dma_channel_setup  bsp.lib(dma.o)
    0x0001ac84   0x0000002a   Code   RO         7209    i.dma_channel_status  bsp.lib(dma.o)
    0x0001acae   0x00000002   PAD
    0x0001acb0   0x00000050   Code   RO         7210    i.dma_deinit        bsp.lib(dma.o)
    0x0001ad00   0x00000058   Code   RO         7211    i.dma_init          bsp.lib(dma.o)
    0x0001ad58   0x00000022   Code   RO         7212    i.dma_request_disable  bsp.lib(dma.o)
    0x0001ad7a   0x00000022   Code   RO         7213    i.dma_request_enable  bsp.lib(dma.o)
    0x0001ad9c   0x00000026   Code   RO         7214    i.dma_request_source  bsp.lib(dma.o)
    0x0001adc2   0x00000002   PAD
    0x0001adc4   0x000000ac   Code   RO         7215    i.dma_tcd_mem2reg   bsp.lib(dma.o)
    0x0001ae70   0x000000b8   Code   RO         7217    i.dma_tcd_reg2mem   bsp.lib(dma.o)
    0x0001af28   0x0000002a   Code   RO         7218    i.dma_transfer_submit  bsp.lib(dma.o)
    0x0001af52   0x00000002   PAD
    0x0001af54   0x00000010   Code   RO         2711    i.doSample          thermostat.o
    0x0001af64   0x000000a0   Code   RO         8313    i.edma_channel_claim  bsp.lib(edma.o)
    0x0001b004   0x0000003c   Code   RO         8314    i.edma_channel_release  bsp.lib(edma.o)
    0x0001b040   0x00000050   Code   RO         8315    i.edma_channel_reset  bsp.lib(edma.o)
    0x0001b090   0x00000062   Code   RO         8316    i.edma_channel_setup  bsp.lib(edma.o)
    0x0001b0f2   0x0000003e   Code   RO         8317    i.edma_channel_sgaidx  bsp.lib(edma.o)
    0x0001b130   0x00000100   Code   RO         8318    i.edma_channel_status  bsp.lib(edma.o)
    0x0001b230   0x00000028   Code   RO         8319    i.edma_deinit       bsp.lib(edma.o)
    0x0001b258   0x0000011c   Code   RO         8320    i.edma_done_isr     bsp.lib(edma.o)
    0x0001b374   0x00000060   Code   RO         8321    i.edma_err_isr      bsp.lib(edma.o)
    0x0001b3d4   0x00000032   Code   RO         8322    i.edma_hwtcd_push   bsp.lib(edma.o)
    0x0001b406   0x00000020   Code   RO         8323    i.edma_init         bsp.lib(edma.o)
    0x0001b426   0x00000002   PAD
    0x0001b428   0x0000008c   Code   RO         8324    i.edma_install_isrs  bsp.lib(edma.o)
    0x0001b4b4   0x00000024   Code   RO         8325    i.edma_request_disable  bsp.lib(edma.o)
    0x0001b4d8   0x00000044   Code   RO         8326    i.edma_request_enable  bsp.lib(edma.o)
    0x0001b51c   0x00000038   Code   RO         8327    i.edma_request_source  bsp.lib(edma.o)
    0x0001b554   0x00000080   Code   RO         8328    i.edma_reset_module  bsp.lib(edma.o)
    0x0001b5d4   0x00000138   Code   RO         8329    i.edma_tcd_prepare  bsp.lib(edma.o)
    0x0001b70c   0x00000158   Code   RO         8330    i.edma_transfer_submit  bsp.lib(edma.o)
    0x0001b864   0x0000008c   Code   RO         8331    i.edma_uninstall_isrs  bsp.lib(edma.o)
    0x0001b8f0   0x0000002a   Code   RO         8442    i.ffte_flash_ioctl  bsp.lib(flash_ftfe.o)
    0x0001b91a   0x00000006   PAD
    0x0001b920   0x0000008c   Code   RO         9545    i.frexp             m_wm.l(frexp.o)
    0x0001b9ac   0x00000014   Code   RO         8443    i.ftfe_deinit_ram_function  bsp.lib(flash_ftfe.o)
    0x0001b9c0   0x0000014e   Code   RO         8444    i.ftfe_flash_command_sequence  bsp.lib(flash_ftfe.o)
    0x0001bb0e   0x0000001e   Code   RO         8445    i.ftfe_flash_deinit  bsp.lib(flash_ftfe.o)
    0x0001bb2c   0x000000b2   Code   RO         8446    i.ftfe_flash_erase_sector  bsp.lib(flash_ftfe.o)
    0x0001bbde   0x00000002   PAD
    0x0001bbe0   0x00000060   Code   RO         8447    i.ftfe_flash_init   bsp.lib(flash_ftfe.o)
    0x0001bc40   0x000000ec   Code   RO         8448    i.ftfe_flash_swap   bsp.lib(flash_ftfe.o)
    0x0001bd2c   0x00000024   Code   RO         8449    i.ftfe_flash_swap_and_reset  bsp.lib(flash_ftfe.o)
    0x0001bd50   0x00000048   Code   RO         8450    i.ftfe_flash_swap_command  bsp.lib(flash_ftfe.o)
    0x0001bd98   0x00000036   Code   RO         8451    i.ftfe_flash_swap_status  bsp.lib(flash_ftfe.o)
    0x0001bdce   0x000000f8   Code   RO         8452    i.ftfe_flash_write_sector  bsp.lib(flash_ftfe.o)
    0x0001bec6   0x00000032   Code   RO         8453    i.ftfe_init_ram_function  bsp.lib(flash_ftfe.o)
    0x0001bef8   0x0000002c   Code   RO         8454    i.ftfe_ram_function  bsp.lib(flash_ftfe.o)
    0x0001bf24   0x00000002   Code   RO         8455    i.ftfe_ram_function_end  bsp.lib(flash_ftfe.o)
    0x0001bf26   0x00000002   PAD
    0x0001bf28   0x0000025c   Code   RO            4    i.functional_init   main.o
    0x0001c184   0x00000178   Code   RO         2128    i.getCR             gs_protocol.o
    0x0001c2fc   0x00000008   Code   RO         2858    i.getCanID          can_ctrl.o
    0x0001c304   0x000010c0   Code   RO         2129    i.getCmd            gs_protocol.o
    0x0001d3c4   0x00000076   Code   RO         1920    i.getHardID         api.o
    0x0001d43a   0x00000002   PAD
    0x0001d43c   0x0000005c   Code   RO         3164    i.get_i2c_tem       i2c_ctrl.o
    0x0001d498   0x00000010   Code   RO         3165    i.get_i2c_value     i2c_ctrl.o
    0x0001d4a8   0x00000054   Code   RO         2130    i.getpara           gs_protocol.o
    0x0001d4fc   0x00000024   Code   RO         2131    i.getstrpara        gs_protocol.o
    0x0001d520   0x00000084   Code   RO         2132    i.getver            gs_protocol.o
    0x0001d5a4   0x000000ea   Code   RO            5    i.gpio_init         main.o
    0x0001d68e   0x00000052   Code   RO          555    i.hex2str           common_fun.o
    0x0001d6e0   0x00000022   Code   RO          556    i.hex_reverse       common_fun.o
    0x0001d702   0x00000174   Code   RO          557    i.hexstr2ch         common_fun.o
    0x0001d876   0x0000001e   Code   RO         2133    i.hmi_end           gs_protocol.o
    0x0001d894   0x00000074   Code   RO         3123    i.hwtimer1_callback  time.o
    0x0001d908   0x0000001c   Code   RO         4118    i.hwtimer_callback_reg  bsp.lib(hwtimer.o)
    0x0001d924   0x00000054   Code   RO         4120    i.hwtimer_deinit    bsp.lib(hwtimer.o)
    0x0001d978   0x0000000c   Code   RO         4122    i.hwtimer_get_modulo  bsp.lib(hwtimer.o)
    0x0001d984   0x00000028   Code   RO         4125    i.hwtimer_get_time  bsp.lib(hwtimer.o)
    0x0001d9ac   0x00000044   Code   RO         4126    i.hwtimer_init      bsp.lib(hwtimer.o)
    0x0001d9f0   0x000000bc   Code   RO         4064    i.hwtimer_pit_deinit  bsp.lib(hwtimer_pit.o)
    0x0001daac   0x0000005c   Code   RO         4065    i.hwtimer_pit_get_time  bsp.lib(hwtimer_pit.o)
    0x0001db08   0x000000fc   Code   RO         4066    i.hwtimer_pit_init  bsp.lib(hwtimer_pit.o)
    0x0001dc04   0x0000005e   Code   RO         4067    i.hwtimer_pit_isr   bsp.lib(hwtimer_pit.o)
    0x0001dc62   0x0000008a   Code   RO         4068    i.hwtimer_pit_isr_shared  bsp.lib(hwtimer_pit.o)
    0x0001dcec   0x00000024   Code   RO         4069    i.hwtimer_pit_set_div  bsp.lib(hwtimer_pit.o)
    0x0001dd10   0x00000032   Code   RO         4070    i.hwtimer_pit_start  bsp.lib(hwtimer_pit.o)
    0x0001dd42   0x00000030   Code   RO         4071    i.hwtimer_pit_stop  bsp.lib(hwtimer_pit.o)
    0x0001dd72   0x0000004c   Code   RO         4127    i.hwtimer_set_freq  bsp.lib(hwtimer.o)
    0x0001ddbe   0x00000022   Code   RO         4129    i.hwtimer_start     bsp.lib(hwtimer.o)
    0x0001dde0   0x0000002a   Code   RO         4130    i.hwtimer_stop      bsp.lib(hwtimer.o)
    0x0001de0a   0x00000024   Code   RO         7514    i.hwtimer_systick_deinit  bsp.lib(hwtimer_systick.o)
    0x0001de2e   0x00000002   PAD
    0x0001de30   0x00000044   Code   RO         7515    i.hwtimer_systick_get_time  bsp.lib(hwtimer_systick.o)
    0x0001de74   0x0000006c   Code   RO         7516    i.hwtimer_systick_init  bsp.lib(hwtimer_systick.o)
    0x0001dee0   0x00000038   Code   RO         7517    i.hwtimer_systick_isr  bsp.lib(hwtimer_systick.o)
    0x0001df18   0x00000022   Code   RO         7518    i.hwtimer_systick_set_div  bsp.lib(hwtimer_systick.o)
    0x0001df3a   0x00000010   Code   RO         7519    i.hwtimer_systick_start  bsp.lib(hwtimer_systick.o)
    0x0001df4a   0x0000000c   Code   RO         7520    i.hwtimer_systick_stop  bsp.lib(hwtimer_systick.o)
    0x0001df56   0x00000002   PAD
    0x0001df58   0x00000024   Code   RO         3166    i.i2c_init          i2c_ctrl.o
    0x0001df7c   0x0000002c   Code   RO         1054    i.ifinit            eeprom.o
    0x0001dfa8   0x0000007c   Code   RO         2134    i.initCRC           gs_protocol.o
    0x0001e024   0x0000007c   Code   RO         1055    i.initDefault       eeprom.o
    0x0001e0a0   0x00000084   Code   RO         2135    i.initID            gs_protocol.o
    0x0001e124   0x00000058   Code   RO         2136    i.initKA            gs_protocol.o
    0x0001e17c   0x00000058   Code   RO         2137    i.initKB            gs_protocol.o
    0x0001e1d4   0x00000088   Code   RO         2138    i.initKd            gs_protocol.o
    0x0001e25c   0x00000088   Code   RO         2139    i.initKi            gs_protocol.o
    0x0001e2e4   0x00000088   Code   RO         2140    i.initKp            gs_protocol.o
    0x0001e36c   0x0000001c   Code   RO         2141    i.initLI            gs_protocol.o
    0x0001e388   0x00000060   Code   RO         2142    i.initLV            gs_protocol.o
    0x0001e3e8   0x000000c0   Code   RO         2143    i.initMAC           gs_protocol.o
    0x0001e4a8   0x00000060   Code   RO         2144    i.initMI            gs_protocol.o
    0x0001e508   0x00000028   Code   RO         2145    i.initPM            gs_protocol.o
    0x0001e530   0x000000d0   Code   RO         2146    i.initPreC          gs_protocol.o
    0x0001e600   0x000000ac   Code   RO         2147    i.initPreT          gs_protocol.o
    0x0001e6ac   0x00000068   Code   RO         2148    i.initQES           gs_protocol.o
    0x0001e714   0x00000048   Code   RO         2149    i.initQKA           gs_protocol.o
    0x0001e75c   0x00000048   Code   RO         2150    i.initQKB           gs_protocol.o
    0x0001e7a4   0x00000050   Code   RO         2151    i.initQLI           gs_protocol.o
    0x0001e7f4   0x00000050   Code   RO         2152    i.initQLV           gs_protocol.o
    0x0001e844   0x000000b0   Code   RO         2153    i.initQMI           gs_protocol.o
    0x0001e8f4   0x000003fc   Code   RO         2154    i.initRK            gs_protocol.o
    0x0001ecf0   0x00000090   Code   RO         2155    i.initSES           gs_protocol.o
    0x0001ed80   0x00000028   Code   RO         2156    i.initSN            gs_protocol.o
    0x0001eda8   0x00000028   Code   RO         2157    i.initTM            gs_protocol.o
    0x0001edd0   0x00000080   Code   RO         2158    i.initTadjA         gs_protocol.o
    0x0001ee50   0x00000080   Code   RO         2159    i.initTadjB         gs_protocol.o
    0x0001eed0   0x0000007a   Code   RO         2712    i.initThermoPara    thermostat.o
    0x0001ef4a   0x00000002   PAD
    0x0001ef4c   0x00000010   Code   RO         1921    i.init_LD_para      api.o
    0x0001ef5c   0x00000018   Code   RO         6907    i.init_hardware     bsp.lib(init_hw.o)
    0x0001ef74   0x00000078   Code   RO         3086    i.int_service_routine  fpga_int.o
    0x0001efec   0x000000dc   Code   RO         3087    i.int_task          fpga_int.o
    0x0001f0c8   0x0000001c   Code   RO         9052    i.kinetis_flash_invalidate_cache  bsp.lib(flash_mk64.o)
    0x0001f0e4   0x00000002   Code   RO         9053    i.kinetis_flash_invalidate_cache_end  bsp.lib(flash_mk64.o)
    0x0001f0e6   0x00000002   PAD
    0x0001f0e8   0x00000058   Code   RO         4410    i.lwgpio_init       bsp.lib(lwgpio_kgpio.o)
    0x0001f140   0x0000000e   Code   RO         4411    i.lwgpio_int_clear_flag  bsp.lib(lwgpio_kgpio.o)
    0x0001f14e   0x0000002e   Code   RO         4412    i.lwgpio_int_enable  bsp.lib(lwgpio_kgpio.o)
    0x0001f17c   0x0000000c   Code   RO         4414    i.lwgpio_int_get_vector  bsp.lib(lwgpio_kgpio.o)
    0x0001f188   0x00000034   Code   RO         4415    i.lwgpio_int_init   bsp.lib(lwgpio_kgpio.o)
    0x0001f1bc   0x00000144   Code   RO         4416    i.lwgpio_set_attribute  bsp.lib(lwgpio_kgpio.o)
    0x0001f300   0x00000032   Code   RO         4417    i.lwgpio_set_direction  bsp.lib(lwgpio_kgpio.o)
    0x0001f332   0x00000020   Code   RO         4418    i.lwgpio_set_functionality  bsp.lib(lwgpio_kgpio.o)
    0x0001f352   0x00000016   Code   RO         4419    i.lwgpio_set_value  bsp.lib(lwgpio_kgpio.o)
    0x0001f368   0x00000010   Code   RO         9383    i.main              bsp.lib(mqx_main.o)
    0x0001f378   0x00000274   Code   RO            6    i.main_task         main.o
    0x0001f5ec   0x00000070   Code   RO         2160    i.noIdentify        gs_protocol.o
    0x0001f65c   0x00000058   Code   RO         2161    i.paraOverRange     gs_protocol.o
    0x0001f6b4   0x00000008   Code   RO         5743    i.pit_get_hwtimers_array  bsp.lib(hwtimer_kinetis.o)
    0x0001f6bc   0x0000001c   Code   RO         5744    i.pit_get_vectors   bsp.lib(hwtimer_kinetis.o)
    0x0001f6d8   0x00000024   Code   RO         5745    i.pit_io_init       bsp.lib(hwtimer_kinetis.o)
    0x0001f6fc   0x00000084   Code   RO         3167    i.readADS_Data      i2c_ctrl.o
    0x0001f780   0x0000000e   Code   RO         2941    i.readDAC           dac_ctrl.o
    0x0001f78e   0x00000010   Code   RO         1063    i.readDevCanID      eeprom.o
    0x0001f79e   0x00000012   Code   RO         1064    i.readEEPROM        eeprom.o
    0x0001f7b0   0x00000014   Code   RO         1065    i.readIDfromFlash   eeprom.o
    0x0001f7c4   0x00000010   Code   RO         1066    i.readKd            eeprom.o
    0x0001f7d4   0x00000014   Code   RO         1067    i.readKdfromFlash   eeprom.o
    0x0001f7e8   0x00000010   Code   RO         1068    i.readKi            eeprom.o
    0x0001f7f8   0x00000014   Code   RO         1069    i.readKifromFlash   eeprom.o
    0x0001f80c   0x00000010   Code   RO         1070    i.readKp            eeprom.o
    0x0001f81c   0x00000014   Code   RO         1071    i.readKpfromFlash   eeprom.o
    0x0001f830   0x00000010   Code   RO         1072    i.readLanguage      eeprom.o
    0x0001f840   0x00000014   Code   RO         1073    i.readLanguagefromFlash  eeprom.o
    0x0001f854   0x00000010   Code   RO         1074    i.readMAC           eeprom.o
    0x0001f864   0x00000010   Code   RO         1078    i.readPreCur        eeprom.o
    0x0001f874   0x00000010   Code   RO         1080    i.readPreTem        eeprom.o
    0x0001f884   0x0000003e   Code   RO         1922    i.readReg           api.o
    0x0001f8c2   0x00000014   Code   RO         1082    i.readStrEEPROM     eeprom.o
    0x0001f8d6   0x00000010   Code   RO         1085    i.readTemAdjA       eeprom.o
    0x0001f8e6   0x00000010   Code   RO         1086    i.readTemAdjB       eeprom.o
    0x0001f8f6   0x00000016   Code   RO         2162    i.retRqtHead        gs_protocol.o
    0x0001f90c   0x0000003a   Code   RO          559    i.reverse           common_fun.o
    0x0001f946   0x00000002   PAD
    0x0001f948   0x00000050   Code   RO         2163    i.rqtAPSyncLD       gs_protocol.o
    0x0001f998   0x00000080   Code   RO         2164    i.rqtDIRswitch      gs_protocol.o
    0x0001fa18   0x00000120   Code   RO         2165    i.rqtLDSwitch       gs_protocol.o
    0x0001fb38   0x000000a4   Code   RO         2166    i.rqtQAUTO          gs_protocol.o
    0x0001fbdc   0x00000030   Code   RO         2167    i.rqtQCRC           gs_protocol.o
    0x0001fc0c   0x00000060   Code   RO         2168    i.rqtQDIRswitch     gs_protocol.o
    0x0001fc6c   0x00000048   Code   RO         2170    i.rqtQHardID        gs_protocol.o
    0x0001fcb4   0x00000048   Code   RO         2171    i.rqtQID            gs_protocol.o
    0x0001fcfc   0x00000034   Code   RO         2172    i.rqtQKd            gs_protocol.o
    0x0001fd30   0x00000034   Code   RO         2173    i.rqtQKi            gs_protocol.o
    0x0001fd64   0x00000034   Code   RO         2174    i.rqtQKp            gs_protocol.o
    0x0001fd98   0x0000000a   Code   RO         2175    i.rqtQL             gs_protocol.o
    0x0001fda2   0x00000002   PAD
    0x0001fda4   0x00000180   Code   RO         2176    i.rqtQLDI           gs_protocol.o
    0x0001ff24   0x00000154   Code   RO         2177    i.rqtQLDV           gs_protocol.o
    0x00020078   0x0000004c   Code   RO         2178    i.rqtQMAC           gs_protocol.o
    0x000200c4   0x00000090   Code   RO         2180    i.rqtQPDpwr         gs_protocol.o
    0x00020154   0x00000024   Code   RO         2181    i.rqtQPM            gs_protocol.o
    0x00020178   0x00000198   Code   RO         2182    i.rqtQPower         gs_protocol.o
    0x00020310   0x000000d4   Code   RO         2183    i.rqtQPreTem        gs_protocol.o
    0x000203e4   0x00000024   Code   RO         2184    i.rqtQSN            gs_protocol.o
    0x00020408   0x00000024   Code   RO         2185    i.rqtQTM            gs_protocol.o
    0x0002042c   0x000002b0   Code   RO         2186    i.rqtQTec           gs_protocol.o
    0x000206dc   0x00000178   Code   RO         2187    i.rqtQTem           gs_protocol.o
    0x00020854   0x00000050   Code   RO         2188    i.rqtQW             gs_protocol.o
    0x000208a4   0x00000018   Code   RO         2189    i.rqtQinfor         gs_protocol.o
    0x000208bc   0x00000140   Code   RO         2190    i.rqtQinit          gs_protocol.o
    0x000209fc   0x00000104   Code   RO         2191    i.rqtQparam         gs_protocol.o
    0x00020b00   0x0000007c   Code   RO         2192    i.rqtSAUTO          gs_protocol.o
    0x00020b7c   0x00000098   Code   RO         2193    i.rqtSBWThermo      gs_protocol.o
    0x00020c14   0x0000003c   Code   RO         2194    i.rqtSL             gs_protocol.o
    0x00020c50   0x000002b8   Code   RO         2195    i.rqtSLDI           gs_protocol.o
    0x00020f08   0x0000020c   Code   RO         2196    i.rqtSPower         gs_protocol.o
    0x00021114   0x000000d8   Code   RO         2197    i.rqtSTec           gs_protocol.o
    0x000211ec   0x000001dc   Code   RO         2198    i.rqtSTem           gs_protocol.o
    0x000213c8   0x0000005c   Code   RO         2199    i.rqtSW             gs_protocol.o
    0x00021424   0x00000058   Code   RO         2200    i.rqtSave           gs_protocol.o
    0x0002147c   0x0000005c   Code   RO         2201    i.rqtTECswitch      gs_protocol.o
    0x000214d8   0x00000064   Code   RO         2202    i.rqtTMSswitch      gs_protocol.o
    0x0002153c   0x000002b4   Code   RO         2203    i.rqtTarget         gs_protocol.o
    0x000217f0   0x000000c4   Code   RO         2204    i.rqtTargetTemp     gs_protocol.o
    0x000218b4   0x00000124   Code   RO         2205    i.rqtrReg           gs_protocol.o
    0x000219d8   0x000001b8   Code   RO         2206    i.rqtwReg           gs_protocol.o
    0x00021b90   0x00000050   Code   RO         2713    i.sample_single     thermostat.o
    0x00021be0   0x00000034   Code   RO          560    i.strLow2Cap        common_fun.o
    0x00021c14   0x00000004   Code   RO         5746    i.systick_get_vector  bsp.lib(hwtimer_kinetis.o)
    0x00021c18   0x00000020   Code   RO         2714    i.thermostat        thermostat.o
    0x00021c38   0x0000015c   Code   RO         2715    i.thermostat_single  thermostat.o
    0x00021d94   0x00000018   Code   RO         2716    i.thermostat_task   thermostat.o
    0x00021dac   0x0000000c   Code   RO         5915    i.toolchain_startup  psp.lib(comp.o)
    0x00021db8   0x00000090   Code   RO         3037    i.uart_comm_rec_task  uart_ctrl.o
    0x00021e48   0x00000020   Code   RO         3038    i.uart_comm_send    uart_ctrl.o
    0x00021e68   0x00000090   Code   RO         3039    i.uart_hmi_rec_task  uart_ctrl.o
    0x00021ef8   0x00000020   Code   RO         3040    i.uart_hmi_send     uart_ctrl.o
    0x00021f18   0x00000170   Code   RO         3041    i.uart_init         uart_ctrl.o
    0x00022088   0x00000090   Code   RO         3042    i.uart_task         uart_ctrl.o
    0x00022118   0x00000054   Code   RO         3168    i.writeADS_Cfg      i2c_ctrl.o
    0x0002216c   0x00000010   Code   RO         1095    i.writeBW_Thermo    eeprom.o
    0x0002217c   0x00000032   Code   RO         2942    i.writeDAC          dac_ctrl.o
    0x000221ae   0x00000010   Code   RO         1096    i.writeDevCanID     eeprom.o
    0x000221be   0x00000012   Code   RO         1097    i.writeEEPROM       eeprom.o
    0x000221d0   0x00000010   Code   RO         1099    i.writeKd           eeprom.o
    0x000221e0   0x00000010   Code   RO         1100    i.writeKi           eeprom.o
    0x000221f0   0x00000010   Code   RO         1101    i.writeKp           eeprom.o
    0x00022200   0x00000010   Code   RO         1104    i.writeMAC          eeprom.o
    0x00022210   0x00000010   Code   RO         1107    i.writePreCur       eeprom.o
    0x00022220   0x00000018   Code   RO         1108    i.writePreCurtoFlash  eeprom.o
    0x00022238   0x00000010   Code   RO         1109    i.writePreTem       eeprom.o
    0x00022248   0x00000018   Code   RO         1110    i.writePreTemtoFlash  eeprom.o
    0x00022260   0x00000164   Code   RO         1924    i.writeReg          api.o
    0x000223c4   0x00000014   Code   RO         1111    i.writeStrEEPROM    eeprom.o
    0x000223d8   0x00000010   Code   RO         1114    i.writeTemAdjA      eeprom.o
    0x000223e8   0x00000010   Code   RO         1115    i.writeTemAdjB      eeprom.o
    0x000223f8   0x00000010   Code   RO         1116    i.writeWorkMode     eeprom.o
    0x00022408   0x00000038   Code   RO         2207    i.wrongFormat       gs_protocol.o
    0x00022440   0x0000002c   Code   RO         9376    locale$$code        c_w.l(lc_ctype_c.o)
    0x0002246c   0x0000002c   Code   RO         9379    locale$$code        c_w.l(lc_numeric_c.o)
    0x00022498   0x00000018   Code   RO         9257    x$fpl$basic         fz_wm.l(basic.o)
    0x000224b0   0x00000062   Code   RO         9259    x$fpl$d2f           fz_wm.l(d2f.o)
    0x00022512   0x00000002   PAD
    0x00022514   0x00000150   Code   RO         9261    x$fpl$dadd          fz_wm.l(daddsub_clz.o)
    0x00022664   0x00000010   Code   RO         9621    x$fpl$dcheck1       fz_wm.l(dcheck1.o)
    0x00022674   0x00000018   Code   RO         9333    x$fpl$dcmpinf       fz_wm.l(dcmpi.o)
    0x0002268c   0x000002b0   Code   RO         9268    x$fpl$ddiv          fz_wm.l(ddiv.o)
    0x0002293c   0x00000078   Code   RO         9271    x$fpl$deqf          fz_wm.l(deqf.o)
    0x000229b4   0x0000005e   Code   RO         9273    x$fpl$dfix          fz_wm.l(dfix.o)
    0x00022a12   0x00000002   PAD
    0x00022a14   0x0000005a   Code   RO         9277    x$fpl$dfixu         fz_wm.l(dfixu.o)
    0x00022a6e   0x0000002e   Code   RO         9282    x$fpl$dflt          fz_wm.l(dflt_clz.o)
    0x00022a9c   0x00000026   Code   RO         9281    x$fpl$dfltu         fz_wm.l(dflt_clz.o)
    0x00022ac2   0x00000002   PAD
    0x00022ac4   0x00000078   Code   RO         9287    x$fpl$dleqf         fz_wm.l(dleqf.o)
    0x00022b3c   0x00000154   Code   RO         9289    x$fpl$dmul          fz_wm.l(dmul.o)
    0x00022c90   0x0000009c   Code   RO         9335    x$fpl$dnaninf       fz_wm.l(dnaninf.o)
    0x00022d2c   0x0000000c   Code   RO         9337    x$fpl$dretinf       fz_wm.l(dretinf.o)
    0x00022d38   0x0000006c   Code   RO         9291    x$fpl$drleqf        fz_wm.l(drleqf.o)
    0x00022da4   0x00000016   Code   RO         9262    x$fpl$drsb          fz_wm.l(daddsub_clz.o)
    0x00022dba   0x00000002   PAD
    0x00022dbc   0x000001d4   Code   RO         9263    x$fpl$dsub          fz_wm.l(daddsub_clz.o)
    0x00022f90   0x00000056   Code   RO         9293    x$fpl$f2d           fz_wm.l(f2d.o)
    0x00022fe6   0x0000008c   Code   RO         9339    x$fpl$fnaninf       fz_wm.l(fnaninf.o)
    0x00023072   0x0000000a   Code   RO         9504    x$fpl$fpinit        fz_wm.l(fpinit.o)
    0x0002307c   0x0000000a   Code   RO         9341    x$fpl$fretinf       fz_wm.l(fretinf.o)
    0x00023086   0x00000064   Code   RO         9623    x$fpl$retnan        fz_wm.l(retnan.o)
    0x000230ea   0x0000005c   Code   RO         9616    x$fpl$scalbn        fz_wm.l(scalbn.o)
    0x00023146   0x00000004   Code   RO         9381    x$fpl$scanf1        fz_wm.l(scanf1.o)
    0x0002314a   0x00000008   Code   RO         9508    x$fpl$scanf2        fz_wm.l(scanf2.o)
    0x00023152   0x00000030   Code   RO         9625    x$fpl$trapveneer    fz_wm.l(trapv.o)
    0x00023182   0x00000000   Code   RO         9343    x$fpl$usenofp       fz_wm.l(usenofp.o)
    0x00023182   0x00000002   PAD
    0x00023184   0x000001a0   Data   RO            8    .constdata          main.o
    0x00023324   0x0000003f   Data   RO          676    .constdata          ftm.o
    0x00023363   0x00000001   PAD
    0x00023364   0x00000041   Data   RO          821    .constdata          gpio.o
    0x000233a5   0x00000003   PAD
    0x000233a8   0x0000000a   Data   RO         2943    .constdata          dac_ctrl.o
    0x000233b2   0x00000002   PAD
    0x000233b4   0x00000018   Data   RO         4072    .constdata          bsp.lib(hwtimer_pit.o)
    0x000233cc   0x00000038   Data   RO         4230    .constdata          bsp.lib(init_gpio.o)
    0x00023404   0x00000030   Data   RO         4327    .constdata          bsp.lib(init_lwadc.o)
    0x00023434   0x00000020   Data   RO         4350    .constdata          bsp.lib(lwadc_kadc.o)
    0x00023454   0x00000014   Data   RO         4421    .constdata          bsp.lib(lwgpio_kgpio.o)
    0x00023468   0x00000014   Data   RO         5747    .constdata          bsp.lib(hwtimer_kinetis.o)
    0x0002347c   0x000001a4   Data   RO         5811    .constdata          bsp.lib(bsp_cm.o)
    0x00023620   0x00000028   Data   RO         6371    .constdata          psp.lib(mqx.o)
    0x00023648   0x00000022   Data   RO         6847    .constdata          psp.lib(io_dopr.o)
    0x0002366a   0x00000002   PAD
    0x0002366c   0x00000010   Data   RO         7219    .constdata          bsp.lib(dma.o)
    0x0002367c   0x00000018   Data   RO         7521    .constdata          bsp.lib(hwtimer_systick.o)
    0x00023694   0x0000010c   Data   RO         7569    .constdata          bsp.lib(i2c_pol_ki2c.o)
    0x000237a0   0x00000040   Data   RO         7665    .constdata          bsp.lib(init_adc.o)
    0x000237e0   0x0000000c   Data   RO         7674    .constdata          bsp.lib(init_esdhc.o)
    0x000237ec   0x0000008c   Data   RO         7683    .constdata          bsp.lib(init_flashx.o)
    0x00023878   0x0000003c   Data   RO         7693    .constdata          bsp.lib(init_i2c.o)
    0x000238b4   0x0000001c   Data   RO         7702    .constdata          bsp.lib(init_sai.o)
    0x000238d0   0x000000d8   Data   RO         7713    .constdata          bsp.lib(init_sci.o)
    0x000239a8   0x000000a0   Data   RO         7722    .constdata          bsp.lib(init_spi.o)
    0x00023a48   0x00000018   Data   RO         7731    .constdata          bsp.lib(init_dma.o)
    0x00023a60   0x00000020   Data   RO         8144    .constdata          bsp.lib(adc_kadc.o)
    0x00023a80   0x000000a0   Data   RO         8456    .constdata          bsp.lib(flash_ftfe.o)
    0x00023b20   0x00000018   Data   RO         8889    .constdata          bsp.lib(spi_dspi_dma.o)
    0x00023b38   0x00000018   Data   RO         8946    .constdata          bsp.lib(spi_dspi.o)
    0x00023b50   0x00000044   Data   RO         9028    .constdata          bsp.lib(edma_kinetis.o)
    0x00023b94   0x0000000c   Data   RO         9122    .constdata          bsp.lib(spi_mk64.o)
    0x00023ba0   0x00000060   Data   RO         9145    .constdata          bsp.lib(spi_dspi_common.o)
    0x00023c00   0x00000030   Data   RO         9455    .constdata          bsp.lib(mqx_init.o)
    0x00023c30   0x00000094   Data   RO         9471    .constdata          c_w.l(bigflt0.o)
    0x00023cc4   0x000000b1   Data   RO            9    .conststring        main.o
    0x00023d75   0x00000003   PAD
    0x00023d78   0x00000078   Data   RO         6372    .conststring        psp.lib(mqx.o)
    0x00023df0   0x00000007   Data   RO         6948    .conststring        bsp.lib(init_bsp.o)
    0x00023df7   0x00000001   PAD
    0x00023df8   0x00000035   Data   RO         7684    .conststring        bsp.lib(init_flashx.o)
    0x00023e2d   0x00000003   PAD
    0x00023e30   0x00000005   Data   RO         7703    .conststring        bsp.lib(init_sai.o)
    0x00023e35   0x00000003   PAD
    0x00023e38   0x00000006   Data   RO         9456    .conststring        bsp.lib(mqx_init.o)
    0x00023e3e   0x00000002   PAD
    0x00023e40   0x00000050   Data   RO         9627    Region$$Table       anon$$obj.o
    0x00023e90   0x00000008   Data   RO         9501    c$$dinf             fz_wm.l(fpconst.o)
    0x00023e98   0x00000110   Data   RO         9375    locale$$data        c_w.l(lc_ctype_c.o)
    0x00023fa8   0x0000001c   Data   RO         9378    locale$$data        c_w.l(lc_numeric_c.o)


    Execution Region USEDFLASH_END (Base: 0x00024000, Size: 0x00000004, Max: 0x00000004, ABSOLUTE)

    Base Addr    Size         Type   Attr      Idx    E Section Name        Object

    0x00024000   0x00000004   Zero   RW            1    USEDFLASH_END.bss   anon$$obj.o


    Execution Region RAM_VECTORS (Base: 0x1fff0000, Size: 0x00000000, Max: 0xffffffff, ABSOLUTE)

    **** No section assigned to this execution region ****


    Execution Region NOUSER (Base: 0x1fff0000, Size: 0x00000000, Max: 0xffffffff, ABSOLUTE)

    **** No section assigned to this execution region ****


    Execution Region ROUSER (Base: 0x1fff0000, Size: 0x00000000, Max: 0xffffffff, ABSOLUTE)

    **** No section assigned to this execution region ****


    Execution Region RWUSER (Base: 0x1fff0000, Size: 0x00000000, Max: 0xffffffff, ABSOLUTE)

    **** No section assigned to this execution region ****


    Execution Region DATA (Base: 0x1fff0000, Size: 0x00001988, Max: 0xffffffff, ABSOLUTE, COMPRESSED[0x00000098])

    Base Addr    Size         Type   Attr      Idx    E Section Name        Object

    0x1fff0000   0x00000028   Data   RW           10    .data               main.o
    0x1fff0028   0x00000002   Data   RW         1118    .data               eeprom.o
    0x1fff002a   0x00000002   PAD
    0x1fff002c   0x0000002c   Data   RW         1926    .data               api.o
    0x1fff0058   0x00000060   Data   RW         2209    .data               gs_protocol.o
    0x1fff00b8   0x00000008   Data   RW         2718    .data               thermostat.o
    0x1fff00c0   0x0000003e   Data   RW         2860    .data               can_ctrl.o
    0x1fff00fe   0x00000002   PAD
    0x1fff0100   0x0000000a   Data   RW         3089    .data               fpga_int.o
    0x1fff010a   0x00000001   Data   RW         3170    .data               i2c_ctrl.o
    0x1fff010b   0x00000001   PAD
    0x1fff010c   0x00000004   Data   RW         4351    .data               bsp.lib(lwadc_kadc.o)
    0x1fff0110   0x00000014   Data   RW         4422    .data               bsp.lib(lwgpio_kgpio.o)
    0x1fff0124   0x00000008   Data   RW         5684    .data               bsp.lib(adc_mk64.o)
    0x1fff012c   0x00000001   Data   RW         5812    .data               bsp.lib(bsp_cm.o)
    0x1fff012d   0x00000003   PAD
    0x1fff0130   0x00000008   Data   RW         6023    .data               psp.lib(psp_mstiq.o)
    0x1fff0138   0x0000000c   Data   RW         6373    .data               psp.lib(mqx.o)
    0x1fff0144   0x0000000c   Data   RW         6949    .data               bsp.lib(init_bsp.o)
    0x1fff0150   0x00000008   Data   RW         7220    .data               bsp.lib(dma.o)
    0x1fff0158   0x00000020   Data   RW         7704    .data               bsp.lib(init_sai.o)
    0x1fff0178   0x00000010   Data   RW         7755    .data               bsp.lib(krtc.o)
    0x1fff0188   0x00000004   Data   RW         8145    .data               bsp.lib(adc_kadc.o)
    0x1fff018c   0x00000001   Data   RW         8226    .data               bsp.lib(adt_kpdb.o)
    0x1fff018d   0x00000003   PAD
    0x1fff0190   0x00000034   Data   RW         8333    .data               bsp.lib(edma.o)
    0x1fff01c4   0x0000000c   Data   RW         9123    .data               bsp.lib(spi_mk64.o)
    0x1fff01d0   0x0000016c   Zero   RW            7    .bss                main.o
    0x1fff033c   0x0000112c   Zero   RW         1117    .bss                eeprom.o
    0x1fff1468   0x0000000c   Zero   RW         1925    .bss                api.o
    0x1fff1474   0x0000008e   Zero   RW         2208    .bss                gs_protocol.o
    0x1fff1502   0x00000002   PAD
    0x1fff1504   0x00000104   Zero   RW         2717    .bss                thermostat.o
    0x1fff1608   0x000000c4   Zero   RW         2859    .bss                can_ctrl.o
    0x1fff16cc   0x00000150   Zero   RW         3043    .bss                uart_ctrl.o
    0x1fff181c   0x0000002c   Zero   RW         3088    .bss                fpga_int.o
    0x1fff1848   0x00000040   Zero   RW         3124    .bss                time.o
    0x1fff1888   0x00000030   Zero   RW         4349    .bss                bsp.lib(lwadc_kadc.o)
    0x1fff18b8   0x00000040   Zero   RW         6947    .bss                bsp.lib(init_bsp.o)
    0x1fff18f8   0x00000014   Zero   RW         8143    .bss                bsp.lib(adc_kadc.o)
    0x1fff190c   0x00000024   Zero   RW         8225    .bss                bsp.lib(adt_kpdb.o)
    0x1fff1930   0x00000040   Zero   RW         8332    .bss                bsp.lib(edma.o)
    0x1fff1970   0x00000004   Zero   RW         9321    .bss                c_w.l(rt_errno_addr.o)
    0x1fff1974   0x00000014   Zero   RW         9365    .bss                c_w.l(rt_locale.o)


    Execution Region USB_BDT (Base: 0x1fff1a00, Size: 0x00000000, Max: 0xffffffff, ABSOLUTE)

    **** No section assigned to this execution region ****


    Execution Region KERNEL_DATA_START (Base: 0x1fff1a00, Size: 0x00000004, Max: 0xffffffff, ABSOLUTE)

    Base Addr    Size         Type   Attr      Idx    E Section Name        Object

    0x1fff1a00   0x00000004   Data   RW         3818    KERNEL_DATA_START   psp.lib(linker_symbols.o)


    Execution Region BOOT_STACK_ADDR (Base: 0x2002fef0, Size: 0x00000004, Max: 0xffffffff, ABSOLUTE)

    Base Addr    Size         Type   Attr      Idx    E Section Name        Object

    0x2002fef0   0x00000004   Data   RW         3820    BOOT_STACK          psp.lib(linker_symbols.o)


    Execution Region KERNEL_DATA_END (Base: 0x2002fff0, Size: 0x00000004, Max: 0xffffffff, ABSOLUTE)

    Base Addr    Size         Type   Attr      Idx    E Section Name        Object

    0x2002fff0   0x00000004   Data   RW         3819    KERNEL_DATA_END     psp.lib(linker_symbols.o)


==============================================================================

Image component sizes


      Code (inc. data)   RO Data    RW Data    ZI Data      Debug   Object Name

       216         60          0          0          0       2053   adc_ctrl.o
      3674        426          0         44         12      18837   api.o
      5776       2618          0         62        196       9241   can_ctrl.o
       654          0          0          0          0       4976   common_fun.o
       808         18         10          0          0       4165   dac_ctrl.o
      1430        140          0          2       4396     483732   eeprom.o
       356         52          0          0          0       5514   flash_rw.o
       340        112          0         10         44       1667   fpga_int.o
       156          6         63          0          0       1785   ftm.o
       850         90         65          0          0       6622   gpio.o
     22646       5960          0         96        142      62310   gs_protocol.o
       808         34          0          1          0       7127   i2c_ctrl.o
      1466        546        593         40        364     499601   main.o
       158          0          0          0          0       3518   queue.o
       638         26          0          8        260       5638   thermostat.o
       204         64          0          0         64       1298   time.o
       864        112          0          0        336       3741   uart_ctrl.o

    ----------------------------------------------------------------------
     41060      10264        820        268       5820    1121825   Object Totals
         0          0         80          0          4          0   (incl. Generated)
        16          0          9          5          2          0   (incl. Padding)

    ----------------------------------------------------------------------

      Code (inc. data)   RO Data    RW Data    ZI Data      Debug   Library Member Name

      1550         34          0          0          0      10009   adc.o
      2506        116         32          4         20      11778   adc_kadc.o
        24          6          0          8          0       1240   adc_mk64.o
      2898        162          0          1         36      12877   adt_kpdb.o
      1852        124        420          1          0      14797   bsp_cm.o
        24          0          0          0          0       1534   cm.o
       932         34         16          8          0      10568   dma.o
      2442         98          0         52         64      17725   edma.o
        80         12         68          0          0       2630   edma_kinetis.o
      3858        120          0          0          0      17361   esdhc.o
        36          4          0          0          0       1238   esdhc_mk64.o
      1442         38        160          0          0      15258   flash_ftfe.o
        38          8          0          0          0       2294   flash_mk64.o
      3766         38          0          0          0      19445   flashx.o
        64          4          0          0          0       1402   flexcan_mk64.o
       384          0          0          0          0       6129   hwtimer.o
        76         12         20          0          0       3270   hwtimer_kinetis.o
       898         12         24          0          0       7448   hwtimer_pit.o
       330         16         24          0          0       5328   hwtimer_systick.o
       424         26          0          0          0       5804   i2c_int.o
      1652         38          0          0          0       6906   i2c_int_ki2c.o
        62         10          0          0          0       1214   i2c_mk64.o
       422         26          0          0          0       5789   i2c_pol.o
      2214         72        268          0          0      10054   i2c_pol_ki2c.o
         0          0         64          0          0        730   init_adc.o
       662        204          7         12         64      41739   init_bsp.o
         0          0         24          0          0        722   init_dma.o
         0          0         12          0          0        263   init_esdhc.o
         0          0        193          0          0        727   init_flashx.o
      1532        174         56          0          0      11010   init_gpio.o
       212         34          0          0          0       2684   init_hw.o
         0          0         60          0          0        351   init_i2c.o
         0          0         48          0          0        294   init_lwadc.o
         0          0         33         32          0        360   init_sai.o
         0          0        216          0          0        492   init_sci.o
         0          0        160          0          0        435   init_spi.o
        52          4          0          0          0        602   io_sinit.o
      2596         84          0          0          0      12572   kflexcan.o
       592         28          0          0          0       5361   kflexcan_int.o
       112         12          0         16          0       1292   krtc.o
      1020         42         32          4         48       5089   lwadc_kadc.o
       640          8         20         20          0       7334   lwgpio_kgpio.o
         0          0         54          0          0        710   mqx_init.o
        16          4          0          0          0        543   mqx_main.o
      6874        118          0          0          0      18742   sai_dma_ksai.o
       584         28          0          0          0       6416   sai_int.o
       108          4          0          0          0       3656   sai_mk64.o
      1718         22          0          0          0       9166   serl_int.o
       594         30          0          0          0       9629   serl_int_kuart.o
        72         30          0          0          0        639   serl_mk64.o
      1284         22          0          0          0       6196   serl_pol.o
      1646         38          0          0          0       9644   serl_pol_kuart.o
      1536         52          0          0          0       8026   spi.o
      1112         22         24          0          0       8082   spi_dspi.o
       484         20         96          0          0       4522   spi_dspi_common.o
       914         26         24          0          0      13410   spi_dspi_dma.o
        52         12         12         12          0       1969   spi_mk64.o
         0          0       1040          0          0     549335   vectors.o
        90          0          0          0          0          0   __dczerorl2.o
         8          0          0          0          0         68   __main.o
        52          8          0          0          0          0   __scatter.o
        26          0          0          0          0          0   __scatter_copy.o
        28          0          0          0          0          0   __scatter_zi.o
        28          0          0          0          0         68   _chval.o
        22          0          0          0          0        100   _rserrno.o
        64          0          0          0          0         84   _sgetc.o
       158          0          0          0          0         92   _strtoul.o
        26          0          0          0          0         80   atoi.o
       216          4        148          0          0         96   bigflt0.o
      1846        132          0          0          0        736   btod.o
        12          0          0          0          0         72   exit.o
         0          0          0          0          0          0   indicate_semi.o
        18          0          0          0          0         76   isspace.o
        44         10        272          0          0         76   lc_ctype_c.o
        44         10         28          0          0         76   lc_numeric_c.o
         2          0          0          0          0          0   libinit.o
        34          0          0          0          0          0   libinit2.o
         2          0          0          0          0          0   libshutdown.o
         2          0          0          0          0          0   libshutdown2.o
        72          0          0          0          0         76   llsdiv.o
        38          0          0          0          0         68   llshl.o
       238          0          0          0          0        100   lludivv7m.o
        16          4          0          0          0         76   rt_ctype_table.o
         8          4          0          0          4         68   rt_errno_addr.o
         8          4          0          0         20         68   rt_locale.o
        68          0          0          0          0         68   rt_memclr.o
        78          0          0          0          0         80   rt_memclr_w.o
       138          0          0          0          0         68   rt_memcpy_v6.o
       100          0          0          0          0         80   rt_memcpy_w.o
         0          0          0          0          0          0   rtentry.o
        12          0          0          0          0          0   rtentry2.o
         6          0          0          0          0          0   rtentry4.o
         2          0          0          0          0          0   rtexit.o
        10          0          0          0          0          0   rtexit2.o
      1202         12          0          0          0        216   scanf_fp.o
       792         14          0          0          0        100   scanf_hexfp.o
       308         16          0          0          0        100   scanf_infnan.o
        24          0          0          0          0         68   strcat.o
       128          0          0          0          0         68   strcmpv7m.o
        72          0          0          0          0         80   strcpy.o
        62          0          0          0          0         76   strlen.o
        36          0          0          0          0         76   strncat.o
       150          0          0          0          0         80   strncmp.o
        86          0          0          0          0         76   strncpy.o
        36          0          0          0          0         80   strstr.o
       160         12          0          0          0        120   strtod.o
       112          0          0          0          0         88   strtol.o
       114          0          0          0          0         92   strtoul.o
        12          4          0          0          0         68   sys_exit.o
         2          0          0          0          0         68   use_no_semi.o
        24          0          0          0          0        164   basic.o
        98          4          0          0          0        140   d2f.o
       826         16          0          0          0        492   daddsub_clz.o
        16          4          0          0          0        116   dcheck1.o
        24          0          0          0          0        116   dcmpi.o
       688        140          0          0          0        256   ddiv.o
       120          4          0          0          0        140   deqf.o
        94          4          0          0          0        140   dfix.o
        90          4          0          0          0        140   dfixu.o
        84          0          0          0          0        232   dflt_clz.o
       120          4          0          0          0        140   dleqf.o
       340         12          0          0          0        152   dmul.o
       156          4          0          0          0        140   dnaninf.o
        12          0          0          0          0        116   dretinf.o
       108          0          0          0          0        128   drleqf.o
        86          4          0          0          0        132   f2d.o
       140          4          0          0          0        132   fnaninf.o
         0          0          8          0          0          0   fpconst.o
        10          0          0          0          0        116   fpinit.o
        10          0          0          0          0        116   fretinf.o
       100          0          0          0          0        116   retnan.o
        92          0          0          0          0        116   scalbn.o
         4          0          0          0          0        116   scanf1.o
         8          0          0          0          0        132   scanf2.o
        48          0          0          0          0        116   trapv.o
         0          0          0          0          0          0   usenofp.o
        56         12          0          0          0        132   atof.o
        32          8          0          0          0        124   dunder.o
       140         22          0          0          0        132   frexp.o
       244         16          0          0          0        308   ldexp.o
       208          8          0          0          0        152   modf.o
       184         18          0          0          0        152   narrow.o
        92         16          0          0          0        320   boot.o
        22          0          0          0          0       1032   comp.o
       704         20          0          0          0        624   dispatch.o
        72          6          0          0          0        897   idletask.o
       112          6          0          0          0       1210   inittask.o
       762         70          0          0          0       6932   int.o
        20          6          0          0          0        563   int_inst.o
        48          6          0          0          0        746   int_unx.o
        16          6          0          0          0        600   int_vtab.o
      3726         84         34          0          0       7688   io_dopr.o
       168          4          0          0          0       1032   io_fopen.o
      2068         32          0          0          0       7550   io_fp.o
        58          0          0          0          0        728   io_fputc.o
        68         12          0          0          0        661   io_ghand.o
        32          4          0          0          0        547   io_init.o
        48          0          0          0          0        858   io_inst.o
       224          6          0          0          0       1254   io_instx.o
        80          0          0          0          0        852   io_ioctl.o
        52          4          0          0          0        637   io_pntf.o
       118          0          0          0          0        903   io_read.o
        62          4          0          0          0       1290   io_spr.o
        48          0          0          0          0        740   io_write.o
        20          4          0          0          0        551   kinetis_mpu.o
         0          0          0         12          0          0   linker_symbols.o
       924         52          0          0          0       7972   lwevent.o
      1962         84          0          0          0      15540   lwmem.o
       610         38          0          0          0       5550   lwsem.o
       700         68        160         12          0      42357   mqx.o
       200         12          0          0          0      61565   nvic.o
        26          0          0          0          0        704   psp_iinit.o
       198          0          0          0          0        997   psp_mat1.o
       190          0          0          0          0        981   psp_mat2.o
        76          0          0          0          0       1160   psp_mat3.o
       140         12          0          8          0        772   psp_mstiq.o
         6          0          0          0          0        432   psp_supp.o
        80          4          0          0          0        789   psp_tiad.o
       170          6          0          0          0       1457   psp_tims.o
        52          4          0          0          0        739   psp_tinm.o
        64          4          0          0          0        718   psp_tisu.o
       176          0          0          0          0       2796   queue.o
       208         20          0          0          0       1920   sc_irdyq.o
       106          4          0          0          0       1414   sched.o
       176          4          0          0          0       1720   stack_bu.o
         2          0          0          0          0        559   stack_de.o
      1752         56          0          0          0      51823   task.o
       504         36          0          0          0       3534   taskq.o
       756         42          0          0          0      24150   time.o

    ----------------------------------------------------------------------
     81168       3286       3868        208        256    1211240   Library Totals
       110          0         11          6          0          0   (incl. Padding)

    ----------------------------------------------------------------------

      Code (inc. data)   RO Data    RW Data    ZI Data      Debug   Library Name

     52386       2028       3207        170        232     934840   bsp.lib
      6812        234        448          0         24       3832   c_w.l
      3298        204          8          0          0       3704   fz_wm.l
       864         84          0          0          0       1000   m_wm.l
     17698        736        194         32          0     267864   psp.lib

    ----------------------------------------------------------------------
     81168       3286       3868        208        256    1211240   Library Totals

    ----------------------------------------------------------------------

==============================================================================


      Code (inc. data)   RO Data    RW Data    ZI Data      Debug   

    122228      13550       4688        476       6076    2257349   Grand Totals
    122228      13550       4688        164       6076    2257349   ELF Image Totals (compressed)
    122228      13550       4688        164          0          0   ROM Totals

==============================================================================

    Total RO  Size (Code + RO Data)               126916 ( 123.94kB)
    Total RW  Size (RW Data + ZI Data)              6552 (   6.40kB)
    Total ROM Size (Code + RO Data + RW Data)     127080 ( 124.10kB)

==============================================================================

